Archive member included to satisfy reference by file (symbol)

/Applications/ARM/bin/../lib/gcc/arm-none-eabi/10.2.1/../../../../arm-none-eabi/lib/thumb/v7-m/nofp/libstdc++.a(del_ops.o)
                              CMakeFiles/rc_remote.elf.dir/App/logger/logger.cpp.obj (operator delete(void*, unsigned int))
/Applications/ARM/bin/../lib/gcc/arm-none-eabi/10.2.1/../../../../arm-none-eabi/lib/thumb/v7-m/nofp/libstdc++.a(eh_arm.o)
                              CMakeFiles/rc_remote.elf.dir/App/logger/logger.cpp.obj (__cxa_end_cleanup)
/Applications/ARM/bin/../lib/gcc/arm-none-eabi/10.2.1/../../../../arm-none-eabi/lib/thumb/v7-m/nofp/libstdc++.a(eh_exception.o)
                              /Applications/ARM/bin/../lib/gcc/arm-none-eabi/10.2.1/../../../../arm-none-eabi/lib/thumb/v7-m/nofp/libstdc++.a(eh_arm.o) (typeinfo for __cxxabiv1::__forced_unwind)
/Applications/ARM/bin/../lib/gcc/arm-none-eabi/10.2.1/../../../../arm-none-eabi/lib/thumb/v7-m/nofp/libstdc++.a(eh_globals.o)
                              /Applications/ARM/bin/../lib/gcc/arm-none-eabi/10.2.1/../../../../arm-none-eabi/lib/thumb/v7-m/nofp/libstdc++.a(eh_arm.o) (__cxa_get_globals)
/Applications/ARM/bin/../lib/gcc/arm-none-eabi/10.2.1/../../../../arm-none-eabi/lib/thumb/v7-m/nofp/libstdc++.a(eh_personality.o)
                              CMakeFiles/rc_remote.elf.dir/App/logger/logger.cpp.obj (__gxx_personality_v0)
/Applications/ARM/bin/../lib/gcc/arm-none-eabi/10.2.1/../../../../arm-none-eabi/lib/thumb/v7-m/nofp/libstdc++.a(eh_terminate.o)
                              /Applications/ARM/bin/../lib/gcc/arm-none-eabi/10.2.1/../../../../arm-none-eabi/lib/thumb/v7-m/nofp/libstdc++.a(eh_arm.o) (std::terminate())
/Applications/ARM/bin/../lib/gcc/arm-none-eabi/10.2.1/../../../../arm-none-eabi/lib/thumb/v7-m/nofp/libstdc++.a(eh_unex_handler.o)
                              /Applications/ARM/bin/../lib/gcc/arm-none-eabi/10.2.1/../../../../arm-none-eabi/lib/thumb/v7-m/nofp/libstdc++.a(eh_terminate.o) (__cxxabiv1::__unexpected_handler)
/Applications/ARM/bin/../lib/gcc/arm-none-eabi/10.2.1/../../../../arm-none-eabi/lib/thumb/v7-m/nofp/libstdc++.a(new_op.o)
                              CMakeFiles/rc_remote.elf.dir/App/logger/logger.cpp.obj (operator new(unsigned int))
/Applications/ARM/bin/../lib/gcc/arm-none-eabi/10.2.1/../../../../arm-none-eabi/lib/thumb/v7-m/nofp/libstdc++.a(pure.o)
                              /Applications/ARM/bin/../lib/gcc/arm-none-eabi/10.2.1/../../../../arm-none-eabi/lib/thumb/v7-m/nofp/libstdc++.a(eh_exception.o) (__cxa_pure_virtual)
/Applications/ARM/bin/../lib/gcc/arm-none-eabi/10.2.1/../../../../arm-none-eabi/lib/thumb/v7-m/nofp/libstdc++.a(si_class_type_info.o)
                              /Applications/ARM/bin/../lib/gcc/arm-none-eabi/10.2.1/../../../../arm-none-eabi/lib/thumb/v7-m/nofp/libstdc++.a(eh_exception.o) (vtable for __cxxabiv1::__si_class_type_info)
/Applications/ARM/bin/../lib/gcc/arm-none-eabi/10.2.1/../../../../arm-none-eabi/lib/thumb/v7-m/nofp/libstdc++.a(tinfo.o)
                              /Applications/ARM/bin/../lib/gcc/arm-none-eabi/10.2.1/../../../../arm-none-eabi/lib/thumb/v7-m/nofp/libstdc++.a(si_class_type_info.o) (std::type_info::__is_pointer_p() const)
/Applications/ARM/bin/../lib/gcc/arm-none-eabi/10.2.1/../../../../arm-none-eabi/lib/thumb/v7-m/nofp/libstdc++.a(vterminate.o)
                              /Applications/ARM/bin/../lib/gcc/arm-none-eabi/10.2.1/../../../../arm-none-eabi/lib/thumb/v7-m/nofp/libstdc++.a(eh_terminate.o) (__gnu_cxx::__verbose_terminate_handler())
/Applications/ARM/bin/../lib/gcc/arm-none-eabi/10.2.1/../../../../arm-none-eabi/lib/thumb/v7-m/nofp/libstdc++.a(functexcept.o)
                              CMakeFiles/rc_remote.elf.dir/App/logger/logger.cpp.obj (std::__throw_bad_alloc())
/Applications/ARM/bin/../lib/gcc/arm-none-eabi/10.2.1/../../../../arm-none-eabi/lib/thumb/v7-m/nofp/libstdc++.a(snprintf_lite.o)
                              /Applications/ARM/bin/../lib/gcc/arm-none-eabi/10.2.1/../../../../arm-none-eabi/lib/thumb/v7-m/nofp/libstdc++.a(functexcept.o) (__gnu_cxx::__snprintf_lite(char*, unsigned int, char const*, std::__va_list))
/Applications/ARM/bin/../lib/gcc/arm-none-eabi/10.2.1/../../../../arm-none-eabi/lib/thumb/v7-m/nofp/libstdc++.a(bad_alloc.o)
                              /Applications/ARM/bin/../lib/gcc/arm-none-eabi/10.2.1/../../../../arm-none-eabi/lib/thumb/v7-m/nofp/libstdc++.a(new_op.o) (std::bad_alloc::~bad_alloc())
/Applications/ARM/bin/../lib/gcc/arm-none-eabi/10.2.1/../../../../arm-none-eabi/lib/thumb/v7-m/nofp/libstdc++.a(bad_cast.o)
                              /Applications/ARM/bin/../lib/gcc/arm-none-eabi/10.2.1/../../../../arm-none-eabi/lib/thumb/v7-m/nofp/libstdc++.a(functexcept.o) (std::bad_cast::~bad_cast())
/Applications/ARM/bin/../lib/gcc/arm-none-eabi/10.2.1/../../../../arm-none-eabi/lib/thumb/v7-m/nofp/libstdc++.a(bad_typeid.o)
[...]
Memory Configuration

Name             Origin             Length             Attributes
RAM              0x0000000020000000 0x0000000000008000 xrw
FLASH            0x0000000008000000 0x0000000000020000 xr
*default*        0x0000000000000000 0xffffffffffffffff

Linker script and memory map

LOAD /Applications/ARM/bin/../lib/gcc/arm-none-eabi/10.2.1/thumb/v7-m/nofp/crti.o
LOAD /Applications/ARM/bin/../lib/gcc/arm-none-eabi/10.2.1/thumb/v7-m/nofp/crtbegin.o
LOAD /Applications/ARM/bin/../lib/gcc/arm-none-eabi/10.2.1/../../../../arm-none-eabi/lib/thumb/v7-m/nofp/crt0.o
LOAD CMakeFiles/rc_remote.elf.dir/App/gpio/gpioApp.cpp.obj
LOAD CMakeFiles/rc_remote.elf.dir/App/logger/logger.cpp.obj
LOAD CMakeFiles/rc_remote.elf.dir/App/nrf24/drivers/nrf24.c.obj
LOAD CMakeFiles/rc_remote.elf.dir/App/nrf24/radioClass.cpp.obj
LOAD CMakeFiles/rc_remote.elf.dir/App/nrf24/radioTask.cpp.obj
LOAD CMakeFiles/rc_remote.elf.dir/Core/Src/adc.c.obj
LOAD CMakeFiles/rc_remote.elf.dir/Core/Src/dma.c.obj
LOAD CMakeFiles/rc_remote.elf.dir/Core/Src/freertos.c.obj
LOAD CMakeFiles/rc_remote.elf.dir/Core/Src/gpio.c.obj
LOAD CMakeFiles/rc_remote.elf.dir/Core/Src/main.cpp.obj
LOAD CMakeFiles/rc_remote.elf.dir/Core/Src/spi.c.obj
LOAD CMakeFiles/rc_remote.elf.dir/Core/Src/stm32l1xx_hal_msp.c.obj
LOAD CMakeFiles/rc_remote.elf.dir/Core/Src/stm32l1xx_hal_timebase_tim.c.obj
LOAD CMakeFiles/rc_remote.elf.dir/Core/Src/stm32l1xx_it.c.obj
LOAD CMakeFiles/rc_remote.elf.dir/Core/Src/syscalls.c.obj
LOAD CMakeFiles/rc_remote.elf.dir/Core/Src/system_stm32l1xx.c.obj
LOAD CMakeFiles/rc_remote.elf.dir/Core/Src/usart.c.obj
LOAD CMakeFiles/rc_remote.elf.dir/Core/Src/usb.c.obj
LOAD CMakeFiles/rc_remote.elf.dir/Drivers/STM32L1xx_HAL_Driver/Src/stm32l1xx_hal.c.obj
LOAD CMakeFiles/rc_remote.elf.dir/Drivers/STM32L1xx_HAL_Driver/Src/stm32l1xx_hal_adc.c.obj
LOAD CMakeFiles/rc_remote.elf.dir/Drivers/STM32L1xx_HAL_Driver/Src/stm32l1xx_hal_adc_ex.c.obj
LOAD CMakeFiles/rc_remote.elf.dir/Drivers/STM32L1xx_HAL_Driver/Src/stm32l1xx_hal_cortex.c.obj
LOAD CMakeFiles/rc_remote.elf.dir/Drivers/STM32L1xx_HAL_Driver/Src/stm32l1xx_hal_dma.c.obj
LOAD CMakeFiles/rc_remote.elf.dir/Drivers/STM32L1xx_HAL_Driver/Src/stm32l1xx_hal_exti.c.obj
LOAD CMakeFiles/rc_remote.elf.dir/Drivers/STM32L1xx_HAL_Driver/Src/stm32l1xx_hal_flash.c.obj
LOAD CMakeFiles/rc_remote.elf.dir/Drivers/STM32L1xx_HAL_Driver/Src/stm32l1xx_hal_flash_ex.c.obj
LOAD CMakeFiles/rc_remote.elf.dir/Drivers/STM32L1xx_HAL_Driver/Src/stm32l1xx_hal_flash_ramfunc.c.obj
LOAD CMakeFiles/rc_remote.elf.dir/Drivers/STM32L1xx_HAL_Driver/Src/stm32l1xx_hal_gpio.c.obj
LOAD CMakeFiles/rc_remote.elf.dir/Drivers/STM32L1xx_HAL_Driver/Src/stm32l1xx_hal_pcd.c.obj
LOAD CMakeFiles/rc_remote.elf.dir/Drivers/STM32L1xx_HAL_Driver/Src/stm32l1xx_hal_pcd_ex.c.obj
LOAD CMakeFiles/rc_remote.elf.dir/Drivers/STM32L1xx_HAL_Driver/Src/stm32l1xx_hal_pwr.c.obj
LOAD CMakeFiles/rc_remote.elf.dir/Drivers/STM32L1xx_HAL_Driver/Src/stm32l1xx_hal_pwr_ex.c.obj
LOAD CMakeFiles/rc_remote.elf.dir/Drivers/STM32L1xx_HAL_Driver/Src/stm32l1xx_hal_rcc.c.obj
LOAD CMakeFiles/rc_remote.elf.dir/Drivers/STM32L1xx_HAL_Driver/Src/stm32l1xx_hal_rcc_ex.c.obj
LOAD CMakeFiles/rc_remote.elf.dir/Drivers/STM32L1xx_HAL_Driver/Src/stm32l1xx_hal_spi.c.obj
LOAD CMakeFiles/rc_remote.elf.dir/Drivers/STM32L1xx_HAL_Driver/Src/stm32l1xx_hal_tim.c.obj
LOAD CMakeFiles/rc_remote.elf.dir/Drivers/STM32L1xx_HAL_Driver/Src/stm32l1xx_hal_tim_ex.c.obj
LOAD CMakeFiles/rc_remote.elf.dir/Drivers/STM32L1xx_HAL_Driver/Src/stm32l1xx_hal_uart.c.obj
LOAD CMakeFiles/rc_remote.elf.dir/Drivers/STM32L1xx_HAL_Driver/Src/stm32l1xx_ll_usb.c.obj
LOAD CMakeFiles/rc_remote.elf.dir/Middlewares/Third_Party/FreeRTOS/Source/CMSIS_RTOS_V2/cmsis_os2.c.obj
LOAD CMakeFiles/rc_remote.elf.dir/Middlewares/Third_Party/FreeRTOS/Source/croutine.c.obj
LOAD CMakeFiles/rc_remote.elf.dir/Middlewares/Third_Party/FreeRTOS/Source/event_groups.c.obj
LOAD CMakeFiles/rc_remote.elf.dir/Middlewares/Third_Party/FreeRTOS/Source/list.c.obj
LOAD CMakeFiles/rc_remote.elf.dir/Middlewares/Third_Party/FreeRTOS/Source/portable/GCC/ARM_CM3/port.c.obj
LOAD CMakeFiles/rc_remote.elf.dir/Middlewares/Third_Party/FreeRTOS/Source/portable/MemMang/heap_4.c.obj
LOAD CMakeFiles/rc_remote.elf.dir/Middlewares/Third_Party/FreeRTOS/Source/queue.c.obj
LOAD CMakeFiles/rc_remote.elf.dir/Middlewares/Third_Party/FreeRTOS/Source/stream_buffer.c.obj
LOAD CMakeFiles/rc_remote.elf.dir/Middlewares/Third_Party/FreeRTOS/Source/tasks.c.obj
LOAD CMakeFiles/rc_remote.elf.dir/Middlewares/Third_Party/FreeRTOS/Source/timers.c.obj
LOAD CMakeFiles/rc_remote.elf.dir/startup/startup_stm32l151xba.s.obj
LOAD /Applications/ARM/bin/../lib/gcc/arm-none-eabi/10.2.1/../../../../arm-none-eabi/lib/thumb/v7-m/nofp/libstdc++.a
LOAD /Applications/ARM/bin/../lib/gcc/arm-none-eabi/10.2.1/../../../../arm-none-eabi/lib/thumb/v7-m/nofp/libm.a
START GROUP
LOAD /Applications/ARM/bin/../lib/gcc/arm-none-eabi/10.2.1/thumb/v7-m/nofp/libgcc.a
LOAD /Applications/ARM/bin/../lib/gcc/arm-none-eabi/10.2.1/../../../../arm-none-eabi/lib/thumb/v7-m/nofp/libg.a
LOAD /Applications/ARM/bin/../lib/gcc/arm-none-eabi/10.2.1/../../../../arm-none-eabi/lib/thumb/v7-m/nofp/libc.a
END GROUP
LOAD /Applications/ARM/bin/../lib/gcc/arm-none-eabi/10.2.1/thumb/v7-m/nofp/crtend.o
LOAD /Applications/ARM/bin/../lib/gcc/arm-none-eabi/10.2.1/thumb/v7-m/nofp/crtn.o
                0x0000000020008000                _estack = 0x20008000
                0x0000000000000200                _Min_Heap_Size = 0x200
                0x0000000000000400                _Min_Stack_Size = 0x400

.isr_vector     0x0000000008000000      0x13c
                0x0000000008000000                . = ALIGN (0x4)
 *(.isr_vector)
 .isr_vector    0x0000000008000000      0x13c CMakeFiles/rc_remote.elf.dir/startup/startup_stm32l151xba.s.obj
                0x0000000008000000                g_pfnVectors
                0x000000000800013c                . = ALIGN (0x4)

.text           0x0000000008000140    0x12e1c
                0x0000000008000140                . = ALIGN (0x4)
 *(.text)
 .text          0x0000000008000140       0x40 /Applications/ARM/bin/../lib/gcc/arm-none-eabi/10.2.1/thumb/v7-m/nofp/crtbegin.o
 .text          0x0000000008000180     0x5fd8 /Applications/ARM/bin/../lib/gcc/arm-none-eabi/10.2.1/../../../../arm-none-eabi/lib/thumb/v7-m/nofp/libstdc++.a(cp-demangle.o)
                0x0000000008006070                __cxa_demangle
                0x0000000008006134                __gcclibcxx_demangle_callback
 .text          0x0000000008006158       0x30 /Applications/ARM/bin/../lib/gcc/arm-none-eabi/10.2.1/thumb/v7-m/nofp/libgcc.a(_aeabi_uldivmod.o)
                0x0000000008006158                __aeabi_uldivmod
 .text          0x0000000008006188      0x2d4 /Applications/ARM/bin/../lib/gcc/arm-none-eabi/10.2.1/thumb/v7-m/nofp/libgcc.a(_udivmoddi4.o)
                0x0000000008006188                __udivmoddi4
 .text          0x000000000800645c      0x9e4 /Applications/ARM/bin/../lib/gcc/arm-none-eabi/10.2.1/thumb/v7-m/nofp/libgcc.a(unwind-arm.o)
                0x000000000800671c                _Unwind_GetCFA
                0x0000000008006720                __gnu_Unwind_RaiseException
                0x0000000008006788                __gnu_Unwind_ForcedUnwind
                0x000000000800679c                __gnu_Unwind_Resume
                0x00000000080067e0                __gnu_Unwind_Resume_or_Rethrow
                0x00000000080067f4                _Unwind_Complete
                0x00000000080067f8                _Unwind_DeleteException
                0x0000000008006804                _Unwind_VRS_Get
                0x0000000008006850                _Unwind_VRS_Set
                0x0000000008006898                __gnu_Unwind_Backtrace
                0x0000000008006bc0                __aeabi_unwind_cpp_pr0
                0x0000000008006bc4                __aeabi_unwind_cpp_pr1
                0x0000000008006bc8                __aeabi_unwind_cpp_pr2
                0x0000000008006bcc                _Unwind_VRS_Pop
 .text          0x0000000008006e40      0x1ac /Applications/ARM/bin/../lib/gcc/arm-none-eabi/10.2.1/thumb/v7-m/nofp/libgcc.a(libunwind.o)
                0x0000000008006e40                __restore_core_regs
                0x0000000008006e40                restore_core_regs
                0x0000000008006e58                __gnu_Unwind_Restore_VFP
                0x0000000008006e60                __gnu_Unwind_Save_VFP
                0x0000000008006e68                __gnu_Unwind_Restore_VFP_D
                0x0000000008006e70                __gnu_Unwind_Save_VFP_D
                0x0000000008006e78                __gnu_Unwind_Restore_VFP_D_16_to_31
                0x0000000008006e80                __gnu_Unwind_Save_VFP_D_16_to_31
                0x0000000008006e88                __gnu_Unwind_Restore_WMMXD
                0x0000000008006ecc                __gnu_Unwind_Save_WMMXD
                0x0000000008006f10                __gnu_Unwind_Restore_WMMXC
                0x0000000008006f24                __gnu_Unwind_Save_WMMXC
                0x0000000008006f38                _Unwind_RaiseException
                0x0000000008006f38                ___Unwind_RaiseException
                0x0000000008006f5c                ___Unwind_Resume
                0x0000000008006f5c                _Unwind_Resume
                0x0000000008006f80                ___Unwind_Resume_or_Rethrow
                0x0000000008006f80                _Unwind_Resume_or_Rethrow
                0x0000000008006fa4                _Unwind_ForcedUnwind
                0x0000000008006fa4                ___Unwind_ForcedUnwind
                0x0000000008006fc8                _Unwind_Backtrace
                0x0000000008006fc8                ___Unwind_Backtrace
 .text          0x0000000008006fec      0x38c /Applications/ARM/bin/../lib/gcc/arm-none-eabi/10.2.1/thumb/v7-m/nofp/libgcc.a(pr-support.o)
                0x0000000008007044                __gnu_unwind_execute
                0x0000000008007328                __gnu_unwind_frame
                0x0000000008007358                _Unwind_GetRegionStart
                0x0000000008007364                _Unwind_GetLanguageSpecificData
 .text          0x0000000008007378        0x4 /Applications/ARM/bin/../lib/gcc/arm-none-eabi/10.2.1/thumb/v7-m/nofp/libgcc.a(_dvmd_tls.o)
                0x0000000008007378                __aeabi_ldiv0
                0x0000000008007378                __aeabi_idiv0
 .text          0x000000000800737c       0xec /Applications/ARM/bin/../lib/gcc/arm-none-eabi/10.2.1/../../../../arm-none-eabi/lib/thumb/v7-m/nofp/libg.a(lib_a-memcpy.o)
                0x000000000800737c                memcpy
 .text          0x0000000008007468      0x1bc /Applications/ARM/bin/../lib/gcc/arm-none-eabi/10.2.1/../../../../arm-none-eabi/lib/thumb/v7-m/nofp/libg.a(lib_a-strcmp.o)
                0x0000000008007468                strcmp
 .text          0x0000000008007624      0x378 /Applications/ARM/bin/../lib/gcc/arm-none-eabi/10.2.1/thumb/v7-m/nofp/libgcc.a(_arm_addsubdf3.o)
                0x0000000008007624                __aeabi_drsub
                0x000000000800762c                __subdf3
                0x000000000800762c                __aeabi_dsub
                0x0000000008007630                __aeabi_dadd
                0x0000000008007630                __adddf3
                0x00000000080078a8                __aeabi_ui2d
                0x00000000080078a8                __floatunsidf
                0x00000000080078c8                __floatsidf
                0x00000000080078c8                __aeabi_i2d
                0x00000000080078ec                __extendsfdf2
                0x00000000080078ec                __aeabi_f2d
                0x0000000008007930                __aeabi_ul2d
                0x0000000008007930                __floatundidf
                0x0000000008007940                __aeabi_l2d
                0x0000000008007940                __floatdidf
 .text          0x000000000800799c      0x424 /Applications/ARM/bin/../lib/gcc/arm-none-eabi/10.2.1/thumb/v7-m/nofp/libgcc.a(_arm_muldivdf3.o)
                0x000000000800799c                __aeabi_dmul
                0x000000000800799c                __muldf3
                0x0000000008007bf0                __aeabi_ddiv
                0x0000000008007bf0                __divdf3
 .text          0x0000000008007dc0      0x110 /Applications/ARM/bin/../lib/gcc/arm-none-eabi/10.2.1/thumb/v7-m/nofp/libgcc.a(_arm_cmpdf2.o)
                0x0000000008007dc0                __gedf2
                0x0000000008007dc0                __gtdf2
                0x0000000008007dc8                __ledf2
                0x0000000008007dc8                __ltdf2
                0x0000000008007dd0                __cmpdf2
                0x0000000008007dd0                __eqdf2
                0x0000000008007dd0                __nedf2
                0x0000000008007e4c                __aeabi_cdrcmple
                0x0000000008007e5c                __aeabi_cdcmple
                0x0000000008007e5c                __aeabi_cdcmpeq
                0x0000000008007e6c                __aeabi_dcmpeq
                0x0000000008007e80                __aeabi_dcmplt
                0x0000000008007e94                __aeabi_dcmple
                0x0000000008007ea8                __aeabi_dcmpge
                0x0000000008007ebc                __aeabi_dcmpgt
 .text          0x0000000008007ed0       0x2c /Applications/ARM/bin/../lib/gcc/arm-none-eabi/10.2.1/thumb/v7-m/nofp/libgcc.a(_arm_unorddf2.o)
                0x0000000008007ed0                __aeabi_dcmpun
                0x0000000008007ed0                __unorddf2
 .text          0x0000000008007efc       0x50 /Applications/ARM/bin/../lib/gcc/arm-none-eabi/10.2.1/thumb/v7-m/nofp/libgcc.a(_arm_fixdfsi.o)
                0x0000000008007efc                __fixdfsi
                0x0000000008007efc                __aeabi_d2iz
 *(.text*)
 *fill*         0x0000000008007f4c        0x4 
 .text._ZN5NRF24C2Ev
                0x0000000008007f50       0x60 CMakeFiles/rc_remote.elf.dir/App/nrf24/radioClass.cpp.obj
                0x0000000008007f50                NRF24::NRF24()
                0x0000000008007f50                NRF24::NRF24()
 .text._ZN5NRF245WriteEPv
                0x0000000008007fb0       0x12 CMakeFiles/rc_remote.elf.dir/App/nrf24/radioClass.cpp.obj
                0x0000000008007fb0                NRF24::Write(void*)
 .text._ZN5NRF2411IsAvailableEv
                0x0000000008007fc2        0x8 CMakeFiles/rc_remote.elf.dir/App/nrf24/radioClass.cpp.obj
                0x0000000008007fc2                NRF24::IsAvailable()
 .text._ZN5NRF244ReadEPv
                0x0000000008007fca        0xc CMakeFiles/rc_remote.elf.dir/App/nrf24/radioClass.cpp.obj
                0x0000000008007fca                NRF24::Read(void*)
 *fill*         0x0000000008007fd6        0x2 
 .text.RadioTask
                0x0000000008007fd8       0x40 CMakeFiles/rc_remote.elf.dir/App/nrf24/radioTask.cpp.obj
                0x0000000008007fd8                RadioTask
 .text.MX_ADC_Init
                0x0000000008008018       0x6c CMakeFiles/rc_remote.elf.dir/Core/Src/adc.c.obj
                0x0000000008008018                MX_ADC_Init
 .text.HAL_ADC_MspInit
                0x0000000008008084       0x60 CMakeFiles/rc_remote.elf.dir/Core/Src/adc.c.obj
                0x0000000008008084                HAL_ADC_MspInit
 .text.MX_DMA_Init
                0x00000000080080e4       0x34 CMakeFiles/rc_remote.elf.dir/Core/Src/dma.c.obj
                0x00000000080080e4                MX_DMA_Init
 .text.StartDefaultTask
                0x0000000008008118        0xa CMakeFiles/rc_remote.elf.dir/Core/Src/freertos.c.obj
                0x0000000008008118                StartDefaultTask
 *fill*         0x0000000008008122        0x2 
 .text.MX_FREERTOS_Init
                0x0000000008008124       0x54 CMakeFiles/rc_remote.elf.dir/Core/Src/freertos.c.obj
                0x0000000008008124                MX_FREERTOS_Init
 .text.MX_GPIO_Init
                0x0000000008008178       0xec CMakeFiles/rc_remote.elf.dir/Core/Src/gpio.c.obj
                0x0000000008008178                MX_GPIO_Init
 .text.HAL_TIM_PeriodElapsedCallback
                0x0000000008008264       0x18 CMakeFiles/rc_remote.elf.dir/Core/Src/main.cpp.obj
                0x0000000008008264                HAL_TIM_PeriodElapsedCallback
 .text.Error_Handler
                0x000000000800827c        0x4 CMakeFiles/rc_remote.elf.dir/Core/Src/main.cpp.obj
                0x000000000800827c                Error_Handler
 .text.SystemClock_Config
                0x0000000008008280       0x80 CMakeFiles/rc_remote.elf.dir/Core/Src/main.cpp.obj
                0x0000000008008280                SystemClock_Config
 .text.main     0x0000000008008300       0x34 CMakeFiles/rc_remote.elf.dir/Core/Src/main.cpp.obj
                0x0000000008008300                main
 .text.MX_SPI1_Init
                0x0000000008008334       0x44 CMakeFiles/rc_remote.elf.dir/Core/Src/spi.c.obj
                0x0000000008008334                MX_SPI1_Init
 .text.MX_SPI2_Init
                0x0000000008008378       0x44 CMakeFiles/rc_remote.elf.dir/Core/Src/spi.c.obj
                0x0000000008008378                MX_SPI2_Init
 .text.HAL_SPI_MspInit
                0x00000000080083bc      0x118 CMakeFiles/rc_remote.elf.dir/Core/Src/spi.c.obj
                0x00000000080083bc                HAL_SPI_MspInit
 .text.HAL_MspInit
                0x00000000080084d4       0x54 CMakeFiles/rc_remote.elf.dir/Core/Src/stm32l1xx_hal_msp.c.obj
                0x00000000080084d4                HAL_MspInit
 .text.HAL_InitTick
                0x0000000008008528       0x78 CMakeFiles/rc_remote.elf.dir/Core/Src/stm32l1xx_hal_timebase_tim.c.obj
                0x0000000008008528                HAL_InitTick
 .text.NMI_Handler
                0x00000000080085a0        0x2 CMakeFiles/rc_remote.elf.dir/Core/Src/stm32l1xx_it.c.obj
                0x00000000080085a0                NMI_Handler
 .text.HardFault_Handler
                0x00000000080085a2        0x2 CMakeFiles/rc_remote.elf.dir/Core/Src/stm32l1xx_it.c.obj
                0x00000000080085a2                HardFault_Handler
 .text.MemManage_Handler
                0x00000000080085a4        0x2 CMakeFiles/rc_remote.elf.dir/Core/Src/stm32l1xx_it.c.obj
                0x00000000080085a4                MemManage_Handler
 .text.BusFault_Handler
                0x00000000080085a6        0x2 CMakeFiles/rc_remote.elf.dir/Core/Src/stm32l1xx_it.c.obj
                0x00000000080085a6                BusFault_Handler
 .text.UsageFault_Handler
                0x00000000080085a8        0x2 CMakeFiles/rc_remote.elf.dir/Core/Src/stm32l1xx_it.c.obj
                0x00000000080085a8                UsageFault_Handler
 .text.DebugMon_Handler
                0x00000000080085aa        0x2 CMakeFiles/rc_remote.elf.dir/Core/Src/stm32l1xx_it.c.obj
                0x00000000080085aa                DebugMon_Handler
 .text.DMA1_Channel5_IRQHandler
                0x00000000080085ac       0x10 CMakeFiles/rc_remote.elf.dir/Core/Src/stm32l1xx_it.c.obj
                0x00000000080085ac                DMA1_Channel5_IRQHandler
 .text.SPI1_IRQHandler
                0x00000000080085bc       0x10 CMakeFiles/rc_remote.elf.dir/Core/Src/stm32l1xx_it.c.obj
                0x00000000080085bc                SPI1_IRQHandler
 .text.SPI2_IRQHandler
                0x00000000080085cc       0x10 CMakeFiles/rc_remote.elf.dir/Core/Src/stm32l1xx_it.c.obj
                0x00000000080085cc                SPI2_IRQHandler
 .text.TIM6_IRQHandler
                0x00000000080085dc       0x10 CMakeFiles/rc_remote.elf.dir/Core/Src/stm32l1xx_it.c.obj
                0x00000000080085dc                TIM6_IRQHandler
 .text._getpid  0x00000000080085ec        0x4 CMakeFiles/rc_remote.elf.dir/Core/Src/syscalls.c.obj
                0x00000000080085ec                _getpid
 .text._kill    0x00000000080085f0       0x10 CMakeFiles/rc_remote.elf.dir/Core/Src/syscalls.c.obj
                0x00000000080085f0                _kill
 .text._exit    0x0000000008008600        0xc CMakeFiles/rc_remote.elf.dir/Core/Src/syscalls.c.obj
                0x0000000008008600                _exit
 .text._read    0x000000000800860c       0x20 CMakeFiles/rc_remote.elf.dir/Core/Src/syscalls.c.obj
                0x000000000800860c                _read
 .text._write   0x000000000800862c       0x1c CMakeFiles/rc_remote.elf.dir/Core/Src/syscalls.c.obj
                0x000000000800862c                _write
 .text._sbrk    0x0000000008008648       0x3c CMakeFiles/rc_remote.elf.dir/Core/Src/syscalls.c.obj
                0x0000000008008648                _sbrk
 .text._close   0x0000000008008684        0x6 CMakeFiles/rc_remote.elf.dir/Core/Src/syscalls.c.obj
                0x0000000008008684                _close
 .text._fstat   0x000000000800868a        0xa CMakeFiles/rc_remote.elf.dir/Core/Src/syscalls.c.obj
                0x000000000800868a                _fstat
 .text._isatty  0x0000000008008694        0x4 CMakeFiles/rc_remote.elf.dir/Core/Src/syscalls.c.obj
                0x0000000008008694                _isatty
 .text._lseek   0x0000000008008698        0x4 CMakeFiles/rc_remote.elf.dir/Core/Src/syscalls.c.obj
                0x0000000008008698                _lseek
 .text.SystemInit
                0x000000000800869c        0x2 CMakeFiles/rc_remote.elf.dir/Core/Src/system_stm32l1xx.c.obj
                0x000000000800869c                SystemInit
 *fill*         0x000000000800869e        0x2 
 .text.MX_USART1_UART_Init
                0x00000000080086a0       0x34 CMakeFiles/rc_remote.elf.dir/Core/Src/usart.c.obj
                0x00000000080086a0                MX_USART1_UART_Init
 .text.HAL_UART_MspInit
                0x00000000080086d4       0x6c CMakeFiles/rc_remote.elf.dir/Core/Src/usart.c.obj
                0x00000000080086d4                HAL_UART_MspInit
 .text.MX_USB_PCD_Init
                0x0000000008008740       0x30 CMakeFiles/rc_remote.elf.dir/Core/Src/usb.c.obj
                0x0000000008008740                MX_USB_PCD_Init
 .text.HAL_PCD_MspInit
                0x0000000008008770       0x2c CMakeFiles/rc_remote.elf.dir/Core/Src/usb.c.obj
                0x0000000008008770                HAL_PCD_MspInit
 .text.HAL_Init
                0x000000000800879c       0x1e CMakeFiles/rc_remote.elf.dir/Drivers/STM32L1xx_HAL_Driver/Src/stm32l1xx_hal.c.obj
                0x000000000800879c                HAL_Init
 *fill*         0x00000000080087ba        0x2 
 .text.HAL_IncTick
                0x00000000080087bc       0x18 CMakeFiles/rc_remote.elf.dir/Drivers/STM32L1xx_HAL_Driver/Src/stm32l1xx_hal.c.obj
                0x00000000080087bc                HAL_IncTick
 .text.HAL_GetTick
                0x00000000080087d4        0xc CMakeFiles/rc_remote.elf.dir/Drivers/STM32L1xx_HAL_Driver/Src/stm32l1xx_hal.c.obj
                0x00000000080087d4                HAL_GetTick
 .text.HAL_ADC_Init
                0x00000000080087e0      0x19c CMakeFiles/rc_remote.elf.dir/Drivers/STM32L1xx_HAL_Driver/Src/stm32l1xx_hal_adc.c.obj
                0x00000000080087e0                HAL_ADC_Init
 .text.HAL_ADC_ConfigChannel
                0x000000000800897c      0x198 CMakeFiles/rc_remote.elf.dir/Drivers/STM32L1xx_HAL_Driver/Src/stm32l1xx_hal_adc.c.obj
                0x000000000800897c                HAL_ADC_ConfigChannel
 .text.HAL_NVIC_SetPriorityGrouping
                0x0000000008008b14       0x24 CMakeFiles/rc_remote.elf.dir/Drivers/STM32L1xx_HAL_Driver/Src/stm32l1xx_hal_cortex.c.obj
                0x0000000008008b14                HAL_NVIC_SetPriorityGrouping
 .text.HAL_NVIC_SetPriority
                0x0000000008008b38       0x70 CMakeFiles/rc_remote.elf.dir/Drivers/STM32L1xx_HAL_Driver/Src/stm32l1xx_hal_cortex.c.obj
                0x0000000008008b38                HAL_NVIC_SetPriority
 .text.HAL_NVIC_EnableIRQ
                0x0000000008008ba8       0x1c CMakeFiles/rc_remote.elf.dir/Drivers/STM32L1xx_HAL_Driver/Src/stm32l1xx_hal_cortex.c.obj
                0x0000000008008ba8                HAL_NVIC_EnableIRQ
 .text.HAL_DMA_Init
                0x0000000008008bc4       0x6c CMakeFiles/rc_remote.elf.dir/Drivers/STM32L1xx_HAL_Driver/Src/stm32l1xx_hal_dma.c.obj
                0x0000000008008bc4                HAL_DMA_Init
 .text.HAL_DMA_Abort_IT
                0x0000000008008c30       0x50 CMakeFiles/rc_remote.elf.dir/Drivers/STM32L1xx_HAL_Driver/Src/stm32l1xx_hal_dma.c.obj
                0x0000000008008c30                HAL_DMA_Abort_IT
 .text.HAL_DMA_IRQHandler
                0x0000000008008c80       0xc4 CMakeFiles/rc_remote.elf.dir/Drivers/STM32L1xx_HAL_Driver/Src/stm32l1xx_hal_dma.c.obj
                0x0000000008008c80                HAL_DMA_IRQHandler
 .text.HAL_GPIO_Init
                0x0000000008008d44      0x1d0 CMakeFiles/rc_remote.elf.dir/Drivers/STM32L1xx_HAL_Driver/Src/stm32l1xx_hal_gpio.c.obj
                0x0000000008008d44                HAL_GPIO_Init
 .text.HAL_GPIO_WritePin
                0x0000000008008f14        0xc CMakeFiles/rc_remote.elf.dir/Drivers/STM32L1xx_HAL_Driver/Src/stm32l1xx_hal_gpio.c.obj
                0x0000000008008f14                HAL_GPIO_WritePin
 .text.HAL_PCD_Init
                0x0000000008008f20       0xd2 CMakeFiles/rc_remote.elf.dir/Drivers/STM32L1xx_HAL_Driver/Src/stm32l1xx_hal_pcd.c.obj
                0x0000000008008f20                HAL_PCD_Init
 *fill*         0x0000000008008ff2        0x2 
 .text.RCC_SetFlashLatencyFromMSIRange
                0x0000000008008ff4       0x90 CMakeFiles/rc_remote.elf.dir/Drivers/STM32L1xx_HAL_Driver/Src/stm32l1xx_hal_rcc.c.obj
 .text.HAL_RCC_OscConfig
                0x0000000008009084      0x4f8 CMakeFiles/rc_remote.elf.dir/Drivers/STM32L1xx_HAL_Driver/Src/stm32l1xx_hal_rcc.c.obj
                0x0000000008009084                HAL_RCC_OscConfig
 .text.HAL_RCC_GetSysClockFreq
                0x000000000800957c       0xd8 CMakeFiles/rc_remote.elf.dir/Drivers/STM32L1xx_HAL_Driver/Src/stm32l1xx_hal_rcc.c.obj
                0x000000000800957c                HAL_RCC_GetSysClockFreq
 .text.HAL_RCC_ClockConfig
                0x0000000008009654      0x1dc CMakeFiles/rc_remote.elf.dir/Drivers/STM32L1xx_HAL_Driver/Src/stm32l1xx_hal_rcc.c.obj
                0x0000000008009654                HAL_RCC_ClockConfig
 .text.HAL_RCC_GetHCLKFreq
                0x0000000008009830        0xc CMakeFiles/rc_remote.elf.dir/Drivers/STM32L1xx_HAL_Driver/Src/stm32l1xx_hal_rcc.c.obj
                0x0000000008009830                HAL_RCC_GetHCLKFreq
 .text.HAL_RCC_GetPCLK1Freq
                0x000000000800983c       0x20 CMakeFiles/rc_remote.elf.dir/Drivers/STM32L1xx_HAL_Driver/Src/stm32l1xx_hal_rcc.c.obj
                0x000000000800983c                HAL_RCC_GetPCLK1Freq
 .text.HAL_RCC_GetPCLK2Freq
                0x000000000800985c       0x20 CMakeFiles/rc_remote.elf.dir/Drivers/STM32L1xx_HAL_Driver/Src/stm32l1xx_hal_rcc.c.obj
                0x000000000800985c                HAL_RCC_GetPCLK2Freq
 .text.HAL_RCC_GetClockConfig
                0x000000000800987c       0x3c CMakeFiles/rc_remote.elf.dir/Drivers/STM32L1xx_HAL_Driver/Src/stm32l1xx_hal_rcc.c.obj
                0x000000000800987c                HAL_RCC_GetClockConfig
 .text.HAL_SPI_Init
                0x00000000080098b8       0xac CMakeFiles/rc_remote.elf.dir/Drivers/STM32L1xx_HAL_Driver/Src/stm32l1xx_hal_spi.c.obj
                0x00000000080098b8                HAL_SPI_Init
 .text.HAL_SPI_ErrorCallback
                0x0000000008009964        0x2 CMakeFiles/rc_remote.elf.dir/Drivers/STM32L1xx_HAL_Driver/Src/stm32l1xx_hal_spi.c.obj
                0x0000000008009964                HAL_SPI_ErrorCallback
 *fill*         0x0000000008009966        0x2 
 .text.HAL_SPI_IRQHandler
                0x0000000008009968      0x108 CMakeFiles/rc_remote.elf.dir/Drivers/STM32L1xx_HAL_Driver/Src/stm32l1xx_hal_spi.c.obj
                0x0000000008009968                HAL_SPI_IRQHandler
 .text.SPI_DMAAbortOnError
                0x0000000008009a70       0x10 CMakeFiles/rc_remote.elf.dir/Drivers/STM32L1xx_HAL_Driver/Src/stm32l1xx_hal_spi.c.obj
 .text.TIM_Base_SetConfig
                0x0000000008009a80       0x70 CMakeFiles/rc_remote.elf.dir/Drivers/STM32L1xx_HAL_Driver/Src/stm32l1xx_hal_tim.c.obj
 .text.HAL_TIM_Base_MspInit
                0x0000000008009af0        0x2 CMakeFiles/rc_remote.elf.dir/Drivers/STM32L1xx_HAL_Driver/Src/stm32l1xx_hal_tim.c.obj
                0x0000000008009af0                HAL_TIM_Base_MspInit
 .text.HAL_TIM_Base_Init
                0x0000000008009af2       0x48 CMakeFiles/rc_remote.elf.dir/Drivers/STM32L1xx_HAL_Driver/Src/stm32l1xx_hal_tim.c.obj
                0x0000000008009af2                HAL_TIM_Base_Init
 *fill*         0x0000000008009b3a        0x2 
 .text.HAL_TIM_Base_Start_IT
                0x0000000008009b3c       0x68 CMakeFiles/rc_remote.elf.dir/Drivers/STM32L1xx_HAL_Driver/Src/stm32l1xx_hal_tim.c.obj
                0x0000000008009b3c                HAL_TIM_Base_Start_IT
 .text.HAL_TIM_OC_DelayElapsedCallback
                0x0000000008009ba4        0x2 CMakeFiles/rc_remote.elf.dir/Drivers/STM32L1xx_HAL_Driver/Src/stm32l1xx_hal_tim.c.obj
                0x0000000008009ba4                HAL_TIM_OC_DelayElapsedCallback
 .text.HAL_TIM_IC_CaptureCallback
                0x0000000008009ba6        0x2 CMakeFiles/rc_remote.elf.dir/Drivers/STM32L1xx_HAL_Driver/Src/stm32l1xx_hal_tim.c.obj
                0x0000000008009ba6                HAL_TIM_IC_CaptureCallback
 .text.HAL_TIM_PWM_PulseFinishedCallback
                0x0000000008009ba8        0x2 CMakeFiles/rc_remote.elf.dir/Drivers/STM32L1xx_HAL_Driver/Src/stm32l1xx_hal_tim.c.obj
                0x0000000008009ba8                HAL_TIM_PWM_PulseFinishedCallback
 .text.HAL_TIM_TriggerCallback
                0x0000000008009baa        0x2 CMakeFiles/rc_remote.elf.dir/Drivers/STM32L1xx_HAL_Driver/Src/stm32l1xx_hal_tim.c.obj
                0x0000000008009baa                HAL_TIM_TriggerCallback
 .text.HAL_TIM_IRQHandler
                0x0000000008009bac      0x13a CMakeFiles/rc_remote.elf.dir/Drivers/STM32L1xx_HAL_Driver/Src/stm32l1xx_hal_tim.c.obj
                0x0000000008009bac                HAL_TIM_IRQHandler
 *fill*         0x0000000008009ce6        0x2 
 .text.UART_SetConfig
                0x0000000008009ce8       0xdc CMakeFiles/rc_remote.elf.dir/Drivers/STM32L1xx_HAL_Driver/Src/stm32l1xx_hal_uart.c.obj
 .text.HAL_UART_Init
                0x0000000008009dc4       0x5e CMakeFiles/rc_remote.elf.dir/Drivers/STM32L1xx_HAL_Driver/Src/stm32l1xx_hal_uart.c.obj
                0x0000000008009dc4                HAL_UART_Init
 .text.USB_DisableGlobalInt
                0x0000000008009e22       0x14 CMakeFiles/rc_remote.elf.dir/Drivers/STM32L1xx_HAL_Driver/Src/stm32l1xx_ll_usb.c.obj
                0x0000000008009e22                USB_DisableGlobalInt
 .text.USB_DevInit
                0x0000000008009e36       0x22 CMakeFiles/rc_remote.elf.dir/Drivers/STM32L1xx_HAL_Driver/Src/stm32l1xx_ll_usb.c.obj
                0x0000000008009e36                USB_DevInit
 .text.osKernelInitialize
                0x0000000008009e58       0x44 CMakeFiles/rc_remote.elf.dir/Middlewares/Third_Party/FreeRTOS/Source/CMSIS_RTOS_V2/cmsis_os2.c.obj
                0x0000000008009e58                osKernelInitialize
 .text.osKernelStart
                0x0000000008009e9c       0x4c CMakeFiles/rc_remote.elf.dir/Middlewares/Third_Party/FreeRTOS/Source/CMSIS_RTOS_V2/cmsis_os2.c.obj
                0x0000000008009e9c                osKernelStart
 .text.osKernelGetTickCount
                0x0000000008009ee8       0x2c CMakeFiles/rc_remote.elf.dir/Middlewares/Third_Party/FreeRTOS/Source/CMSIS_RTOS_V2/cmsis_os2.c.obj
                0x0000000008009ee8                osKernelGetTickCount
 .text.osThreadNew
                0x0000000008009f14       0xec CMakeFiles/rc_remote.elf.dir/Middlewares/Third_Party/FreeRTOS/Source/CMSIS_RTOS_V2/cmsis_os2.c.obj
                0x0000000008009f14                osThreadNew
 .text.osDelay  0x000000000800a000       0x44 CMakeFiles/rc_remote.elf.dir/Middlewares/Third_Party/FreeRTOS/Source/CMSIS_RTOS_V2/cmsis_os2.c.obj
                0x000000000800a000                osDelay
 .text.vApplicationGetIdleTaskMemory
                0x000000000800a044       0x18 CMakeFiles/rc_remote.elf.dir/Middlewares/Third_Party/FreeRTOS/Source/CMSIS_RTOS_V2/cmsis_os2.c.obj
                0x000000000800a044                vApplicationGetIdleTaskMemory
 .text.vApplicationGetTimerTaskMemory
                0x000000000800a05c       0x18 CMakeFiles/rc_remote.elf.dir/Middlewares/Third_Party/FreeRTOS/Source/CMSIS_RTOS_V2/cmsis_os2.c.obj
                0x000000000800a05c                vApplicationGetTimerTaskMemory
 .text.vListInitialise
                0x000000000800a074       0x16 CMakeFiles/rc_remote.elf.dir/Middlewares/Third_Party/FreeRTOS/Source/list.c.obj
                0x000000000800a074                vListInitialise
 .text.vListInitialiseItem
                0x000000000800a08a        0x6 CMakeFiles/rc_remote.elf.dir/Middlewares/Third_Party/FreeRTOS/Source/list.c.obj
                0x000000000800a08a                vListInitialiseItem
 .text.vListInsertEnd
                0x000000000800a090       0x16 CMakeFiles/rc_remote.elf.dir/Middlewares/Third_Party/FreeRTOS/Source/list.c.obj
                0x000000000800a090                vListInsertEnd
 .text.vListInsert
                0x000000000800a0a6       0x32 CMakeFiles/rc_remote.elf.dir/Middlewares/Third_Party/FreeRTOS/Source/list.c.obj
                0x000000000800a0a6                vListInsert
 .text.uxListRemove
                0x000000000800a0d8       0x26 CMakeFiles/rc_remote.elf.dir/Middlewares/Third_Party/FreeRTOS/Source/list.c.obj
                0x000000000800a0d8                uxListRemove
 *fill*         0x000000000800a0fe        0x2 
 .text.prvTaskExitError
                0x000000000800a100       0x40 CMakeFiles/rc_remote.elf.dir/Middlewares/Third_Party/FreeRTOS/Source/portable/GCC/ARM_CM3/port.c.obj
 .text.prvPortStartFirstTask
                0x000000000800a140       0x20 CMakeFiles/rc_remote.elf.dir/Middlewares/Third_Party/FreeRTOS/Source/portable/GCC/ARM_CM3/port.c.obj
 .text.pxPortInitialiseStack
                0x000000000800a160       0x24 CMakeFiles/rc_remote.elf.dir/Middlewares/Third_Party/FreeRTOS/Source/portable/GCC/ARM_CM3/port.c.obj
                0x000000000800a160                pxPortInitialiseStack
 *fill*         0x000000000800a184        0xc 
 .text.SVC_Handler
                0x000000000800a190       0x24 CMakeFiles/rc_remote.elf.dir/Middlewares/Third_Party/FreeRTOS/Source/portable/GCC/ARM_CM3/port.c.obj
                0x000000000800a190                SVC_Handler
 .text.vPortEnterCritical
                0x000000000800a1b4       0x44 CMakeFiles/rc_remote.elf.dir/Middlewares/Third_Party/FreeRTOS/Source/portable/GCC/ARM_CM3/port.c.obj
                0x000000000800a1b4                vPortEnterCritical
 .text.vPortExitCritical
                0x000000000800a1f8       0x2c CMakeFiles/rc_remote.elf.dir/Middlewares/Third_Party/FreeRTOS/Source/portable/GCC/ARM_CM3/port.c.obj
                0x000000000800a1f8                vPortExitCritical
 *fill*         0x000000000800a224        0xc 
 .text.PendSV_Handler
                0x000000000800a230       0x44 CMakeFiles/rc_remote.elf.dir/Middlewares/Third_Party/FreeRTOS/Source/portable/GCC/ARM_CM3/port.c.obj
                0x000000000800a230                PendSV_Handler
 .text.SysTick_Handler
                0x000000000800a274       0x2c CMakeFiles/rc_remote.elf.dir/Middlewares/Third_Party/FreeRTOS/Source/portable/GCC/ARM_CM3/port.c.obj
                0x000000000800a274                SysTick_Handler
 .text.vPortSetupTimerInterrupt
                0x000000000800a2a0       0x28 CMakeFiles/rc_remote.elf.dir/Middlewares/Third_Party/FreeRTOS/Source/portable/GCC/ARM_CM3/port.c.obj
                0x000000000800a2a0                vPortSetupTimerInterrupt
 .text.xPortStartScheduler
                0x000000000800a2c8       0xc0 CMakeFiles/rc_remote.elf.dir/Middlewares/Third_Party/FreeRTOS/Source/portable/GCC/ARM_CM3/port.c.obj
                0x000000000800a2c8                xPortStartScheduler
 .text.vPortValidateInterruptPriority
                0x000000000800a388       0x5c CMakeFiles/rc_remote.elf.dir/Middlewares/Third_Party/FreeRTOS/Source/portable/GCC/ARM_CM3/port.c.obj
                0x000000000800a388                vPortValidateInterruptPriority
 .text.prvHeapInit
                0x000000000800a3e4       0x64 CMakeFiles/rc_remote.elf.dir/Middlewares/Third_Party/FreeRTOS/Source/portable/MemMang/heap_4.c.obj
 .text.prvInsertBlockIntoFreeList
                0x000000000800a448       0x60 CMakeFiles/rc_remote.elf.dir/Middlewares/Third_Party/FreeRTOS/Source/portable/MemMang/heap_4.c.obj
 .text.pvPortMalloc
                0x000000000800a4a8       0xf0 CMakeFiles/rc_remote.elf.dir/Middlewares/Third_Party/FreeRTOS/Source/portable/MemMang/heap_4.c.obj
                0x000000000800a4a8                pvPortMalloc
 .text.vPortFree
                0x000000000800a598       0x70 CMakeFiles/rc_remote.elf.dir/Middlewares/Third_Party/FreeRTOS/Source/portable/MemMang/heap_4.c.obj
                0x000000000800a598                vPortFree
 .text.prvIsQueueFull
                0x000000000800a608       0x1e CMakeFiles/rc_remote.elf.dir/Middlewares/Third_Party/FreeRTOS/Source/queue.c.obj
 .text.prvIsQueueEmpty
                0x000000000800a626       0x1a CMakeFiles/rc_remote.elf.dir/Middlewares/Third_Party/FreeRTOS/Source/queue.c.obj
 .text.prvCopyDataToQueue
                0x000000000800a640       0x76 CMakeFiles/rc_remote.elf.dir/Middlewares/Third_Party/FreeRTOS/Source/queue.c.obj
 .text.prvCopyDataFromQueue
                0x000000000800a6b6       0x24 CMakeFiles/rc_remote.elf.dir/Middlewares/Third_Party/FreeRTOS/Source/queue.c.obj
 .text.prvUnlockQueue
                0x000000000800a6da       0x6e CMakeFiles/rc_remote.elf.dir/Middlewares/Third_Party/FreeRTOS/Source/queue.c.obj
 .text.xQueueGenericReset
                0x000000000800a748       0x84 CMakeFiles/rc_remote.elf.dir/Middlewares/Third_Party/FreeRTOS/Source/queue.c.obj
                0x000000000800a748                xQueueGenericReset
 .text.prvInitialiseNewQueue
                0x000000000800a7cc       0x22 CMakeFiles/rc_remote.elf.dir/Middlewares/Third_Party/FreeRTOS/Source/queue.c.obj
 .text.xQueueGenericCreateStatic
                0x000000000800a7ee       0x92 CMakeFiles/rc_remote.elf.dir/Middlewares/Third_Party/FreeRTOS/Source/queue.c.obj
                0x000000000800a7ee                xQueueGenericCreateStatic
 .text.xQueueGenericSend
                0x000000000800a880      0x188 CMakeFiles/rc_remote.elf.dir/Middlewares/Third_Party/FreeRTOS/Source/queue.c.obj
                0x000000000800a880                xQueueGenericSend
 .text.xQueueGenericSendFromISR
                0x000000000800aa08       0xcc CMakeFiles/rc_remote.elf.dir/Middlewares/Third_Party/FreeRTOS/Source/queue.c.obj
                0x000000000800aa08                xQueueGenericSendFromISR
 .text.xQueueReceive
                0x000000000800aad4      0x15e CMakeFiles/rc_remote.elf.dir/Middlewares/Third_Party/FreeRTOS/Source/queue.c.obj
                0x000000000800aad4                xQueueReceive
 *fill*         0x000000000800ac32        0x2 
 .text.vQueueAddToRegistry
                0x000000000800ac34       0x28 CMakeFiles/rc_remote.elf.dir/Middlewares/Third_Party/FreeRTOS/Source/queue.c.obj
                0x000000000800ac34                vQueueAddToRegistry
 .text.vQueueWaitForMessageRestricted
                0x000000000800ac5c       0x52 CMakeFiles/rc_remote.elf.dir/Middlewares/Third_Party/FreeRTOS/Source/queue.c.obj
                0x000000000800ac5c                vQueueWaitForMessageRestricted
 *fill*         0x000000000800acae        0x2 
 .text.prvResetNextTaskUnblockTime
                0x000000000800acb0       0x2c CMakeFiles/rc_remote.elf.dir/Middlewares/Third_Party/FreeRTOS/Source/tasks.c.obj
 .text.prvInitialiseNewTask
                0x000000000800acdc       0x9c CMakeFiles/rc_remote.elf.dir/Middlewares/Third_Party/FreeRTOS/Source/tasks.c.obj
 .text.prvInitialiseTaskLists
                0x000000000800ad78       0x68 CMakeFiles/rc_remote.elf.dir/Middlewares/Third_Party/FreeRTOS/Source/tasks.c.obj
 .text.prvAddNewTaskToReadyList
                0x000000000800ade0       0xac CMakeFiles/rc_remote.elf.dir/Middlewares/Third_Party/FreeRTOS/Source/tasks.c.obj
 .text.prvDeleteTCB
                0x000000000800ae8c       0x38 CMakeFiles/rc_remote.elf.dir/Middlewares/Third_Party/FreeRTOS/Source/tasks.c.obj
 .text.prvCheckTasksWaitingTermination
                0x000000000800aec4       0x4c CMakeFiles/rc_remote.elf.dir/Middlewares/Third_Party/FreeRTOS/Source/tasks.c.obj
 .text.prvIdleTask
                0x000000000800af10       0x28 CMakeFiles/rc_remote.elf.dir/Middlewares/Third_Party/FreeRTOS/Source/tasks.c.obj
 .text.prvAddCurrentTaskToDelayedList
                0x000000000800af38       0x7c CMakeFiles/rc_remote.elf.dir/Middlewares/Third_Party/FreeRTOS/Source/tasks.c.obj
 .text.xTaskCreateStatic
                0x000000000800afb4       0x74 CMakeFiles/rc_remote.elf.dir/Middlewares/Third_Party/FreeRTOS/Source/tasks.c.obj
                0x000000000800afb4                xTaskCreateStatic
 .text.xTaskCreate
                0x000000000800b028       0x68 CMakeFiles/rc_remote.elf.dir/Middlewares/Third_Party/FreeRTOS/Source/tasks.c.obj
                0x000000000800b028                xTaskCreate
 .text.vTaskStartScheduler
                0x000000000800b090       0x9c CMakeFiles/rc_remote.elf.dir/Middlewares/Third_Party/FreeRTOS/Source/tasks.c.obj
                0x000000000800b090                vTaskStartScheduler
 .text.vTaskSuspendAll
                0x000000000800b12c       0x10 CMakeFiles/rc_remote.elf.dir/Middlewares/Third_Party/FreeRTOS/Source/tasks.c.obj
                0x000000000800b12c                vTaskSuspendAll
 .text.xTaskGetTickCount
                0x000000000800b13c        0xc CMakeFiles/rc_remote.elf.dir/Middlewares/Third_Party/FreeRTOS/Source/tasks.c.obj
                0x000000000800b13c                xTaskGetTickCount
 .text.xTaskGetTickCountFromISR
                0x000000000800b148       0x10 CMakeFiles/rc_remote.elf.dir/Middlewares/Third_Party/FreeRTOS/Source/tasks.c.obj
                0x000000000800b148                xTaskGetTickCountFromISR
 .text.xTaskIncrementTick
                0x000000000800b158      0x118 CMakeFiles/rc_remote.elf.dir/Middlewares/Third_Party/FreeRTOS/Source/tasks.c.obj
                0x000000000800b158                xTaskIncrementTick
 .text.xTaskResumeAll
                0x000000000800b270       0xf8 CMakeFiles/rc_remote.elf.dir/Middlewares/Third_Party/FreeRTOS/Source/tasks.c.obj
                0x000000000800b270                xTaskResumeAll
 .text.vTaskDelay
                0x000000000800b368       0x4c CMakeFiles/rc_remote.elf.dir/Middlewares/Third_Party/FreeRTOS/Source/tasks.c.obj
                0x000000000800b368                vTaskDelay
 .text.vTaskSwitchContext
                0x000000000800b3b4       0x94 CMakeFiles/rc_remote.elf.dir/Middlewares/Third_Party/FreeRTOS/Source/tasks.c.obj
                0x000000000800b3b4                vTaskSwitchContext
 .text.vTaskPlaceOnEventList
                0x000000000800b448       0x30 CMakeFiles/rc_remote.elf.dir/Middlewares/Third_Party/FreeRTOS/Source/tasks.c.obj
                0x000000000800b448                vTaskPlaceOnEventList
 .text.vTaskPlaceOnEventListRestricted
                0x000000000800b478       0x38 CMakeFiles/rc_remote.elf.dir/Middlewares/Third_Party/FreeRTOS/Source/tasks.c.obj
                0x000000000800b478                vTaskPlaceOnEventListRestricted
 .text.xTaskRemoveFromEventList
                0x000000000800b4b0       0x8c CMakeFiles/rc_remote.elf.dir/Middlewares/Third_Party/FreeRTOS/Source/tasks.c.obj
                0x000000000800b4b0                xTaskRemoveFromEventList
 .text.vTaskInternalSetTimeOutState
                0x000000000800b53c       0x18 CMakeFiles/rc_remote.elf.dir/Middlewares/Third_Party/FreeRTOS/Source/tasks.c.obj
                0x000000000800b53c                vTaskInternalSetTimeOutState
 .text.xTaskCheckForTimeOut
                0x000000000800b554       0x84 CMakeFiles/rc_remote.elf.dir/Middlewares/Third_Party/FreeRTOS/Source/tasks.c.obj
                0x000000000800b554                xTaskCheckForTimeOut
 .text.vTaskMissedYield
                0x000000000800b5d8        0xc CMakeFiles/rc_remote.elf.dir/Middlewares/Third_Party/FreeRTOS/Source/tasks.c.obj
                0x000000000800b5d8                vTaskMissedYield
 .text.xTaskGetSchedulerState
                0x000000000800b5e4       0x20 CMakeFiles/rc_remote.elf.dir/Middlewares/Third_Party/FreeRTOS/Source/tasks.c.obj
                0x000000000800b5e4                xTaskGetSchedulerState
 .text.xTaskPriorityDisinherit
                0x000000000800b604       0x90 CMakeFiles/rc_remote.elf.dir/Middlewares/Third_Party/FreeRTOS/Source/tasks.c.obj
                0x000000000800b604                xTaskPriorityDisinherit
 .text.prvGetNextExpireTime
                0x000000000800b694       0x20 CMakeFiles/rc_remote.elf.dir/Middlewares/Third_Party/FreeRTOS/Source/timers.c.obj
 .text.prvInsertTimerInActiveList
                0x000000000800b6b4       0x48 CMakeFiles/rc_remote.elf.dir/Middlewares/Third_Party/FreeRTOS/Source/timers.c.obj
 .text.prvCheckForValidListAndQueue
                0x000000000800b6fc       0x70 CMakeFiles/rc_remote.elf.dir/Middlewares/Third_Party/FreeRTOS/Source/timers.c.obj
 .text.xTimerCreateTimerTask
                0x000000000800b76c       0x64 CMakeFiles/rc_remote.elf.dir/Middlewares/Third_Party/FreeRTOS/Source/timers.c.obj
                0x000000000800b76c                xTimerCreateTimerTask
 .text.xTimerGenericCommand
                0x000000000800b7d0       0x6c CMakeFiles/rc_remote.elf.dir/Middlewares/Third_Party/FreeRTOS/Source/timers.c.obj
                0x000000000800b7d0                xTimerGenericCommand
 .text.prvSwitchTimerLists
                0x000000000800b83c       0x78 CMakeFiles/rc_remote.elf.dir/Middlewares/Third_Party/FreeRTOS/Source/timers.c.obj
 .text.prvSampleTimeNow
                0x000000000800b8b4       0x2c CMakeFiles/rc_remote.elf.dir/Middlewares/Third_Party/FreeRTOS/Source/timers.c.obj
 .text.prvProcessExpiredTimer
                0x000000000800b8e0       0x60 CMakeFiles/rc_remote.elf.dir/Middlewares/Third_Party/FreeRTOS/Source/timers.c.obj
 .text.prvProcessTimerOrBlockTask
                0x000000000800b940       0x74 CMakeFiles/rc_remote.elf.dir/Middlewares/Third_Party/FreeRTOS/Source/timers.c.obj
 .text.prvProcessReceivedCommands
                0x000000000800b9b4       0xf8 CMakeFiles/rc_remote.elf.dir/Middlewares/Third_Party/FreeRTOS/Source/timers.c.obj
 .text.prvTimerTask
                0x000000000800baac       0x16 CMakeFiles/rc_remote.elf.dir/Middlewares/Third_Party/FreeRTOS/Source/timers.c.obj
 *fill*         0x000000000800bac2        0x2 
 .text.Reset_Handler
                0x000000000800bac4       0x48 CMakeFiles/rc_remote.elf.dir/startup/startup_stm32l151xba.s.obj
                0x000000000800bac4                Reset_Handler
 .text.Default_Handler
                0x000000000800bb0c        0x2 CMakeFiles/rc_remote.elf.dir/startup/startup_stm32l151xba.s.obj
                0x000000000800bb0c                I2C1_ER_IRQHandler
                0x000000000800bb0c                EXTI2_IRQHandler
                0x000000000800bb0c                TIM10_IRQHandler
                0x000000000800bb0c                USB_HP_IRQHandler
                0x000000000800bb0c                PVD_IRQHandler
                0x000000000800bb0c                EXTI3_IRQHandler
                0x000000000800bb0c                EXTI0_IRQHandler
                0x000000000800bb0c                I2C2_EV_IRQHandler
                0x000000000800bb0c                USB_FS_WKUP_IRQHandler
                0x000000000800bb0c                DMA1_Channel4_IRQHandler
                0x000000000800bb0c                ADC1_IRQHandler
                0x000000000800bb0c                USART3_IRQHandler
                0x000000000800bb0c                DMA1_Channel7_IRQHandler
                0x000000000800bb0c                TIM4_IRQHandler
                0x000000000800bb0c                I2C1_EV_IRQHandler
                0x000000000800bb0c                DMA1_Channel6_IRQHandler
                0x000000000800bb0c                TIM3_IRQHandler
                0x000000000800bb0c                RCC_IRQHandler
                0x000000000800bb0c                DMA1_Channel1_IRQHandler
                0x000000000800bb0c                Default_Handler
                0x000000000800bb0c                EXTI15_10_IRQHandler
                0x000000000800bb0c                TIM7_IRQHandler
                0x000000000800bb0c                EXTI9_5_IRQHandler
                0x000000000800bb0c                TIM9_IRQHandler
                0x000000000800bb0c                TAMPER_STAMP_IRQHandler
                0x000000000800bb0c                RTC_WKUP_IRQHandler
                0x000000000800bb0c                USB_LP_IRQHandler
                0x000000000800bb0c                EXTI4_IRQHandler
                0x000000000800bb0c                DMA1_Channel3_IRQHandler
                0x000000000800bb0c                COMP_IRQHandler
                0x000000000800bb0c                WWDG_IRQHandler
                0x000000000800bb0c                TIM2_IRQHandler
                0x000000000800bb0c                DAC_IRQHandler
                0x000000000800bb0c                EXTI1_IRQHandler
                0x000000000800bb0c                TIM11_IRQHandler
                0x000000000800bb0c                USART2_IRQHandler
                0x000000000800bb0c                I2C2_ER_IRQHandler
                0x000000000800bb0c                DMA1_Channel2_IRQHandler
                0x000000000800bb0c                FLASH_IRQHandler
                0x000000000800bb0c                USART1_IRQHandler
                0x000000000800bb0c                RTC_Alarm_IRQHandler
 *fill*         0x000000000800bb0e        0x2 
 .text._ZdlPvj  0x000000000800bb10        0x4 /Applications/ARM/bin/../lib/gcc/arm-none-eabi/10.2.1/../../../../arm-none-eabi/lib/thumb/v7-m/nofp/libstdc++.a(del_ops.o)
                0x000000000800bb10                operator delete(void*, unsigned int)
 .text.__cxa_end_cleanup
                0x000000000800bb14        0xc /Applications/ARM/bin/../lib/gcc/arm-none-eabi/10.2.1/../../../../arm-none-eabi/lib/thumb/v7-m/nofp/libstdc++.a(eh_arm.o)
                0x000000000800bb14                __cxa_end_cleanup
 .text.__cxa_type_match
                0x000000000800bb20       0xb4 /Applications/ARM/bin/../lib/gcc/arm-none-eabi/10.2.1/../../../../arm-none-eabi/lib/thumb/v7-m/nofp/libstdc++.a(eh_arm.o)
                0x000000000800bb20                __cxa_type_match
 .text.__cxa_begin_cleanup
                0x000000000800bbd4       0x64 /Applications/ARM/bin/../lib/gcc/arm-none-eabi/10.2.1/../../../../arm-none-eabi/lib/thumb/v7-m/nofp/libstdc++.a(eh_arm.o)
                0x000000000800bbd4                __cxa_begin_cleanup
 .text.__gnu_end_cleanup
                0x000000000800bc38       0x70 /Applications/ARM/bin/../lib/gcc/arm-none-eabi/10.2.1/../../../../arm-none-eabi/lib/thumb/v7-m/nofp/libstdc++.a(eh_arm.o)
                0x000000000800bc38                __gnu_end_cleanup
 .text._ZNSt13bad_exceptionD2Ev
                0x000000000800bca8        0x4 /Applications/ARM/bin/../lib/gcc/arm-none-eabi/10.2.1/../../../../arm-none-eabi/lib/thumb/v7-m/nofp/libstdc++.a(eh_exception.o)
                0x000000000800bca8                std::bad_exception::~bad_exception()
                0x000000000800bca8                std::bad_exception::~bad_exception()
 .text._ZNKSt13bad_exception4whatEv
                0x000000000800bcac        0x8 /Applications/ARM/bin/../lib/gcc/arm-none-eabi/10.2.1/../../../../arm-none-eabi/lib/thumb/v7-m/nofp/libstdc++.a(eh_exception.o)
                0x000000000800bcac                transaction clone for std::bad_exception::what() const
                0x000000000800bcac                std::bad_exception::what() const
 .text._ZNSt13bad_exceptionD0Ev
                0x000000000800bcb4       0x10 /Applications/ARM/bin/../lib/gcc/arm-none-eabi/10.2.1/../../../../arm-none-eabi/lib/thumb/v7-m/nofp/libstdc++.a(eh_exception.o)
                0x000000000800bcb4                std::bad_exception::~bad_exception()
 .text.__cxa_get_globals_fast
                0x000000000800bcc4        0x8 /Applications/ARM/bin/../lib/gcc/arm-none-eabi/10.2.1/../../../../arm-none-eabi/lib/thumb/v7-m/nofp/libstdc++.a(eh_globals.o)
                0x000000000800bcc4                __cxa_get_globals_fast
 .text.__cxa_get_globals
                0x000000000800bccc        0x8 /Applications/ARM/bin/../lib/gcc/arm-none-eabi/10.2.1/../../../../arm-none-eabi/lib/thumb/v7-m/nofp/libstdc++.a(eh_globals.o)
                0x000000000800bccc                __cxa_get_globals
 .text._ZL28read_encoded_value_with_basehjPKhPj
                0x000000000800bcd4       0xc0 /Applications/ARM/bin/../lib/gcc/arm-none-eabi/10.2.1/../../../../arm-none-eabi/lib/thumb/v7-m/nofp/libstdc++.a(eh_personality.o)
 .text._ZL21base_of_encoded_valuehP15_Unwind_Context
                0x000000000800bd94       0x48 /Applications/ARM/bin/../lib/gcc/arm-none-eabi/10.2.1/../../../../arm-none-eabi/lib/thumb/v7-m/nofp/libstdc++.a(eh_personality.o)
 .text._ZL17parse_lsda_headerP15_Unwind_ContextPKhP16lsda_header_info
                0x000000000800bddc       0x94 /Applications/ARM/bin/../lib/gcc/arm-none-eabi/10.2.1/../../../../arm-none-eabi/lib/thumb/v7-m/nofp/libstdc++.a(eh_personality.o)
 .text.__gxx_personality_v0
                0x000000000800be70      0x4a4 /Applications/ARM/bin/../lib/gcc/arm-none-eabi/10.2.1/../../../../arm-none-eabi/lib/thumb/v7-m/nofp/libstdc++.a(eh_personality.o)
                0x000000000800be70                __gxx_personality_v0
 .text._ZN10__cxxabiv111__terminateEPFvvE
                0x000000000800c314       0x28 /Applications/ARM/bin/../lib/gcc/arm-none-eabi/10.2.1/../../../../arm-none-eabi/lib/thumb/v7-m/nofp/libstdc++.a(eh_terminate.o)
                0x000000000800c314                __cxxabiv1::__terminate(void (*)())
 .text._ZSt9terminatev
                0x000000000800c33c       0x14 /Applications/ARM/bin/../lib/gcc/arm-none-eabi/10.2.1/../../../../arm-none-eabi/lib/thumb/v7-m/nofp/libstdc++.a(eh_terminate.o)
                0x000000000800c33c                std::terminate()
 .text._ZN10__cxxabiv112__unexpectedEPFvvE
                0x000000000800c350        0x8 /Applications/ARM/bin/../lib/gcc/arm-none-eabi/10.2.1/../../../../arm-none-eabi/lib/thumb/v7-m/nofp/libstdc++.a(eh_terminate.o)
                0x000000000800c350                __cxxabiv1::__unexpected(void (*)())
 .text._ZSt10unexpectedv
                0x000000000800c358       0x14 /Applications/ARM/bin/../lib/gcc/arm-none-eabi/10.2.1/../../../../arm-none-eabi/lib/thumb/v7-m/nofp/libstdc++.a(eh_terminate.o)
                0x000000000800c358                std::unexpected()
 .text._ZSt13get_terminatev
                0x000000000800c36c       0x10 /Applications/ARM/bin/../lib/gcc/arm-none-eabi/10.2.1/../../../../arm-none-eabi/lib/thumb/v7-m/nofp/libstdc++.a(eh_terminate.o)
                0x000000000800c36c                std::get_terminate()
 .text._ZSt14get_unexpectedv
                0x000000000800c37c       0x10 /Applications/ARM/bin/../lib/gcc/arm-none-eabi/10.2.1/../../../../arm-none-eabi/lib/thumb/v7-m/nofp/libstdc++.a(eh_terminate.o)
                0x000000000800c37c                std::get_unexpected()
 .text._ZN10__cxxabiv120__si_class_type_infoD2Ev
                0x000000000800c38c       0x14 /Applications/ARM/bin/../lib/gcc/arm-none-eabi/10.2.1/../../../../arm-none-eabi/lib/thumb/v7-m/nofp/libstdc++.a(si_class_type_info.o)
                0x000000000800c38c                __cxxabiv1::__si_class_type_info::~__si_class_type_info()
                0x000000000800c38c                __cxxabiv1::__si_class_type_info::~__si_class_type_info()
 .text._ZN10__cxxabiv120__si_class_type_infoD0Ev
                0x000000000800c3a0       0x1c /Applications/ARM/bin/../lib/gcc/arm-none-eabi/10.2.1/../../../../arm-none-eabi/lib/thumb/v7-m/nofp/libstdc++.a(si_class_type_info.o)
                0x000000000800c3a0                __cxxabiv1::__si_class_type_info::~__si_class_type_info()
 .text._ZNK10__cxxabiv120__si_class_type_info20__do_find_public_srcEiPKvPKNS_17__class_type_infoES2_
                0x000000000800c3bc       0x3c /Applications/ARM/bin/../lib/gcc/arm-none-eabi/10.2.1/../../../../arm-none-eabi/lib/thumb/v7-m/nofp/libstdc++.a(si_class_type_info.o)
                0x000000000800c3bc                __cxxabiv1::__si_class_type_info::__do_find_public_src(int, void const*, __cxxabiv1::__class_type_info const*, void const*) const
 .text._ZNK10__cxxabiv120__si_class_type_info12__do_dyncastEiNS_17__class_type_info10__sub_kindEPKS1_PKvS4_S6_RNS1_16__dyncast_resultE
                0x000000000800c3f8       0x84 /Applications/ARM/bin/../lib/gcc/arm-none-eabi/10.2.1/../../../../arm-none-eabi/lib/thumb/v7-m/nofp/libstdc++.a(si_class_type_info.o)
                0x000000000800c3f8                __cxxabiv1::__si_class_type_info::__do_dyncast(int, __cxxabiv1::__class_type_info::__sub_kind, __cxxabiv1::__class_type_info const*, void const*, __cxxabiv1::__class_type_info const*, void const*, __cxxabiv1::__class_type_info::__dyncast_result&) const
 .text._ZNK10__cxxabiv120__si_class_type_info11__do_upcastEPKNS_17__class_type_infoEPKvRNS1_15__upcast_resultE
                0x000000000800c47c       0x2c /Applications/ARM/bin/../lib/gcc/arm-none-eabi/10.2.1/../../../../arm-none-eabi/lib/thumb/v7-m/nofp/libstdc++.a(si_class_type_info.o)
                0x000000000800c47c                __cxxabiv1::__si_class_type_info::__do_upcast(__cxxabiv1::__class_type_info const*, void const*, __cxxabiv1::__class_type_info::__upcast_result&) const
 .text._ZNSt9type_infoD2Ev
                0x000000000800c4a8        0x4 /Applications/ARM/bin/../lib/gcc/arm-none-eabi/10.2.1/../../../../arm-none-eabi/lib/thumb/v7-m/nofp/libstdc++.a(tinfo.o)
                0x000000000800c4a8                std::type_info::~type_info()
                0x000000000800c4a8                std::type_info::~type_info()
 .text._ZNKSt9type_info14__is_pointer_pEv
                0x000000000800c4ac        0x4 /Applications/ARM/bin/../lib/gcc/arm-none-eabi/10.2.1/../../../../arm-none-eabi/lib/thumb/v7-m/nofp/libstdc++.a(tinfo.o)
                0x000000000800c4ac                std::type_info::__is_function_p() const
                0x000000000800c4ac                std::type_info::__is_pointer_p() const
 .text._ZNKSt9type_infoeqERKS_
                0x000000000800c4b0       0x2c /Applications/ARM/bin/../lib/gcc/arm-none-eabi/10.2.1/../../../../arm-none-eabi/lib/thumb/v7-m/nofp/libstdc++.a(tinfo.o)
                0x000000000800c4b0                std::type_info::operator==(std::type_info const&) const
 .text._ZN9__gnu_cxx27__verbose_terminate_handlerEv
                0x000000000800c4dc      0x10c /Applications/ARM/bin/../lib/gcc/arm-none-eabi/10.2.1/../../../../arm-none-eabi/lib/thumb/v7-m/nofp/libstdc++.a(vterminate.o)
                0x000000000800c4dc                __gnu_cxx::__verbose_terminate_handler()
 .text._ZNK10__cxxabiv117__class_type_info11__do_upcastEPKS0_PPv
                0x000000000800c5e8       0x34 /Applications/ARM/bin/../lib/gcc/arm-none-eabi/10.2.1/../../../../arm-none-eabi/lib/thumb/v7-m/nofp/libstdc++.a(class_type_info.o)
                0x000000000800c5e8                __cxxabiv1::__class_type_info::__do_upcast(__cxxabiv1::__class_type_info const*, void**) const
 .text._ZNK10__cxxabiv117__class_type_info20__do_find_public_srcEiPKvPKS0_S2_
                0x000000000800c61c        0xc /Applications/ARM/bin/../lib/gcc/arm-none-eabi/10.2.1/../../../../arm-none-eabi/lib/thumb/v7-m/nofp/libstdc++.a(class_type_info.o)
                0x000000000800c61c                __cxxabiv1::__class_type_info::__do_find_public_src(int, void const*, __cxxabiv1::__class_type_info const*, void const*) const
 .text._ZN10__cxxabiv117__class_type_infoD2Ev
                0x000000000800c628       0x14 /Applications/ARM/bin/../lib/gcc/arm-none-eabi/10.2.1/../../../../arm-none-eabi/lib/thumb/v7-m/nofp/libstdc++.a(class_type_info.o)
                0x000000000800c628                __cxxabiv1::__class_type_info::~__class_type_info()
                0x000000000800c628                __cxxabiv1::__class_type_info::~__class_type_info()
 .text._ZN10__cxxabiv117__class_type_infoD0Ev
                0x000000000800c63c       0x1c /Applications/ARM/bin/../lib/gcc/arm-none-eabi/10.2.1/../../../../arm-none-eabi/lib/thumb/v7-m/nofp/libstdc++.a(class_type_info.o)
                0x000000000800c63c                __cxxabiv1::__class_type_info::~__class_type_info()
 .text._ZNK10__cxxabiv117__class_type_info12__do_dyncastEiNS0_10__sub_kindEPKS0_PKvS3_S5_RNS0_16__dyncast_resultE
                0x000000000800c658       0x44 /Applications/ARM/bin/../lib/gcc/arm-none-eabi/10.2.1/../../../../arm-none-eabi/lib/thumb/v7-m/nofp/libstdc++.a(class_type_info.o)
                0x000000000800c658                __cxxabiv1::__class_type_info::__do_dyncast(int, __cxxabiv1::__class_type_info::__sub_kind, __cxxabiv1::__class_type_info const*, void const*, __cxxabiv1::__class_type_info const*, void const*, __cxxabiv1::__class_type_info::__dyncast_result&) const
 .text._ZNK10__cxxabiv117__class_type_info11__do_upcastEPKS0_PKvRNS0_15__upcast_resultE
                0x000000000800c69c       0x1c /Applications/ARM/bin/../lib/gcc/arm-none-eabi/10.2.1/../../../../arm-none-eabi/lib/thumb/v7-m/nofp/libstdc++.a(class_type_info.o)
                0x000000000800c69c                __cxxabiv1::__class_type_info::__do_upcast(__cxxabiv1::__class_type_info const*, void const*, __cxxabiv1::__class_type_info::__upcast_result&) const
 .text._ZNK10__cxxabiv117__class_type_info10__do_catchEPKSt9type_infoPPvj
                0x000000000800c6b8       0x2c /Applications/ARM/bin/../lib/gcc/arm-none-eabi/10.2.1/../../../../arm-none-eabi/lib/thumb/v7-m/nofp/libstdc++.a(class_type_info.o)
                0x000000000800c6b8                __cxxabiv1::__class_type_info::__do_catch(std::type_info const*, void**, unsigned int) const
 .text._ZdlPv   0x000000000800c6e4        0x4 /Applications/ARM/bin/../lib/gcc/arm-none-eabi/10.2.1/../../../../arm-none-eabi/lib/thumb/v7-m/nofp/libstdc++.a(del_op.o)
                0x000000000800c6e4                operator delete(void*)
 .text._ZN12_GLOBAL__N_14pool4freeEPv.constprop.0
                0x000000000800c6e8       0x84 /Applications/ARM/bin/../lib/gcc/arm-none-eabi/10.2.1/../../../../arm-none-eabi/lib/thumb/v7-m/nofp/libstdc++.a(eh_alloc.o)
 .text._ZN12_GLOBAL__N_14pool8allocateEj.constprop.0
                0x000000000800c76c       0x60 /Applications/ARM/bin/../lib/gcc/arm-none-eabi/10.2.1/../../../../arm-none-eabi/lib/thumb/v7-m/nofp/libstdc++.a(eh_alloc.o)
 .text.__cxa_allocate_exception
                0x000000000800c7cc       0x30 /Applications/ARM/bin/../lib/gcc/arm-none-eabi/10.2.1/../../../../arm-none-eabi/lib/thumb/v7-m/nofp/libstdc++.a(eh_alloc.o)
                0x000000000800c7cc                __cxa_allocate_exception
 .text.__cxa_free_exception
                0x000000000800c7fc       0x20 /Applications/ARM/bin/../lib/gcc/arm-none-eabi/10.2.1/../../../../arm-none-eabi/lib/thumb/v7-m/nofp/libstdc++.a(eh_alloc.o)
                0x000000000800c7fc                __cxa_free_exception
 .text.startup._GLOBAL__sub_I__ZN9__gnu_cxx9__freeresEv
                0x000000000800c81c       0x28 /Applications/ARM/bin/../lib/gcc/arm-none-eabi/10.2.1/../../../../arm-none-eabi/lib/thumb/v7-m/nofp/libstdc++.a(eh_alloc.o)
 .text._ZN10__cxxabiv1L24__is_gxx_exception_classEPc
                0x000000000800c844       0x3c /Applications/ARM/bin/../lib/gcc/arm-none-eabi/10.2.1/../../../../arm-none-eabi/lib/thumb/v7-m/nofp/libstdc++.a(eh_call.o)
 .text.__cxa_call_terminate
                0x000000000800c880       0x20 /Applications/ARM/bin/../lib/gcc/arm-none-eabi/10.2.1/../../../../arm-none-eabi/lib/thumb/v7-m/nofp/libstdc++.a(eh_call.o)
                0x000000000800c880                __cxa_call_terminate
 .text.unlikely.__cxa_call_unexpected
                0x000000000800c8a0       0xe8 /Applications/ARM/bin/../lib/gcc/arm-none-eabi/10.2.1/../../../../arm-none-eabi/lib/thumb/v7-m/nofp/libstdc++.a(eh_call.o)
                0x000000000800c8a0                __cxa_call_unexpected
 .text.__cxa_begin_catch
                0x000000000800c988       0x80 /Applications/ARM/bin/../lib/gcc/arm-none-eabi/10.2.1/../../../../arm-none-eabi/lib/thumb/v7-m/nofp/libstdc++.a(eh_catch.o)
                0x000000000800c988                __cxa_begin_catch
 .text.__cxa_end_catch
                0x000000000800ca08       0x88 /Applications/ARM/bin/../lib/gcc/arm-none-eabi/10.2.1/../../../../arm-none-eabi/lib/thumb/v7-m/nofp/libstdc++.a(eh_catch.o)
                0x000000000800ca08                __cxa_end_catch
 .text._ZL23__gxx_exception_cleanup19_Unwind_Reason_CodeP21_Unwind_Control_Block
                0x000000000800ca90       0x44 /Applications/ARM/bin/../lib/gcc/arm-none-eabi/10.2.1/../../../../arm-none-eabi/lib/thumb/v7-m/nofp/libstdc++.a(eh_throw.o)
 .text.__cxa_init_primary_exception
                0x000000000800cad4       0x58 /Applications/ARM/bin/../lib/gcc/arm-none-eabi/10.2.1/../../../../arm-none-eabi/lib/thumb/v7-m/nofp/libstdc++.a(eh_throw.o)
                0x000000000800cad4                __cxa_init_primary_exception
 .text.__cxa_throw
                0x000000000800cb2c       0x38 /Applications/ARM/bin/../lib/gcc/arm-none-eabi/10.2.1/../../../../arm-none-eabi/lib/thumb/v7-m/nofp/libstdc++.a(eh_throw.o)
                0x000000000800cb2c                __cxa_throw
 .text.__cxa_rethrow
                0x000000000800cb64       0x70 /Applications/ARM/bin/../lib/gcc/arm-none-eabi/10.2.1/../../../../arm-none-eabi/lib/thumb/v7-m/nofp/libstdc++.a(eh_throw.o)
                0x000000000800cb64                __cxa_rethrow
 .text.__cxa_current_exception_type
                0x000000000800cbd4       0x1c /Applications/ARM/bin/../lib/gcc/arm-none-eabi/10.2.1/../../../../arm-none-eabi/lib/thumb/v7-m/nofp/libstdc++.a(eh_type.o)
                0x000000000800cbd4                __cxa_current_exception_type
 .text.unlikely
                0x000000000800cbf0        0xc /Applications/ARM/bin/../lib/gcc/arm-none-eabi/10.2.1/thumb/v7-m/nofp/libgcc.a(pr-support.o)
                0x000000000800cbf0                _Unwind_GetDataRelBase
                0x000000000800cbf6                _Unwind_GetTextRelBase
 .text.abort    0x000000000800cbfc       0x10 /Applications/ARM/bin/../lib/gcc/arm-none-eabi/10.2.1/../../../../arm-none-eabi/lib/thumb/v7-m/nofp/libg.a(lib_a-abort.o)
                0x000000000800cbfc                abort
 .text.__errno  0x000000000800cc0c        0xc /Applications/ARM/bin/../lib/gcc/arm-none-eabi/10.2.1/../../../../arm-none-eabi/lib/thumb/v7-m/nofp/libg.a(lib_a-errno.o)
                0x000000000800cc0c                __errno
 .text.fputc    0x000000000800cc18       0x58 /Applications/ARM/bin/../lib/gcc/arm-none-eabi/10.2.1/../../../../arm-none-eabi/lib/thumb/v7-m/nofp/libg.a(lib_a-fputc.o)
                0x000000000800cc18                fputc
 .text._fputs_r
                0x000000000800cc70       0x88 /Applications/ARM/bin/../lib/gcc/arm-none-eabi/10.2.1/../../../../arm-none-eabi/lib/thumb/v7-m/nofp/libg.a(lib_a-fputs.o)
                0x000000000800cc70                _fputs_r
 .text.fputs    0x000000000800ccf8       0x14 /Applications/ARM/bin/../lib/gcc/arm-none-eabi/10.2.1/../../../../arm-none-eabi/lib/thumb/v7-m/nofp/libg.a(lib_a-fputs.o)
                0x000000000800ccf8                fputs
 .text.__sfvwrite_r
                0x000000000800cd0c      0x2f0 /Applications/ARM/bin/../lib/gcc/arm-none-eabi/10.2.1/../../../../arm-none-eabi/lib/thumb/v7-m/nofp/libg.a(lib_a-fvwrite.o)
                0x000000000800cd0c                __sfvwrite_r
 .text._fwrite_r
                0x000000000800cffc       0xa8 /Applications/ARM/bin/../lib/gcc/arm-none-eabi/10.2.1/../../../../arm-none-eabi/lib/thumb/v7-m/nofp/libg.a(lib_a-fwrite.o)
                0x000000000800cffc                _fwrite_r
 .text.fwrite   0x000000000800d0a4       0x24 /Applications/ARM/bin/../lib/gcc/arm-none-eabi/10.2.1/../../../../arm-none-eabi/lib/thumb/v7-m/nofp/libg.a(lib_a-fwrite.o)
                0x000000000800d0a4                fwrite
 .text.__libc_init_array
                0x000000000800d0c8       0x48 /Applications/ARM/bin/../lib/gcc/arm-none-eabi/10.2.1/../../../../arm-none-eabi/lib/thumb/v7-m/nofp/libg.a(lib_a-init.o)
                0x000000000800d0c8                __libc_init_array
 .text.__retarget_lock_init_recursive
                0x000000000800d110        0x4 /Applications/ARM/bin/../lib/gcc/arm-none-eabi/10.2.1/../../../../arm-none-eabi/lib/thumb/v7-m/nofp/libg.a(lib_a-lock.o)
                0x000000000800d110                __retarget_lock_init_recursive
 .text.__retarget_lock_close_recursive
                0x000000000800d114        0x4 /Applications/ARM/bin/../lib/gcc/arm-none-eabi/10.2.1/../../../../arm-none-eabi/lib/thumb/v7-m/nofp/libg.a(lib_a-lock.o)
                0x000000000800d114                __retarget_lock_close_recursive
 .text.__retarget_lock_acquire_recursive
                0x000000000800d118        0x4 /Applications/ARM/bin/../lib/gcc/arm-none-eabi/10.2.1/../../../../arm-none-eabi/lib/thumb/v7-m/nofp/libg.a(lib_a-lock.o)
                0x000000000800d118                __retarget_lock_acquire_recursive
 .text.__retarget_lock_release_recursive
                0x000000000800d11c        0x4 /Applications/ARM/bin/../lib/gcc/arm-none-eabi/10.2.1/../../../../arm-none-eabi/lib/thumb/v7-m/nofp/libg.a(lib_a-lock.o)
                0x000000000800d11c                __retarget_lock_release_recursive
 .text.malloc   0x000000000800d120       0x10 /Applications/ARM/bin/../lib/gcc/arm-none-eabi/10.2.1/../../../../arm-none-eabi/lib/thumb/v7-m/nofp/libg.a(lib_a-malloc.o)
                0x000000000800d120                malloc
 .text.free     0x000000000800d130       0x10 /Applications/ARM/bin/../lib/gcc/arm-none-eabi/10.2.1/../../../../arm-none-eabi/lib/thumb/v7-m/nofp/libg.a(lib_a-malloc.o)
                0x000000000800d130                free
 .text._malloc_r
                0x000000000800d140      0x558 /Applications/ARM/bin/../lib/gcc/arm-none-eabi/10.2.1/../../../../arm-none-eabi/lib/thumb/v7-m/nofp/libg.a(lib_a-mallocr.o)
                0x000000000800d140                _malloc_r
 .text.memchr   0x000000000800d698       0x90 /Applications/ARM/bin/../lib/gcc/arm-none-eabi/10.2.1/../../../../arm-none-eabi/lib/thumb/v7-m/nofp/libg.a(lib_a-memchr-stub.o)
                0x000000000800d698                memchr
 .text.memcmp   0x000000000800d728       0x68 /Applications/ARM/bin/../lib/gcc/arm-none-eabi/10.2.1/../../../../arm-none-eabi/lib/thumb/v7-m/nofp/libg.a(lib_a-memcmp.o)
                0x000000000800d728                memcmp
 .text.memmove  0x000000000800d790       0xf8 /Applications/ARM/bin/../lib/gcc/arm-none-eabi/10.2.1/../../../../arm-none-eabi/lib/thumb/v7-m/nofp/libg.a(lib_a-memmove.o)
                0x000000000800d790                memmove
 .text.memset   0x000000000800d888       0xa4 /Applications/ARM/bin/../lib/gcc/arm-none-eabi/10.2.1/../../../../arm-none-eabi/lib/thumb/v7-m/nofp/libg.a(lib_a-memset.o)
                0x000000000800d888                memset
 .text.__malloc_lock
                0x000000000800d92c        0xc /Applications/ARM/bin/../lib/gcc/arm-none-eabi/10.2.1/../../../../arm-none-eabi/lib/thumb/v7-m/nofp/libg.a(lib_a-mlock.o)
                0x000000000800d92c                __malloc_lock
 .text.__malloc_unlock
                0x000000000800d938        0xc /Applications/ARM/bin/../lib/gcc/arm-none-eabi/10.2.1/../../../../arm-none-eabi/lib/thumb/v7-m/nofp/libg.a(lib_a-mlock.o)
                0x000000000800d938                __malloc_unlock
 .text._putc_r  0x000000000800d944       0x74 /Applications/ARM/bin/../lib/gcc/arm-none-eabi/10.2.1/../../../../arm-none-eabi/lib/thumb/v7-m/nofp/libg.a(lib_a-putc.o)
                0x000000000800d944                _putc_r
 .text.realloc  0x000000000800d9b8       0x14 /Applications/ARM/bin/../lib/gcc/arm-none-eabi/10.2.1/../../../../arm-none-eabi/lib/thumb/v7-m/nofp/libg.a(lib_a-realloc.o)
                0x000000000800d9b8                realloc
 .text._realloc_r
                0x000000000800d9cc      0x3dc /Applications/ARM/bin/../lib/gcc/arm-none-eabi/10.2.1/../../../../arm-none-eabi/lib/thumb/v7-m/nofp/libg.a(lib_a-reallocr.o)
                0x000000000800d9cc                _realloc_r
 .text._sbrk_r  0x000000000800dda8       0x24 /Applications/ARM/bin/../lib/gcc/arm-none-eabi/10.2.1/../../../../arm-none-eabi/lib/thumb/v7-m/nofp/libg.a(lib_a-sbrkr.o)
                0x000000000800dda8                _sbrk_r
 .text.raise    0x000000000800ddcc       0x5c /Applications/ARM/bin/../lib/gcc/arm-none-eabi/10.2.1/../../../../arm-none-eabi/lib/thumb/v7-m/nofp/libg.a(lib_a-signal.o)
                0x000000000800ddcc                raise
 .text._kill_r  0x000000000800de28       0x28 /Applications/ARM/bin/../lib/gcc/arm-none-eabi/10.2.1/../../../../arm-none-eabi/lib/thumb/v7-m/nofp/libg.a(lib_a-signalr.o)
                0x000000000800de28                _kill_r
 .text._getpid_r
                0x000000000800de50        0x4 /Applications/ARM/bin/../lib/gcc/arm-none-eabi/10.2.1/../../../../arm-none-eabi/lib/thumb/v7-m/nofp/libg.a(lib_a-signalr.o)
                0x000000000800de50                _getpid_r
 .text.sprintf  0x000000000800de54       0x44 /Applications/ARM/bin/../lib/gcc/arm-none-eabi/10.2.1/../../../../arm-none-eabi/lib/thumb/v7-m/nofp/libg.a(lib_a-sprintf.o)
                0x000000000800de54                sprintf
 .text.strlen   0x000000000800de98       0x5c /Applications/ARM/bin/../lib/gcc/arm-none-eabi/10.2.1/../../../../arm-none-eabi/lib/thumb/v7-m/nofp/libg.a(lib_a-strlen-stub.o)
                0x000000000800de98                strlen
 .text.strncmp  0x000000000800def4       0x7c /Applications/ARM/bin/../lib/gcc/arm-none-eabi/10.2.1/../../../../arm-none-eabi/lib/thumb/v7-m/nofp/libg.a(lib_a-strncmp.o)
                0x000000000800def4                strncmp
 .text._svfprintf_r
                0x000000000800df70     0x1aa4 /Applications/ARM/bin/../lib/gcc/arm-none-eabi/10.2.1/../../../../arm-none-eabi/lib/thumb/v7-m/nofp/libg.a(lib_a-svfprintf.o)
                0x000000000800df70                _svfprintf_r
 .text.__swbuf_r
                0x000000000800fa14       0xb0 /Applications/ARM/bin/../lib/gcc/arm-none-eabi/10.2.1/../../../../arm-none-eabi/lib/thumb/v7-m/nofp/libg.a(lib_a-wbuf.o)
                0x000000000800fa14                __swbuf_r
 .text._write_r
                0x000000000800fac4       0x2c /Applications/ARM/bin/../lib/gcc/arm-none-eabi/10.2.1/../../../../arm-none-eabi/lib/thumb/v7-m/nofp/libg.a(lib_a-writer.o)
                0x000000000800fac4                _write_r
 .text.__swsetup_r
                0x000000000800faf0       0xd4 /Applications/ARM/bin/../lib/gcc/arm-none-eabi/10.2.1/../../../../arm-none-eabi/lib/thumb/v7-m/nofp/libg.a(lib_a-wsetup.o)
                0x000000000800faf0                __swsetup_r
 .text.startup.register_fini
                0x000000000800fbc4       0x14 /Applications/ARM/bin/../lib/gcc/arm-none-eabi/10.2.1/../../../../arm-none-eabi/lib/thumb/v7-m/nofp/libg.a(lib_a-__call_atexit.o)
 .text.atexit   0x000000000800fbd8        0xc /Applications/ARM/bin/../lib/gcc/arm-none-eabi/10.2.1/../../../../arm-none-eabi/lib/thumb/v7-m/nofp/libg.a(lib_a-atexit.o)
                0x000000000800fbd8                atexit
 .text._close_r
                0x000000000800fbe4       0x24 /Applications/ARM/bin/../lib/gcc/arm-none-eabi/10.2.1/../../../../arm-none-eabi/lib/thumb/v7-m/nofp/libg.a(lib_a-closer.o)
                0x000000000800fbe4                _close_r
 .text.quorem   0x000000000800fc08      0x12c /Applications/ARM/bin/../lib/gcc/arm-none-eabi/10.2.1/../../../../arm-none-eabi/lib/thumb/v7-m/nofp/libg.a(lib_a-dtoa.o)
 *fill*         0x000000000800fd34        0x4 
 .text._dtoa_r  0x000000000800fd38      0xecc /Applications/ARM/bin/../lib/gcc/arm-none-eabi/10.2.1/../../../../arm-none-eabi/lib/thumb/v7-m/nofp/libg.a(lib_a-dtoa.o)
                0x000000000800fd38                _dtoa_r
 .text.__sflush_r
                0x0000000008010c04      0x124 /Applications/ARM/bin/../lib/gcc/arm-none-eabi/10.2.1/../../../../arm-none-eabi/lib/thumb/v7-m/nofp/libg.a(lib_a-fflush.o)
                0x0000000008010c04                __sflush_r
 .text._fflush_r
                0x0000000008010d28       0x5c /Applications/ARM/bin/../lib/gcc/arm-none-eabi/10.2.1/../../../../arm-none-eabi/lib/thumb/v7-m/nofp/libg.a(lib_a-fflush.o)
                0x0000000008010d28                _fflush_r
 .text._cleanup_r
                0x0000000008010d84        0xc /Applications/ARM/bin/../lib/gcc/arm-none-eabi/10.2.1/../../../../arm-none-eabi/lib/thumb/v7-m/nofp/libg.a(lib_a-findfp.o)
                0x0000000008010d84                _cleanup_r
 .text.__sinit  0x0000000008010d90      0x10c /Applications/ARM/bin/../lib/gcc/arm-none-eabi/10.2.1/../../../../arm-none-eabi/lib/thumb/v7-m/nofp/libg.a(lib_a-findfp.o)
                0x0000000008010d90                __sinit
 .text.__sfp_lock_acquire
                0x0000000008010e9c        0xc /Applications/ARM/bin/../lib/gcc/arm-none-eabi/10.2.1/../../../../arm-none-eabi/lib/thumb/v7-m/nofp/libg.a(lib_a-findfp.o)
                0x0000000008010e9c                __sfp_lock_acquire
 .text.__sfp_lock_release
                0x0000000008010ea8        0xc /Applications/ARM/bin/../lib/gcc/arm-none-eabi/10.2.1/../../../../arm-none-eabi/lib/thumb/v7-m/nofp/libg.a(lib_a-findfp.o)
                0x0000000008010ea8                __sfp_lock_release
 .text.__libc_fini_array
                0x0000000008010eb4       0x2c /Applications/ARM/bin/../lib/gcc/arm-none-eabi/10.2.1/../../../../arm-none-eabi/lib/thumb/v7-m/nofp/libg.a(lib_a-fini.o)
                0x0000000008010eb4                __libc_fini_array
 .text._malloc_trim_r
                0x0000000008010ee0       0xa0 /Applications/ARM/bin/../lib/gcc/arm-none-eabi/10.2.1/../../../../arm-none-eabi/lib/thumb/v7-m/nofp/libg.a(lib_a-freer.o)
                0x0000000008010ee0                _malloc_trim_r
 .text._free_r  0x0000000008010f80      0x200 /Applications/ARM/bin/../lib/gcc/arm-none-eabi/10.2.1/../../../../arm-none-eabi/lib/thumb/v7-m/nofp/libg.a(lib_a-freer.o)
                0x0000000008010f80                _free_r
 .text._fwalk_reent
                0x0000000008011180       0x48 /Applications/ARM/bin/../lib/gcc/arm-none-eabi/10.2.1/../../../../arm-none-eabi/lib/thumb/v7-m/nofp/libg.a(lib_a-fwalk.o)
                0x0000000008011180                _fwalk_reent
 .text._localeconv_r
                0x00000000080111c8        0x8 /Applications/ARM/bin/../lib/gcc/arm-none-eabi/10.2.1/../../../../arm-none-eabi/lib/thumb/v7-m/nofp/libg.a(lib_a-localeconv.o)
                0x00000000080111c8                _localeconv_r
 .text.__smakebuf_r
                0x00000000080111d0       0xe0 /Applications/ARM/bin/../lib/gcc/arm-none-eabi/10.2.1/../../../../arm-none-eabi/lib/thumb/v7-m/nofp/libg.a(lib_a-makebuf.o)
                0x00000000080111d0                __smakebuf_r
 .text._Balloc  0x00000000080112b0       0x4c /Applications/ARM/bin/../lib/gcc/arm-none-eabi/10.2.1/../../../../arm-none-eabi/lib/thumb/v7-m/nofp/libg.a(lib_a-mprec.o)
                0x00000000080112b0                _Balloc
 .text._Bfree   0x00000000080112fc       0x14 /Applications/ARM/bin/../lib/gcc/arm-none-eabi/10.2.1/../../../../arm-none-eabi/lib/thumb/v7-m/nofp/libg.a(lib_a-mprec.o)
                0x00000000080112fc                _Bfree
 .text.__multadd
                0x0000000008011310       0xa4 /Applications/ARM/bin/../lib/gcc/arm-none-eabi/10.2.1/../../../../arm-none-eabi/lib/thumb/v7-m/nofp/libg.a(lib_a-mprec.o)
                0x0000000008011310                __multadd
 .text.__hi0bits
                0x00000000080113b4       0x40 /Applications/ARM/bin/../lib/gcc/arm-none-eabi/10.2.1/../../../../arm-none-eabi/lib/thumb/v7-m/nofp/libg.a(lib_a-mprec.o)
                0x00000000080113b4                __hi0bits
 .text.__lo0bits
                0x00000000080113f4       0x58 /Applications/ARM/bin/../lib/gcc/arm-none-eabi/10.2.1/../../../../arm-none-eabi/lib/thumb/v7-m/nofp/libg.a(lib_a-mprec.o)
                0x00000000080113f4                __lo0bits
 .text.__i2b    0x000000000801144c       0x5c /Applications/ARM/bin/../lib/gcc/arm-none-eabi/10.2.1/../../../../arm-none-eabi/lib/thumb/v7-m/nofp/libg.a(lib_a-mprec.o)
                0x000000000801144c                __i2b
 .text.__multiply
                0x00000000080114a8      0x15c /Applications/ARM/bin/../lib/gcc/arm-none-eabi/10.2.1/../../../../arm-none-eabi/lib/thumb/v7-m/nofp/libg.a(lib_a-mprec.o)
                0x00000000080114a8                __multiply
 .text.__pow5mult
                0x0000000008011604       0xb8 /Applications/ARM/bin/../lib/gcc/arm-none-eabi/10.2.1/../../../../arm-none-eabi/lib/thumb/v7-m/nofp/libg.a(lib_a-mprec.o)
                0x0000000008011604                __pow5mult
 .text.__lshift
                0x00000000080116bc       0xec /Applications/ARM/bin/../lib/gcc/arm-none-eabi/10.2.1/../../../../arm-none-eabi/lib/thumb/v7-m/nofp/libg.a(lib_a-mprec.o)
                0x00000000080116bc                __lshift
 .text.__mcmp   0x00000000080117a8       0x40 /Applications/ARM/bin/../lib/gcc/arm-none-eabi/10.2.1/../../../../arm-none-eabi/lib/thumb/v7-m/nofp/libg.a(lib_a-mprec.o)
                0x00000000080117a8                __mcmp
 .text.__mdiff  0x00000000080117e8      0x14c /Applications/ARM/bin/../lib/gcc/arm-none-eabi/10.2.1/../../../../arm-none-eabi/lib/thumb/v7-m/nofp/libg.a(lib_a-mprec.o)
                0x00000000080117e8                __mdiff
 .text.__d2b    0x0000000008011934       0xc4 /Applications/ARM/bin/../lib/gcc/arm-none-eabi/10.2.1/../../../../arm-none-eabi/lib/thumb/v7-m/nofp/libg.a(lib_a-mprec.o)
                0x0000000008011934                __d2b
 .text.frexp    0x00000000080119f8       0x70 /Applications/ARM/bin/../lib/gcc/arm-none-eabi/10.2.1/../../../../arm-none-eabi/lib/thumb/v7-m/nofp/libg.a(lib_a-s_frexp.o)
                0x00000000080119f8                frexp
 .text.__sread  0x0000000008011a68       0x24 /Applications/ARM/bin/../lib/gcc/arm-none-eabi/10.2.1/../../../../arm-none-eabi/lib/thumb/v7-m/nofp/libg.a(lib_a-stdio.o)
                0x0000000008011a68                __sread
 .text.__swrite
                0x0000000008011a8c       0x40 /Applications/ARM/bin/../lib/gcc/arm-none-eabi/10.2.1/../../../../arm-none-eabi/lib/thumb/v7-m/nofp/libg.a(lib_a-stdio.o)
                0x0000000008011a8c                __swrite
 .text.__sseek  0x0000000008011acc       0x20 /Applications/ARM/bin/../lib/gcc/arm-none-eabi/10.2.1/../../../../arm-none-eabi/lib/thumb/v7-m/nofp/libg.a(lib_a-stdio.o)
                0x0000000008011acc                __sseek
 .text.__sclose
                0x0000000008011aec        0x8 /Applications/ARM/bin/../lib/gcc/arm-none-eabi/10.2.1/../../../../arm-none-eabi/lib/thumb/v7-m/nofp/libg.a(lib_a-stdio.o)
                0x0000000008011aec                __sclose
 .text.strncpy  0x0000000008011af4       0x68 /Applications/ARM/bin/../lib/gcc/arm-none-eabi/10.2.1/../../../../arm-none-eabi/lib/thumb/v7-m/nofp/libg.a(lib_a-strncpy.o)
                0x0000000008011af4                strncpy
 .text.__ssprint_r
                0x0000000008011b5c       0xfc /Applications/ARM/bin/../lib/gcc/arm-none-eabi/10.2.1/../../../../arm-none-eabi/lib/thumb/v7-m/nofp/libg.a(lib_a-svfiprintf.o)
                0x0000000008011b5c                __ssprint_r
 .text.__register_exitproc
                0x0000000008011c58       0x8c /Applications/ARM/bin/../lib/gcc/arm-none-eabi/10.2.1/../../../../arm-none-eabi/lib/thumb/v7-m/nofp/libg.a(lib_a-__atexit.o)
                0x0000000008011c58                __register_exitproc
 .text.__assert_func
                0x0000000008011ce4       0x40 /Applications/ARM/bin/../lib/gcc/arm-none-eabi/10.2.1/../../../../arm-none-eabi/lib/thumb/v7-m/nofp/libg.a(lib_a-assert.o)
                0x0000000008011ce4                __assert_func
 .text._calloc_r
                0x0000000008011d24       0x60 /Applications/ARM/bin/../lib/gcc/arm-none-eabi/10.2.1/../../../../arm-none-eabi/lib/thumb/v7-m/nofp/libg.a(lib_a-callocr.o)
                0x0000000008011d24                _calloc_r
 .text._fclose_r
                0x0000000008011d84       0xcc /Applications/ARM/bin/../lib/gcc/arm-none-eabi/10.2.1/../../../../arm-none-eabi/lib/thumb/v7-m/nofp/libg.a(lib_a-fclose.o)
                0x0000000008011d84                _fclose_r
 .text.fiprintf
                0x0000000008011e50       0x28 /Applications/ARM/bin/../lib/gcc/arm-none-eabi/10.2.1/../../../../arm-none-eabi/lib/thumb/v7-m/nofp/libg.a(lib_a-fiprintf.o)
                0x0000000008011e50                fiprintf
 .text._fstat_r
                0x0000000008011e78       0x28 /Applications/ARM/bin/../lib/gcc/arm-none-eabi/10.2.1/../../../../arm-none-eabi/lib/thumb/v7-m/nofp/libg.a(lib_a-fstatr.o)
                0x0000000008011e78                _fstat_r
 .text._isatty_r
                0x0000000008011ea0       0x24 /Applications/ARM/bin/../lib/gcc/arm-none-eabi/10.2.1/../../../../arm-none-eabi/lib/thumb/v7-m/nofp/libg.a(lib_a-isattyr.o)
                0x0000000008011ea0                _isatty_r
 .text.__locale_mb_cur_max
                0x0000000008011ec4        0xc /Applications/ARM/bin/../lib/gcc/arm-none-eabi/10.2.1/../../../../arm-none-eabi/lib/thumb/v7-m/nofp/libg.a(lib_a-locale.o)
                0x0000000008011ec4                __locale_mb_cur_max
 .text._lseek_r
                0x0000000008011ed0       0x2c /Applications/ARM/bin/../lib/gcc/arm-none-eabi/10.2.1/../../../../arm-none-eabi/lib/thumb/v7-m/nofp/libg.a(lib_a-lseekr.o)
                0x0000000008011ed0                _lseek_r
 .text.__ascii_mbtowc
                0x0000000008011efc       0x2c /Applications/ARM/bin/../lib/gcc/arm-none-eabi/10.2.1/../../../../arm-none-eabi/lib/thumb/v7-m/nofp/libg.a(lib_a-mbtowc_r.o)
                0x0000000008011efc                __ascii_mbtowc
 .text._read_r  0x0000000008011f28       0x2c /Applications/ARM/bin/../lib/gcc/arm-none-eabi/10.2.1/../../../../arm-none-eabi/lib/thumb/v7-m/nofp/libg.a(lib_a-readr.o)
                0x0000000008011f28                _read_r
 .text.__sprint_r.part.0
                0x0000000008011f54       0x78 /Applications/ARM/bin/../lib/gcc/arm-none-eabi/10.2.1/../../../../arm-none-eabi/lib/thumb/v7-m/nofp/libg.a(lib_a-vfiprintf.o)
 .text._vfiprintf_r
                0x0000000008011fcc      0xd94 /Applications/ARM/bin/../lib/gcc/arm-none-eabi/10.2.1/../../../../arm-none-eabi/lib/thumb/v7-m/nofp/libg.a(lib_a-vfiprintf.o)
                0x0000000008011fcc                _vfiprintf_r
 .text.__sbprintf
                0x0000000008012d60       0x84 /Applications/ARM/bin/../lib/gcc/arm-none-eabi/10.2.1/../../../../arm-none-eabi/lib/thumb/v7-m/nofp/libg.a(lib_a-vfiprintf.o)
 .text.__ascii_wctomb
                0x0000000008012de4       0x1c /Applications/ARM/bin/../lib/gcc/arm-none-eabi/10.2.1/../../../../arm-none-eabi/lib/thumb/v7-m/nofp/libg.a(lib_a-wctomb_r.o)
                0x0000000008012de4                __ascii_wctomb
 .text.__fputwc
                0x0000000008012e00       0xa0 /Applications/ARM/bin/../lib/gcc/arm-none-eabi/10.2.1/../../../../arm-none-eabi/lib/thumb/v7-m/nofp/libg.a(lib_a-fputwc.o)
                0x0000000008012e00                __fputwc
 .text._fputwc_r
                0x0000000008012ea0       0x68 /Applications/ARM/bin/../lib/gcc/arm-none-eabi/10.2.1/../../../../arm-none-eabi/lib/thumb/v7-m/nofp/libg.a(lib_a-fputwc.o)
                0x0000000008012ea0                _fputwc_r
 .text._wcrtomb_r
                0x0000000008012f08       0x3c /Applications/ARM/bin/../lib/gcc/arm-none-eabi/10.2.1/../../../../arm-none-eabi/lib/thumb/v7-m/nofp/libg.a(lib_a-wcrtomb.o)
                0x0000000008012f08                _wcrtomb_r
 *(.glue_7)
 .glue_7        0x0000000008012f44        0x0 linker stubs
 *(.glue_7t)
 .glue_7t       0x0000000008012f44        0x0 linker stubs
 *(.eh_frame)
 .eh_frame      0x0000000008012f44        0x0 /Applications/ARM/bin/../lib/gcc/arm-none-eabi/10.2.1/thumb/v7-m/nofp/crtbegin.o
 *(.init)
 .init          0x0000000008012f44        0x4 /Applications/ARM/bin/../lib/gcc/arm-none-eabi/10.2.1/thumb/v7-m/nofp/crti.o
                0x0000000008012f44                _init
 .init          0x0000000008012f48        0x8 /Applications/ARM/bin/../lib/gcc/arm-none-eabi/10.2.1/thumb/v7-m/nofp/crtn.o
 *(.fini)
 .fini          0x0000000008012f50        0x4 /Applications/ARM/bin/../lib/gcc/arm-none-eabi/10.2.1/thumb/v7-m/nofp/crti.o
                0x0000000008012f50                _fini
 .fini          0x0000000008012f54        0x8 /Applications/ARM/bin/../lib/gcc/arm-none-eabi/10.2.1/thumb/v7-m/nofp/crtn.o
                0x0000000008012f5c                . = ALIGN (0x4)
                0x0000000008012f5c                _etext = .

.vfp11_veneer   0x0000000008012f5c        0x0
 .vfp11_veneer  0x0000000008012f5c        0x0 linker stubs

.v4_bx          0x0000000008012f5c        0x0
 .v4_bx         0x0000000008012f5c        0x0 linker stubs

.iplt           0x0000000008012f5c        0x0
 .iplt          0x0000000008012f5c        0x0 /Applications/ARM/bin/../lib/gcc/arm-none-eabi/10.2.1/thumb/v7-m/nofp/crtbegin.o

.rodata         0x0000000008012f60     0x16f8
                0x0000000008012f60                . = ALIGN (0x4)
 *(.rodata)
 .rodata        0x0000000008012f60      0x7cc /Applications/ARM/bin/../lib/gcc/arm-none-eabi/10.2.1/../../../../arm-none-eabi/lib/thumb/v7-m/nofp/libstdc++.a(cp-demangle.o)
 *(.rodata*)
 .rodata.RadioTask.str1.4
                0x000000000801372c        0x0 CMakeFiles/rc_remote.elf.dir/App/nrf24/radioTask.cpp.obj
                                          0x2 (size before relaxing)
 .rodata.str1.4
                0x000000000801372c       0x1c CMakeFiles/rc_remote.elf.dir/Core/Src/freertos.c.obj
 .rodata.defaultTask_attributes
                0x0000000008013748       0x24 CMakeFiles/rc_remote.elf.dir/Core/Src/freertos.c.obj
                0x0000000008013748                defaultTask_attributes
 .rodata.radio_attributes
                0x000000000801376c       0x24 CMakeFiles/rc_remote.elf.dir/Core/Src/freertos.c.obj
                0x000000000801376c                radio_attributes
 .rodata.sensors_attributes
                0x0000000008013790       0x24 CMakeFiles/rc_remote.elf.dir/Core/Src/freertos.c.obj
                0x0000000008013790                sensors_attributes
 .rodata.AHBPrescTable
                0x00000000080137b4       0x10 CMakeFiles/rc_remote.elf.dir/Core/Src/system_stm32l1xx.c.obj
                0x00000000080137b4                AHBPrescTable
 .rodata.APBPrescTable
                0x00000000080137c4        0x8 CMakeFiles/rc_remote.elf.dir/Core/Src/system_stm32l1xx.c.obj
                0x00000000080137c4                APBPrescTable
 .rodata.PLLMulTable
                0x00000000080137cc        0x9 CMakeFiles/rc_remote.elf.dir/Core/Src/system_stm32l1xx.c.obj
                0x00000000080137cc                PLLMulTable
 *fill*         0x00000000080137d5        0x3 
 .rodata.vTaskStartScheduler.str1.4
                0x00000000080137d8        0x5 CMakeFiles/rc_remote.elf.dir/Middlewares/Third_Party/FreeRTOS/Source/tasks.c.obj
 *fill*         0x00000000080137dd        0x3 
 .rodata.prvCheckForValidListAndQueue.str1.4
                0x00000000080137e0        0x5 CMakeFiles/rc_remote.elf.dir/Middlewares/Third_Party/FreeRTOS/Source/timers.c.obj
 *fill*         0x00000000080137e5        0x3 
 .rodata.xTimerCreateTimerTask.str1.4
                0x00000000080137e8        0x8 CMakeFiles/rc_remote.elf.dir/Middlewares/Third_Party/FreeRTOS/Source/timers.c.obj
 .rodata._ZNKSt13bad_exception4whatEv.str1.4
                0x00000000080137f0       0x13 /Applications/ARM/bin/../lib/gcc/arm-none-eabi/10.2.1/../../../../arm-none-eabi/lib/thumb/v7-m/nofp/libstdc++.a(eh_exception.o)
 *fill*         0x0000000008013803        0x1 
 .rodata._ZTIN10__cxxabiv115__forced_unwindE
                0x0000000008013804        0x8 /Applications/ARM/bin/../lib/gcc/arm-none-eabi/10.2.1/../../../../arm-none-eabi/lib/thumb/v7-m/nofp/libstdc++.a(eh_exception.o)
                0x0000000008013804                typeinfo for __cxxabiv1::__forced_unwind
 .rodata._ZTIN10__cxxabiv119__foreign_exceptionE
                0x000000000801380c        0x8 /Applications/ARM/bin/../lib/gcc/arm-none-eabi/10.2.1/../../../../arm-none-eabi/lib/thumb/v7-m/nofp/libstdc++.a(eh_exception.o)
                0x000000000801380c                typeinfo for __cxxabiv1::__foreign_exception
 .rodata._ZTISt13bad_exception
                0x0000000008013814        0xc /Applications/ARM/bin/../lib/gcc/arm-none-eabi/10.2.1/../../../../arm-none-eabi/lib/thumb/v7-m/nofp/libstdc++.a(eh_exception.o)
                0x0000000008013814                typeinfo for std::bad_exception
 .rodata._ZTISt9exception
                0x0000000008013820        0x8 /Applications/ARM/bin/../lib/gcc/arm-none-eabi/10.2.1/../../../../arm-none-eabi/lib/thumb/v7-m/nofp/libstdc++.a(eh_exception.o)
                0x0000000008013820                typeinfo for std::exception
 .rodata._ZTSN10__cxxabiv115__forced_unwindE
                0x0000000008013828       0x20 /Applications/ARM/bin/../lib/gcc/arm-none-eabi/10.2.1/../../../../arm-none-eabi/lib/thumb/v7-m/nofp/libstdc++.a(eh_exception.o)
                0x0000000008013828                typeinfo name for __cxxabiv1::__forced_unwind
 .rodata._ZTSN10__cxxabiv119__foreign_exceptionE
                0x0000000008013848       0x24 /Applications/ARM/bin/../lib/gcc/arm-none-eabi/10.2.1/../../../../arm-none-eabi/lib/thumb/v7-m/nofp/libstdc++.a(eh_exception.o)
                0x0000000008013848                typeinfo name for __cxxabiv1::__foreign_exception
 .rodata._ZTSSt13bad_exception