Archive member included to satisfy reference by file (symbol)

/Applications/ARM/bin/../lib/gcc/arm-none-eabi/10.2.1/../../../../arm-none-eabi/lib/thumb/v7-m/nofp/libstdc++_nano.a(del_ops.o)
                              CMakeFiles/rc_remote.dir/App/logger/logger.cpp.obj (operator delete(void*, unsigned int))
/Applications/ARM/bin/../lib/gcc/arm-none-eabi/10.2.1/../../../../arm-none-eabi/lib/thumb/v7-m/nofp/libstdc++_nano.a(new_op.o)
                              CMakeFiles/rc_remote.dir/App/sensors/battery/battery.cpp.obj (operator new(unsigned int))
/Applications/ARM/bin/../lib/gcc/arm-none-eabi/10.2.1/../../../../arm-none-eabi/lib/thumb/v7-m/nofp/libstdc++_nano.a(functexcept.o)
                              CMakeFiles/rc_remote.dir/App/sensors/hall_sensor/ss49.cpp.obj (std::__throw_bad_alloc())
/Applications/ARM/bin/../lib/gcc/arm-none-eabi/10.2.1/../../../../arm-none-eabi/lib/thumb/v7-m/nofp/libstdc++_nano.a(snprintf_lite.o)
                              /Applications/ARM/bin/../lib/gcc/arm-none-eabi/10.2.1/../../../../arm-none-eabi/lib/thumb/v7-m/nofp/libstdc++_nano.a(functexcept.o) (__gnu_cxx::__snprintf_lite(char*, unsigned int, char const*, std::__va_list))
/Applications/ARM/bin/../lib/gcc/arm-none-eabi/10.2.1/../../../../arm-none-eabi/lib/thumb/v7-m/nofp/libstdc++_nano.a(string-inst.o)
                              CMakeFiles/rc_remote.dir/App/logger/logger.cpp.obj (std::__cxx11::basic_string<char, std::char_traits<char>, std::allocator<char> >::_M_create(unsigned int&, unsigned int))
/Applications/ARM/bin/../lib/gcc/arm-none-eabi/10.2.1/../../../../arm-none-eabi/lib/thumb/v7-m/nofp/libstdc++_nano.a(del_op.o)
                              /Applications/ARM/bin/../lib/gcc/arm-none-eabi/10.2.1/../../../../arm-none-eabi/lib/thumb/v7-m/nofp/libstdc++_nano.a(del_ops.o) (operator delete(void*))
/Applications/ARM/bin/../lib/gcc/arm-none-eabi/10.2.1/../../../../arm-none-eabi/lib/thumb/v7-m/nofp/libstdc++_nano.a(new_handler.o)
                              /Applications/ARM/bin/../lib/gcc/arm-none-eabi/10.2.1/../../../../arm-none-eabi/lib/thumb/v7-m/nofp/libstdc++_nano.a(new_op.o) (std::get_new_handler())
/Applications/ARM/bin/../lib/gcc/arm-none-eabi/10.2.1/../../../../arm-none-eabi/lib/thumb/v7-m/nofp/libc_nano.a(lib_a-abort.o)
                              /Applications/ARM/bin/../lib/gcc/arm-none-eabi/10.2.1/../../../../arm-none-eabi/lib/thumb/v7-m/nofp/libstdc++_nano.a(new_op.o) (abort)
/Applications/ARM/bin/../lib/gcc/arm-none-eabi/10.2.1/../../../../arm-none-eabi/lib/thumb/v7-m/nofp/libc_nano.a(lib_a-errno.o)
                              CMakeFiles/rc_remote.dir/Core/Src/syscalls.c.obj (__errno)
/Applications/ARM/bin/../lib/gcc/arm-none-eabi/10.2.1/../../../../arm-none-eabi/lib/thumb/v7-m/nofp/libc_nano.a(lib_a-exit.o)
                              /Applications/ARM/bin/../lib/gcc/arm-none-eabi/10.2.1/../../../../arm-none-eabi/lib/thumb/v7-m/nofp/crt0.o (exit)
/Applications/ARM/bin/../lib/gcc/arm-none-eabi/10.2.1/../../../../arm-none-eabi/lib/thumb/v7-m/nofp/libc_nano.a(lib_a-findfp.o)
                              CMakeFiles/rc_remote.dir/Middlewares/Third_Party/FreeRTOS/Source/tasks.c.obj (__sf_fake_stderr)
/Applications/ARM/bin/../lib/gcc/arm-none-eabi/10.2.1/../../../../arm-none-eabi/lib/thumb/v7-m/nofp/libc_nano.a(lib_a-fwalk.o)
                              /Applications/ARM/bin/../lib/gcc/arm-none-eabi/10.2.1/../../../../arm-none-eabi/lib/thumb/v7-m/nofp/libc_nano.a(lib_a-findfp.o) (_fwalk)
/Applications/ARM/bin/../lib/gcc/arm-none-eabi/10.2.1/../../../../arm-none-eabi/lib/thumb/v7-m/nofp/libc_nano.a(lib_a-impure.o)
                              /Applications/ARM/bin/../lib/gcc/arm-none-eabi/10.2.1/../../../../arm-none-eabi/lib/thumb/v7-m/nofp/libc_nano.a(lib_a-exit.o) (_global_impure_ptr)
/Applications/ARM/bin/../lib/gcc/arm-none-eabi/10.2.1/../../../../arm-none-eabi/lib/thumb/v7-m/nofp/libc_nano.a(lib_a-init.o)
                              /Applications/ARM/bin/../lib/gcc/arm-none-eabi/10.2.1/../../../../arm-none-eabi/lib/thumb/v7-m/nofp/crt0.o (__libc_init_array)
/Applications/ARM/bin/../lib/gcc/arm-none-eabi/10.2.1/../../../../arm-none-eabi/lib/thumb/v7-m/nofp/libc_nano.a(lib_a-lock.o)
                              /Applications/ARM/bin/../lib/gcc/arm-none-eabi/10.2.1/../../../../arm-none-eabi/lib/thumb/v7-m/nofp/libc_nano.a(lib_a-findfp.o) (__retarget_lock_init_recursive)
/Applications/ARM/bin/../lib/gcc/arm-none-eabi/10.2.1/../../../../arm-none-eabi/lib/thumb/v7-m/nofp/libc_nano.a(lib_a-malloc.o)
                              /Applications/ARM/bin/../lib/gcc/arm-none-eabi/10.2.1/../../../../arm-none-eabi/lib/thumb/v7-m/nofp/libstdc++_nano.a(new_op.o) (malloc)
/Applications/ARM/bin/../lib/gcc/arm-none-eabi/10.2.1/../../../../arm-none-eabi/lib/thumb/v7-m/nofp/libc_nano.a(lib_a-memchr-stub.o)
                              /Applications/ARM/bin/../lib/gcc/arm-none-eabi/10.2.1/../../../../arm-none-eabi/lib/thumb/v7-m/nofp/libstdc++_nano.a(string-inst.o) (memchr)
[...]
Memory Configuration

Name             Origin             Length             Attributes
RAM              0x0000000020000000 0x0000000000008000 xrw
FLASH            0x0000000008000000 0x0000000000020000 xr
*default*        0x0000000000000000 0xffffffffffffffff

Linker script and memory map

LOAD /Applications/ARM/bin/../lib/gcc/arm-none-eabi/10.2.1/thumb/v7-m/nofp/crti.o
LOAD /Applications/ARM/bin/../lib/gcc/arm-none-eabi/10.2.1/thumb/v7-m/nofp/crtbegin.o
LOAD /Applications/ARM/bin/../lib/gcc/arm-none-eabi/10.2.1/../../../../arm-none-eabi/lib/thumb/v7-m/nofp/crt0.o
START GROUP
LOAD /Applications/ARM/bin/../lib/gcc/arm-none-eabi/10.2.1/../../../../arm-none-eabi/lib/thumb/v7-m/nofp/libstdc++_nano.a
LOAD /Applications/ARM/bin/../lib/gcc/arm-none-eabi/10.2.1/../../../../arm-none-eabi/lib/thumb/v7-m/nofp/libsupc++_nano.a
END GROUP
LOAD CMakeFiles/rc_remote.dir/Core/Src/adc.c.obj
LOAD CMakeFiles/rc_remote.dir/Core/Src/dma.c.obj
LOAD CMakeFiles/rc_remote.dir/Core/Src/freertos.c.obj
LOAD CMakeFiles/rc_remote.dir/Core/Src/gpio.c.obj
LOAD CMakeFiles/rc_remote.dir/Core/Src/main.cpp.obj
LOAD CMakeFiles/rc_remote.dir/Core/Src/spi.c.obj
LOAD CMakeFiles/rc_remote.dir/Core/Src/stm32l1xx_hal_msp.c.obj
LOAD CMakeFiles/rc_remote.dir/Core/Src/stm32l1xx_hal_timebase_tim.c.obj
LOAD CMakeFiles/rc_remote.dir/Core/Src/stm32l1xx_it.c.obj
LOAD CMakeFiles/rc_remote.dir/Core/Src/syscalls.c.obj
LOAD CMakeFiles/rc_remote.dir/Core/Src/system_stm32l1xx.c.obj
LOAD CMakeFiles/rc_remote.dir/Core/Src/usart.c.obj
LOAD CMakeFiles/rc_remote.dir/Drivers/STM32L1xx_HAL_Driver/Src/stm32l1xx_hal.c.obj
LOAD CMakeFiles/rc_remote.dir/Drivers/STM32L1xx_HAL_Driver/Src/stm32l1xx_hal_adc.c.obj
LOAD CMakeFiles/rc_remote.dir/Drivers/STM32L1xx_HAL_Driver/Src/stm32l1xx_hal_adc_ex.c.obj
LOAD CMakeFiles/rc_remote.dir/Drivers/STM32L1xx_HAL_Driver/Src/stm32l1xx_hal_cortex.c.obj
LOAD CMakeFiles/rc_remote.dir/Drivers/STM32L1xx_HAL_Driver/Src/stm32l1xx_hal_dma.c.obj
LOAD CMakeFiles/rc_remote.dir/Drivers/STM32L1xx_HAL_Driver/Src/stm32l1xx_hal_exti.c.obj
LOAD CMakeFiles/rc_remote.dir/Drivers/STM32L1xx_HAL_Driver/Src/stm32l1xx_hal_flash.c.obj
LOAD CMakeFiles/rc_remote.dir/Drivers/STM32L1xx_HAL_Driver/Src/stm32l1xx_hal_flash_ex.c.obj
LOAD CMakeFiles/rc_remote.dir/Drivers/STM32L1xx_HAL_Driver/Src/stm32l1xx_hal_flash_ramfunc.c.obj
LOAD CMakeFiles/rc_remote.dir/Drivers/STM32L1xx_HAL_Driver/Src/stm32l1xx_hal_gpio.c.obj
LOAD CMakeFiles/rc_remote.dir/Drivers/STM32L1xx_HAL_Driver/Src/stm32l1xx_hal_pwr.c.obj
LOAD CMakeFiles/rc_remote.dir/Drivers/STM32L1xx_HAL_Driver/Src/stm32l1xx_hal_pwr_ex.c.obj
LOAD CMakeFiles/rc_remote.dir/Drivers/STM32L1xx_HAL_Driver/Src/stm32l1xx_hal_rcc.c.obj
LOAD CMakeFiles/rc_remote.dir/Drivers/STM32L1xx_HAL_Driver/Src/stm32l1xx_hal_rcc_ex.c.obj
LOAD CMakeFiles/rc_remote.dir/Drivers/STM32L1xx_HAL_Driver/Src/stm32l1xx_hal_spi.c.obj
LOAD CMakeFiles/rc_remote.dir/Drivers/STM32L1xx_HAL_Driver/Src/stm32l1xx_hal_tim.c.obj
LOAD CMakeFiles/rc_remote.dir/Drivers/STM32L1xx_HAL_Driver/Src/stm32l1xx_hal_tim_ex.c.obj
LOAD CMakeFiles/rc_remote.dir/Drivers/STM32L1xx_HAL_Driver/Src/stm32l1xx_hal_uart.c.obj
LOAD CMakeFiles/rc_remote.dir/Drivers/startup_stm32l151xba.s.obj
LOAD CMakeFiles/rc_remote.dir/Middlewares/Third_Party/FreeRTOS/Source/CMSIS_RTOS_V2/cmsis_os2.c.obj
LOAD CMakeFiles/rc_remote.dir/Middlewares/Third_Party/FreeRTOS/Source/croutine.c.obj
LOAD CMakeFiles/rc_remote.dir/Middlewares/Third_Party/FreeRTOS/Source/event_groups.c.obj
LOAD CMakeFiles/rc_remote.dir/Middlewares/Third_Party/FreeRTOS/Source/list.c.obj
LOAD CMakeFiles/rc_remote.dir/Middlewares/Third_Party/FreeRTOS/Source/portable/GCC/ARM_CM3/port.c.obj
LOAD CMakeFiles/rc_remote.dir/Middlewares/Third_Party/FreeRTOS/Source/portable/MemMang/heap_4.c.obj
LOAD CMakeFiles/rc_remote.dir/Middlewares/Third_Party/FreeRTOS/Source/queue.c.obj
LOAD CMakeFiles/rc_remote.dir/Middlewares/Third_Party/FreeRTOS/Source/stream_buffer.c.obj
LOAD CMakeFiles/rc_remote.dir/Middlewares/Third_Party/FreeRTOS/Source/tasks.c.obj
LOAD CMakeFiles/rc_remote.dir/Middlewares/Third_Party/FreeRTOS/Source/timers.c.obj
LOAD CMakeFiles/rc_remote.dir/App/gpio/gpioApp.cpp.obj
LOAD CMakeFiles/rc_remote.dir/App/logger/logger.cpp.obj
LOAD CMakeFiles/rc_remote.dir/App/sensors/battery/battery.cpp.obj
LOAD CMakeFiles/rc_remote.dir/App/sensors/hall_sensor/ss49.cpp.obj
LOAD CMakeFiles/rc_remote.dir/App/ws2812/ws2812App.cpp.obj
LOAD /Applications/ARM/bin/../lib/gcc/arm-none-eabi/10.2.1/../../../../arm-none-eabi/lib/thumb/v7-m/nofp/libstdc++_nano.a
LOAD /Applications/ARM/bin/../lib/gcc/arm-none-eabi/10.2.1/../../../../arm-none-eabi/lib/thumb/v7-m/nofp/libm.a
LOAD /Applications/ARM/bin/../lib/gcc/arm-none-eabi/10.2.1/../../../../arm-none-eabi/lib/thumb/v7-m/nofp/libc_nano.a
START GROUP
LOAD /Applications/ARM/bin/../lib/gcc/arm-none-eabi/10.2.1/thumb/v7-m/nofp/libgcc.a
LOAD /Applications/ARM/bin/../lib/gcc/arm-none-eabi/10.2.1/../../../../arm-none-eabi/lib/thumb/v7-m/nofp/libg_nano.a
LOAD /Applications/ARM/bin/../lib/gcc/arm-none-eabi/10.2.1/../../../../arm-none-eabi/lib/thumb/v7-m/nofp/libc_nano.a
END GROUP
START GROUP
LOAD /Applications/ARM/bin/../lib/gcc/arm-none-eabi/10.2.1/thumb/v7-m/nofp/libgcc.a
LOAD /Applications/ARM/bin/../lib/gcc/arm-none-eabi/10.2.1/../../../../arm-none-eabi/lib/thumb/v7-m/nofp/libc_nano.a
LOAD /Applications/ARM/bin/../lib/gcc/arm-none-eabi/10.2.1/../../../../arm-none-eabi/lib/thumb/v7-m/nofp/libnosys.a
END GROUP
START GROUP
LOAD /Applications/ARM/bin/../lib/gcc/arm-none-eabi/10.2.1/thumb/v7-m/nofp/libgcc.a
LOAD /Applications/ARM/bin/../lib/gcc/arm-none-eabi/10.2.1/../../../../arm-none-eabi/lib/thumb/v7-m/nofp/libc_nano.a
LOAD /Applications/ARM/bin/../lib/gcc/arm-none-eabi/10.2.1/../../../../arm-none-eabi/lib/thumb/v7-m/nofp/libnosys.a
END GROUP
LOAD /Applications/ARM/bin/../lib/gcc/arm-none-eabi/10.2.1/thumb/v7-m/nofp/crtend.o
LOAD /Applications/ARM/bin/../lib/gcc/arm-none-eabi/10.2.1/thumb/v7-m/nofp/crtn.o
                0x0000000020008000                _estack = 0x20008000
                0x0000000000000200                _Min_Heap_Size = 0x200
                0x0000000000000400                _Min_Stack_Size = 0x400

.isr_vector     0x0000000008000000      0x13c
                0x0000000008000000                . = ALIGN (0x4)
 *(.isr_vector)
 .isr_vector    0x0000000008000000      0x13c CMakeFiles/rc_remote.dir/Drivers/startup_stm32l151xba.s.obj
                0x0000000008000000                g_pfnVectors
                0x000000000800013c                . = ALIGN (0x4)

.text           0x0000000008000140     0x3f6c
                0x0000000008000140                . = ALIGN (0x4)
 *(.text)
 .text          0x0000000008000140       0x40 /Applications/ARM/bin/../lib/gcc/arm-none-eabi/10.2.1/thumb/v7-m/nofp/crtbegin.o
 .text          0x0000000008000180       0x30 /Applications/ARM/bin/../lib/gcc/arm-none-eabi/10.2.1/thumb/v7-m/nofp/libgcc.a(_aeabi_uldivmod.o)
                0x0000000008000180                __aeabi_uldivmod
 .text          0x00000000080001b0      0x2d4 /Applications/ARM/bin/../lib/gcc/arm-none-eabi/10.2.1/thumb/v7-m/nofp/libgcc.a(_udivmoddi4.o)
                0x00000000080001b0                __udivmoddi4
 .text          0x0000000008000484        0x4 /Applications/ARM/bin/../lib/gcc/arm-none-eabi/10.2.1/thumb/v7-m/nofp/libgcc.a(_dvmd_tls.o)
                0x0000000008000484                __aeabi_ldiv0
                0x0000000008000484                __aeabi_idiv0
 *(.text*)
 .text.MX_ADC_Init
                0x0000000008000488       0x8c CMakeFiles/rc_remote.dir/Core/Src/adc.c.obj
                0x0000000008000488                MX_ADC_Init
 .text.HAL_ADC_MspInit
                0x0000000008000514       0x60 CMakeFiles/rc_remote.dir/Core/Src/adc.c.obj
                0x0000000008000514                HAL_ADC_MspInit
 .text.MX_DMA_Init
                0x0000000008000574       0x34 CMakeFiles/rc_remote.dir/Core/Src/dma.c.obj
                0x0000000008000574                MX_DMA_Init
 .text.StartDefaultTask
                0x00000000080005a8        0xa CMakeFiles/rc_remote.dir/Core/Src/freertos.c.obj
                0x00000000080005a8                StartDefaultTask
 *fill*         0x00000000080005b2        0x2 
 .text.MX_FREERTOS_Init
                0x00000000080005b4       0x70 CMakeFiles/rc_remote.dir/Core/Src/freertos.c.obj
                0x00000000080005b4                MX_FREERTOS_Init
 .text.MX_GPIO_Init
                0x0000000008000624       0xc8 CMakeFiles/rc_remote.dir/Core/Src/gpio.c.obj
                0x0000000008000624                MX_GPIO_Init
 .text.RadioTask
                0x00000000080006ec        0x2 CMakeFiles/rc_remote.dir/Core/Src/main.cpp.obj
                0x00000000080006ec                RadioTask
 .text.radioHeartbeatCallback
                0x00000000080006ee        0x2 CMakeFiles/rc_remote.dir/Core/Src/main.cpp.obj
                0x00000000080006ee                radioHeartbeatCallback
 .text.HAL_TIM_PeriodElapsedCallback
                0x00000000080006f0       0x18 CMakeFiles/rc_remote.dir/Core/Src/main.cpp.obj
                0x00000000080006f0                HAL_TIM_PeriodElapsedCallback
 .text.Error_Handler
                0x0000000008000708        0x4 CMakeFiles/rc_remote.dir/Core/Src/main.cpp.obj
                0x0000000008000708                Error_Handler
 .text.SystemClock_Config
                0x000000000800070c       0x64 CMakeFiles/rc_remote.dir/Core/Src/main.cpp.obj
                0x000000000800070c                SystemClock_Config
 .text.main     0x0000000008000770       0x50 CMakeFiles/rc_remote.dir/Core/Src/main.cpp.obj
                0x0000000008000770                main
 .text.MX_SPI1_Init
                0x00000000080007c0       0x44 CMakeFiles/rc_remote.dir/Core/Src/spi.c.obj
                0x00000000080007c0                MX_SPI1_Init
 .text.MX_SPI2_Init
                0x0000000008000804       0x44 CMakeFiles/rc_remote.dir/Core/Src/spi.c.obj
                0x0000000008000804                MX_SPI2_Init
 .text.HAL_SPI_MspInit
                0x0000000008000848      0x10c CMakeFiles/rc_remote.dir/Core/Src/spi.c.obj
                0x0000000008000848                HAL_SPI_MspInit
 .text.HAL_MspInit
                0x0000000008000954       0x54 CMakeFiles/rc_remote.dir/Core/Src/stm32l1xx_hal_msp.c.obj
                0x0000000008000954                HAL_MspInit
 .text.HAL_InitTick
                0x00000000080009a8       0x78 CMakeFiles/rc_remote.dir/Core/Src/stm32l1xx_hal_timebase_tim.c.obj
                0x00000000080009a8                HAL_InitTick
 .text.NMI_Handler
                0x0000000008000a20        0x2 CMakeFiles/rc_remote.dir/Core/Src/stm32l1xx_it.c.obj
                0x0000000008000a20                NMI_Handler
 .text.HardFault_Handler
                0x0000000008000a22        0x2 CMakeFiles/rc_remote.dir/Core/Src/stm32l1xx_it.c.obj
                0x0000000008000a22                HardFault_Handler
 .text.MemManage_Handler
                0x0000000008000a24        0x2 CMakeFiles/rc_remote.dir/Core/Src/stm32l1xx_it.c.obj
                0x0000000008000a24                MemManage_Handler
 .text.BusFault_Handler
                0x0000000008000a26        0x2 CMakeFiles/rc_remote.dir/Core/Src/stm32l1xx_it.c.obj
                0x0000000008000a26                BusFault_Handler
 .text.UsageFault_Handler
                0x0000000008000a28        0x2 CMakeFiles/rc_remote.dir/Core/Src/stm32l1xx_it.c.obj
                0x0000000008000a28                UsageFault_Handler
 .text.DebugMon_Handler
                0x0000000008000a2a        0x2 CMakeFiles/rc_remote.dir/Core/Src/stm32l1xx_it.c.obj
                0x0000000008000a2a                DebugMon_Handler
 .text.DMA1_Channel5_IRQHandler
                0x0000000008000a2c       0x10 CMakeFiles/rc_remote.dir/Core/Src/stm32l1xx_it.c.obj
                0x0000000008000a2c                DMA1_Channel5_IRQHandler
 .text.SPI1_IRQHandler
                0x0000000008000a3c       0x10 CMakeFiles/rc_remote.dir/Core/Src/stm32l1xx_it.c.obj
                0x0000000008000a3c                SPI1_IRQHandler
 .text.SPI2_IRQHandler
                0x0000000008000a4c       0x10 CMakeFiles/rc_remote.dir/Core/Src/stm32l1xx_it.c.obj
                0x0000000008000a4c                SPI2_IRQHandler
 .text.TIM6_IRQHandler
                0x0000000008000a5c       0x10 CMakeFiles/rc_remote.dir/Core/Src/stm32l1xx_it.c.obj
                0x0000000008000a5c                TIM6_IRQHandler
 .text.SystemInit
                0x0000000008000a6c        0x2 CMakeFiles/rc_remote.dir/Core/Src/system_stm32l1xx.c.obj
                0x0000000008000a6c                SystemInit
 *fill*         0x0000000008000a6e        0x2 
 .text.MX_USART1_UART_Init
                0x0000000008000a70       0x34 CMakeFiles/rc_remote.dir/Core/Src/usart.c.obj
                0x0000000008000a70                MX_USART1_UART_Init
 .text.HAL_UART_MspInit
                0x0000000008000aa4       0x6c CMakeFiles/rc_remote.dir/Core/Src/usart.c.obj
                0x0000000008000aa4                HAL_UART_MspInit
 .text.HAL_Init
                0x0000000008000b10       0x1e CMakeFiles/rc_remote.dir/Drivers/STM32L1xx_HAL_Driver/Src/stm32l1xx_hal.c.obj
                0x0000000008000b10                HAL_Init
 *fill*         0x0000000008000b2e        0x2 
 .text.HAL_IncTick
                0x0000000008000b30       0x18 CMakeFiles/rc_remote.dir/Drivers/STM32L1xx_HAL_Driver/Src/stm32l1xx_hal.c.obj
                0x0000000008000b30                HAL_IncTick
 .text.HAL_GetTick
                0x0000000008000b48        0xc CMakeFiles/rc_remote.dir/Drivers/STM32L1xx_HAL_Driver/Src/stm32l1xx_hal.c.obj
                0x0000000008000b48                HAL_GetTick
 .text.HAL_Delay
                0x0000000008000b54       0x28 CMakeFiles/rc_remote.dir/Drivers/STM32L1xx_HAL_Driver/Src/stm32l1xx_hal.c.obj
                0x0000000008000b54                HAL_Delay
 .text.HAL_ADC_Init
                0x0000000008000b7c      0x19c CMakeFiles/rc_remote.dir/Drivers/STM32L1xx_HAL_Driver/Src/stm32l1xx_hal_adc.c.obj
                0x0000000008000b7c                HAL_ADC_Init
 .text.HAL_ADC_ConfigChannel
                0x0000000008000d18      0x198 CMakeFiles/rc_remote.dir/Drivers/STM32L1xx_HAL_Driver/Src/stm32l1xx_hal_adc.c.obj
                0x0000000008000d18                HAL_ADC_ConfigChannel
 .text.HAL_NVIC_SetPriorityGrouping
                0x0000000008000eb0       0x24 CMakeFiles/rc_remote.dir/Drivers/STM32L1xx_HAL_Driver/Src/stm32l1xx_hal_cortex.c.obj
                0x0000000008000eb0                HAL_NVIC_SetPriorityGrouping
 .text.HAL_NVIC_SetPriority
                0x0000000008000ed4       0x70 CMakeFiles/rc_remote.dir/Drivers/STM32L1xx_HAL_Driver/Src/stm32l1xx_hal_cortex.c.obj
                0x0000000008000ed4                HAL_NVIC_SetPriority
 .text.HAL_NVIC_EnableIRQ
                0x0000000008000f44       0x1c CMakeFiles/rc_remote.dir/Drivers/STM32L1xx_HAL_Driver/Src/stm32l1xx_hal_cortex.c.obj
                0x0000000008000f44                HAL_NVIC_EnableIRQ
 .text.HAL_DMA_Init
                0x0000000008000f60       0x6c CMakeFiles/rc_remote.dir/Drivers/STM32L1xx_HAL_Driver/Src/stm32l1xx_hal_dma.c.obj
                0x0000000008000f60                HAL_DMA_Init
 .text.HAL_DMA_Abort_IT
                0x0000000008000fcc       0x50 CMakeFiles/rc_remote.dir/Drivers/STM32L1xx_HAL_Driver/Src/stm32l1xx_hal_dma.c.obj
                0x0000000008000fcc                HAL_DMA_Abort_IT
 .text.HAL_DMA_IRQHandler
                0x000000000800101c       0xc4 CMakeFiles/rc_remote.dir/Drivers/STM32L1xx_HAL_Driver/Src/stm32l1xx_hal_dma.c.obj
                0x000000000800101c                HAL_DMA_IRQHandler
 .text.HAL_GPIO_Init
                0x00000000080010e0      0x1d0 CMakeFiles/rc_remote.dir/Drivers/STM32L1xx_HAL_Driver/Src/stm32l1xx_hal_gpio.c.obj
                0x00000000080010e0                HAL_GPIO_Init
 .text.HAL_GPIO_WritePin
                0x00000000080012b0        0xc CMakeFiles/rc_remote.dir/Drivers/STM32L1xx_HAL_Driver/Src/stm32l1xx_hal_gpio.c.obj
                0x00000000080012b0                HAL_GPIO_WritePin
 .text.HAL_GPIO_TogglePin
                0x00000000080012bc       0x12 CMakeFiles/rc_remote.dir/Drivers/STM32L1xx_HAL_Driver/Src/stm32l1xx_hal_gpio.c.obj
                0x00000000080012bc                HAL_GPIO_TogglePin
 *fill*         0x00000000080012ce        0x2 
 .text.RCC_SetFlashLatencyFromMSIRange
                0x00000000080012d0       0x90 CMakeFiles/rc_remote.dir/Drivers/STM32L1xx_HAL_Driver/Src/stm32l1xx_hal_rcc.c.obj
 .text.HAL_RCC_OscConfig
                0x0000000008001360      0x4f8 CMakeFiles/rc_remote.dir/Drivers/STM32L1xx_HAL_Driver/Src/stm32l1xx_hal_rcc.c.obj
                0x0000000008001360                HAL_RCC_OscConfig
 .text.HAL_RCC_GetSysClockFreq
                0x0000000008001858       0xd8 CMakeFiles/rc_remote.dir/Drivers/STM32L1xx_HAL_Driver/Src/stm32l1xx_hal_rcc.c.obj
                0x0000000008001858                HAL_RCC_GetSysClockFreq
 .text.HAL_RCC_ClockConfig
                0x0000000008001930      0x1dc CMakeFiles/rc_remote.dir/Drivers/STM32L1xx_HAL_Driver/Src/stm32l1xx_hal_rcc.c.obj
                0x0000000008001930                HAL_RCC_ClockConfig
 .text.HAL_RCC_GetHCLKFreq
                0x0000000008001b0c        0xc CMakeFiles/rc_remote.dir/Drivers/STM32L1xx_HAL_Driver/Src/stm32l1xx_hal_rcc.c.obj
                0x0000000008001b0c                HAL_RCC_GetHCLKFreq
 .text.HAL_RCC_GetPCLK1Freq
                0x0000000008001b18       0x20 CMakeFiles/rc_remote.dir/Drivers/STM32L1xx_HAL_Driver/Src/stm32l1xx_hal_rcc.c.obj
                0x0000000008001b18                HAL_RCC_GetPCLK1Freq
 .text.HAL_RCC_GetPCLK2Freq
                0x0000000008001b38       0x20 CMakeFiles/rc_remote.dir/Drivers/STM32L1xx_HAL_Driver/Src/stm32l1xx_hal_rcc.c.obj
                0x0000000008001b38                HAL_RCC_GetPCLK2Freq
 .text.HAL_RCC_GetClockConfig
                0x0000000008001b58       0x3c CMakeFiles/rc_remote.dir/Drivers/STM32L1xx_HAL_Driver/Src/stm32l1xx_hal_rcc.c.obj
                0x0000000008001b58                HAL_RCC_GetClockConfig
 .text.HAL_SPI_Init
                0x0000000008001b94       0xac CMakeFiles/rc_remote.dir/Drivers/STM32L1xx_HAL_Driver/Src/stm32l1xx_hal_spi.c.obj
                0x0000000008001b94                HAL_SPI_Init
 .text.HAL_SPI_ErrorCallback
                0x0000000008001c40        0x2 CMakeFiles/rc_remote.dir/Drivers/STM32L1xx_HAL_Driver/Src/stm32l1xx_hal_spi.c.obj
                0x0000000008001c40                HAL_SPI_ErrorCallback
 *fill*         0x0000000008001c42        0x2 
 .text.HAL_SPI_IRQHandler
                0x0000000008001c44      0x108 CMakeFiles/rc_remote.dir/Drivers/STM32L1xx_HAL_Driver/Src/stm32l1xx_hal_spi.c.obj
                0x0000000008001c44                HAL_SPI_IRQHandler
 .text.SPI_DMAAbortOnError
                0x0000000008001d4c       0x10 CMakeFiles/rc_remote.dir/Drivers/STM32L1xx_HAL_Driver/Src/stm32l1xx_hal_spi.c.obj
 .text.TIM_Base_SetConfig
                0x0000000008001d5c       0x70 CMakeFiles/rc_remote.dir/Drivers/STM32L1xx_HAL_Driver/Src/stm32l1xx_hal_tim.c.obj
 .text.HAL_TIM_Base_MspInit
                0x0000000008001dcc        0x2 CMakeFiles/rc_remote.dir/Drivers/STM32L1xx_HAL_Driver/Src/stm32l1xx_hal_tim.c.obj
                0x0000000008001dcc                HAL_TIM_Base_MspInit
 .text.HAL_TIM_Base_Init
                0x0000000008001dce       0x48 CMakeFiles/rc_remote.dir/Drivers/STM32L1xx_HAL_Driver/Src/stm32l1xx_hal_tim.c.obj
                0x0000000008001dce                HAL_TIM_Base_Init
 *fill*         0x0000000008001e16        0x2 
 .text.HAL_TIM_Base_Start_IT
                0x0000000008001e18       0x68 CMakeFiles/rc_remote.dir/Drivers/STM32L1xx_HAL_Driver/Src/stm32l1xx_hal_tim.c.obj
                0x0000000008001e18                HAL_TIM_Base_Start_IT
 .text.HAL_TIM_OC_DelayElapsedCallback
                0x0000000008001e80        0x2 CMakeFiles/rc_remote.dir/Drivers/STM32L1xx_HAL_Driver/Src/stm32l1xx_hal_tim.c.obj
                0x0000000008001e80                HAL_TIM_OC_DelayElapsedCallback
 .text.HAL_TIM_IC_CaptureCallback
                0x0000000008001e82        0x2 CMakeFiles/rc_remote.dir/Drivers/STM32L1xx_HAL_Driver/Src/stm32l1xx_hal_tim.c.obj
                0x0000000008001e82                HAL_TIM_IC_CaptureCallback
 .text.HAL_TIM_PWM_PulseFinishedCallback
                0x0000000008001e84        0x2 CMakeFiles/rc_remote.dir/Drivers/STM32L1xx_HAL_Driver/Src/stm32l1xx_hal_tim.c.obj
                0x0000000008001e84                HAL_TIM_PWM_PulseFinishedCallback
 .text.HAL_TIM_TriggerCallback
                0x0000000008001e86        0x2 CMakeFiles/rc_remote.dir/Drivers/STM32L1xx_HAL_Driver/Src/stm32l1xx_hal_tim.c.obj
                0x0000000008001e86                HAL_TIM_TriggerCallback
 .text.HAL_TIM_IRQHandler
                0x0000000008001e88      0x13a CMakeFiles/rc_remote.dir/Drivers/STM32L1xx_HAL_Driver/Src/stm32l1xx_hal_tim.c.obj
                0x0000000008001e88                HAL_TIM_IRQHandler
 *fill*         0x0000000008001fc2        0x2 
 .text.UART_SetConfig
                0x0000000008001fc4       0xdc CMakeFiles/rc_remote.dir/Drivers/STM32L1xx_HAL_Driver/Src/stm32l1xx_hal_uart.c.obj
 .text.HAL_UART_Init
                0x00000000080020a0       0x5e CMakeFiles/rc_remote.dir/Drivers/STM32L1xx_HAL_Driver/Src/stm32l1xx_hal_uart.c.obj
                0x00000000080020a0                HAL_UART_Init
 *fill*         0x00000000080020fe        0x2 
 .text.Reset_Handler
                0x0000000008002100       0x48 CMakeFiles/rc_remote.dir/Drivers/startup_stm32l151xba.s.obj
                0x0000000008002100                Reset_Handler
 .text.Default_Handler
                0x0000000008002148        0x2 CMakeFiles/rc_remote.dir/Drivers/startup_stm32l151xba.s.obj
                0x0000000008002148                I2C1_ER_IRQHandler
                0x0000000008002148                EXTI2_IRQHandler
                0x0000000008002148                TIM10_IRQHandler
                0x0000000008002148                USB_HP_IRQHandler
                0x0000000008002148                PVD_IRQHandler
                0x0000000008002148                EXTI3_IRQHandler
                0x0000000008002148                EXTI0_IRQHandler
                0x0000000008002148                I2C2_EV_IRQHandler
                0x0000000008002148                USB_FS_WKUP_IRQHandler
                0x0000000008002148                DMA1_Channel4_IRQHandler
                0x0000000008002148                ADC1_IRQHandler
                0x0000000008002148                USART3_IRQHandler
                0x0000000008002148                DMA1_Channel7_IRQHandler
                0x0000000008002148                TIM4_IRQHandler
                0x0000000008002148                I2C1_EV_IRQHandler
                0x0000000008002148                DMA1_Channel6_IRQHandler
                0x0000000008002148                TIM3_IRQHandler
                0x0000000008002148                RCC_IRQHandler
                0x0000000008002148                DMA1_Channel1_IRQHandler
                0x0000000008002148                Default_Handler
                0x0000000008002148                EXTI15_10_IRQHandler
                0x0000000008002148                TIM7_IRQHandler
                0x0000000008002148                EXTI9_5_IRQHandler
                0x0000000008002148                TIM9_IRQHandler
                0x0000000008002148                TAMPER_STAMP_IRQHandler
                0x0000000008002148                RTC_WKUP_IRQHandler
                0x0000000008002148                USB_LP_IRQHandler
                0x0000000008002148                EXTI4_IRQHandler
                0x0000000008002148                DMA1_Channel3_IRQHandler
                0x0000000008002148                COMP_IRQHandler
                0x0000000008002148                WWDG_IRQHandler
                0x0000000008002148                TIM2_IRQHandler
                0x0000000008002148                DAC_IRQHandler
                0x0000000008002148                EXTI1_IRQHandler
                0x0000000008002148                TIM11_IRQHandler
                0x0000000008002148                USART2_IRQHandler
                0x0000000008002148                I2C2_ER_IRQHandler
                0x0000000008002148                DMA1_Channel2_IRQHandler
                0x0000000008002148                FLASH_IRQHandler
                0x0000000008002148                USART1_IRQHandler
                0x0000000008002148                RTC_Alarm_IRQHandler
 .text.TimerCallback
                0x000000000800214a       0x10 CMakeFiles/rc_remote.dir/Middlewares/Third_Party/FreeRTOS/Source/CMSIS_RTOS_V2/cmsis_os2.c.obj
 *fill*         0x000000000800215a        0x2 
 .text.osKernelInitialize
                0x000000000800215c       0x44 CMakeFiles/rc_remote.dir/Middlewares/Third_Party/FreeRTOS/Source/CMSIS_RTOS_V2/cmsis_os2.c.obj
                0x000000000800215c                osKernelInitialize
 .text.osKernelStart
                0x00000000080021a0       0x4c CMakeFiles/rc_remote.dir/Middlewares/Third_Party/FreeRTOS/Source/CMSIS_RTOS_V2/cmsis_os2.c.obj
                0x00000000080021a0                osKernelStart
 .text.osThreadNew
                0x00000000080021ec       0xec CMakeFiles/rc_remote.dir/Middlewares/Third_Party/FreeRTOS/Source/CMSIS_RTOS_V2/cmsis_os2.c.obj
                0x00000000080021ec                osThreadNew
 .text.osDelay  0x00000000080022d8       0x44 CMakeFiles/rc_remote.dir/Middlewares/Third_Party/FreeRTOS/Source/CMSIS_RTOS_V2/cmsis_os2.c.obj
                0x00000000080022d8                osDelay
 .text.osTimerNew
                0x000000000800231c       0xbc CMakeFiles/rc_remote.dir/Middlewares/Third_Party/FreeRTOS/Source/CMSIS_RTOS_V2/cmsis_os2.c.obj
                0x000000000800231c                osTimerNew
 .text.vApplicationGetIdleTaskMemory
                0x00000000080023d8       0x18 CMakeFiles/rc_remote.dir/Middlewares/Third_Party/FreeRTOS/Source/CMSIS_RTOS_V2/cmsis_os2.c.obj
                0x00000000080023d8                vApplicationGetIdleTaskMemory
 .text.vApplicationGetTimerTaskMemory
                0x00000000080023f0       0x18 CMakeFiles/rc_remote.dir/Middlewares/Third_Party/FreeRTOS/Source/CMSIS_RTOS_V2/cmsis_os2.c.obj
                0x00000000080023f0                vApplicationGetTimerTaskMemory
 .text.vListInitialise
                0x0000000008002408       0x16 CMakeFiles/rc_remote.dir/Middlewares/Third_Party/FreeRTOS/Source/list.c.obj
                0x0000000008002408                vListInitialise
 .text.vListInitialiseItem
                0x000000000800241e        0x6 CMakeFiles/rc_remote.dir/Middlewares/Third_Party/FreeRTOS/Source/list.c.obj
                0x000000000800241e                vListInitialiseItem
 .text.vListInsertEnd
                0x0000000008002424       0x16 CMakeFiles/rc_remote.dir/Middlewares/Third_Party/FreeRTOS/Source/list.c.obj
                0x0000000008002424                vListInsertEnd
 .text.vListInsert
                0x000000000800243a       0x32 CMakeFiles/rc_remote.dir/Middlewares/Third_Party/FreeRTOS/Source/list.c.obj
                0x000000000800243a                vListInsert
 .text.uxListRemove
                0x000000000800246c       0x26 CMakeFiles/rc_remote.dir/Middlewares/Third_Party/FreeRTOS/Source/list.c.obj
                0x000000000800246c                uxListRemove
 *fill*         0x0000000008002492        0x2 
 .text.prvTaskExitError
                0x0000000008002494       0x40 CMakeFiles/rc_remote.dir/Middlewares/Third_Party/FreeRTOS/Source/portable/GCC/ARM_CM3/port.c.obj
 .text.prvPortStartFirstTask
                0x00000000080024d4       0x20 CMakeFiles/rc_remote.dir/Middlewares/Third_Party/FreeRTOS/Source/portable/GCC/ARM_CM3/port.c.obj
 .text.pxPortInitialiseStack
                0x00000000080024f4       0x24 CMakeFiles/rc_remote.dir/Middlewares/Third_Party/FreeRTOS/Source/portable/GCC/ARM_CM3/port.c.obj
                0x00000000080024f4                pxPortInitialiseStack
 *fill*         0x0000000008002518        0x8 
 .text.SVC_Handler
                0x0000000008002520       0x24 CMakeFiles/rc_remote.dir/Middlewares/Third_Party/FreeRTOS/Source/portable/GCC/ARM_CM3/port.c.obj
                0x0000000008002520                SVC_Handler
 .text.vPortEnterCritical
                0x0000000008002544       0x44 CMakeFiles/rc_remote.dir/Middlewares/Third_Party/FreeRTOS/Source/portable/GCC/ARM_CM3/port.c.obj
                0x0000000008002544                vPortEnterCritical
 .text.vPortExitCritical
                0x0000000008002588       0x2c CMakeFiles/rc_remote.dir/Middlewares/Third_Party/FreeRTOS/Source/portable/GCC/ARM_CM3/port.c.obj
                0x0000000008002588                vPortExitCritical
 *fill*         0x00000000080025b4        0xc 
 .text.PendSV_Handler
                0x00000000080025c0       0x44 CMakeFiles/rc_remote.dir/Middlewares/Third_Party/FreeRTOS/Source/portable/GCC/ARM_CM3/port.c.obj
                0x00000000080025c0                PendSV_Handler
 .text.SysTick_Handler
                0x0000000008002604       0x2c CMakeFiles/rc_remote.dir/Middlewares/Third_Party/FreeRTOS/Source/portable/GCC/ARM_CM3/port.c.obj
                0x0000000008002604                SysTick_Handler
 .text.vPortSetupTimerInterrupt
                0x0000000008002630       0x28 CMakeFiles/rc_remote.dir/Middlewares/Third_Party/FreeRTOS/Source/portable/GCC/ARM_CM3/port.c.obj
                0x0000000008002630                vPortSetupTimerInterrupt
 .text.xPortStartScheduler
                0x0000000008002658       0xc0 CMakeFiles/rc_remote.dir/Middlewares/Third_Party/FreeRTOS/Source/portable/GCC/ARM_CM3/port.c.obj
                0x0000000008002658                xPortStartScheduler
 .text.vPortValidateInterruptPriority
                0x0000000008002718       0x5c CMakeFiles/rc_remote.dir/Middlewares/Third_Party/FreeRTOS/Source/portable/GCC/ARM_CM3/port.c.obj
                0x0000000008002718                vPortValidateInterruptPriority
 .text.prvHeapInit
                0x0000000008002774       0x64 CMakeFiles/rc_remote.dir/Middlewares/Third_Party/FreeRTOS/Source/portable/MemMang/heap_4.c.obj
 .text.prvInsertBlockIntoFreeList
                0x00000000080027d8       0x60 CMakeFiles/rc_remote.dir/Middlewares/Third_Party/FreeRTOS/Source/portable/MemMang/heap_4.c.obj
 .text.pvPortMalloc
                0x0000000008002838       0xf0 CMakeFiles/rc_remote.dir/Middlewares/Third_Party/FreeRTOS/Source/portable/MemMang/heap_4.c.obj
                0x0000000008002838                pvPortMalloc
 .text.vPortFree
                0x0000000008002928       0x70 CMakeFiles/rc_remote.dir/Middlewares/Third_Party/FreeRTOS/Source/portable/MemMang/heap_4.c.obj
                0x0000000008002928                vPortFree
 .text.prvIsQueueFull
                0x0000000008002998       0x1e CMakeFiles/rc_remote.dir/Middlewares/Third_Party/FreeRTOS/Source/queue.c.obj
 .text.prvIsQueueEmpty
                0x00000000080029b6       0x1a CMakeFiles/rc_remote.dir/Middlewares/Third_Party/FreeRTOS/Source/queue.c.obj
 .text.prvCopyDataToQueue
                0x00000000080029d0       0x76 CMakeFiles/rc_remote.dir/Middlewares/Third_Party/FreeRTOS/Source/queue.c.obj
 .text.prvCopyDataFromQueue
                0x0000000008002a46       0x24 CMakeFiles/rc_remote.dir/Middlewares/Third_Party/FreeRTOS/Source/queue.c.obj
 .text.prvUnlockQueue
                0x0000000008002a6a       0x6e CMakeFiles/rc_remote.dir/Middlewares/Third_Party/FreeRTOS/Source/queue.c.obj
 .text.xQueueGenericReset
                0x0000000008002ad8       0x6c CMakeFiles/rc_remote.dir/Middlewares/Third_Party/FreeRTOS/Source/queue.c.obj
                0x0000000008002ad8                xQueueGenericReset
 .text.prvInitialiseNewQueue
                0x0000000008002b44       0x22 CMakeFiles/rc_remote.dir/Middlewares/Third_Party/FreeRTOS/Source/queue.c.obj
 .text.xQueueGenericCreateStatic
                0x0000000008002b66       0x92 CMakeFiles/rc_remote.dir/Middlewares/Third_Party/FreeRTOS/Source/queue.c.obj
                0x0000000008002b66                xQueueGenericCreateStatic
 .text.xQueueGenericSend
                0x0000000008002bf8      0x158 CMakeFiles/rc_remote.dir/Middlewares/Third_Party/FreeRTOS/Source/queue.c.obj
                0x0000000008002bf8                xQueueGenericSend
 .text.xQueueGenericSendFromISR
                0x0000000008002d50       0xcc CMakeFiles/rc_remote.dir/Middlewares/Third_Party/FreeRTOS/Source/queue.c.obj
                0x0000000008002d50                xQueueGenericSendFromISR
 .text.xQueueReceive
                0x0000000008002e1c      0x146 CMakeFiles/rc_remote.dir/Middlewares/Third_Party/FreeRTOS/Source/queue.c.obj
                0x0000000008002e1c                xQueueReceive
 *fill*         0x0000000008002f62        0x2 
 .text.vQueueAddToRegistry
                0x0000000008002f64       0x28 CMakeFiles/rc_remote.dir/Middlewares/Third_Party/FreeRTOS/Source/queue.c.obj
                0x0000000008002f64                vQueueAddToRegistry
 .text.vQueueWaitForMessageRestricted
                0x0000000008002f8c       0x52 CMakeFiles/rc_remote.dir/Middlewares/Third_Party/FreeRTOS/Source/queue.c.obj
                0x0000000008002f8c                vQueueWaitForMessageRestricted
 *fill*         0x0000000008002fde        0x2 
 .text.prvResetNextTaskUnblockTime
                0x0000000008002fe0       0x2c CMakeFiles/rc_remote.dir/Middlewares/Third_Party/FreeRTOS/Source/tasks.c.obj
 .text.prvInitialiseNewTask
                0x000000000800300c       0xc4 CMakeFiles/rc_remote.dir/Middlewares/Third_Party/FreeRTOS/Source/tasks.c.obj
 .text.prvInitialiseTaskLists
                0x00000000080030d0       0x68 CMakeFiles/rc_remote.dir/Middlewares/Third_Party/FreeRTOS/Source/tasks.c.obj
 .text.prvAddNewTaskToReadyList
                0x0000000008003138       0x90 CMakeFiles/rc_remote.dir/Middlewares/Third_Party/FreeRTOS/Source/tasks.c.obj
 .text.prvDeleteTCB
                0x00000000080031c8       0x40 CMakeFiles/rc_remote.dir/Middlewares/Third_Party/FreeRTOS/Source/tasks.c.obj
 .text.prvCheckTasksWaitingTermination
                0x0000000008003208       0x4c CMakeFiles/rc_remote.dir/Middlewares/Third_Party/FreeRTOS/Source/tasks.c.obj
 .text.prvIdleTask
                0x0000000008003254       0x1c CMakeFiles/rc_remote.dir/Middlewares/Third_Party/FreeRTOS/Source/tasks.c.obj
 .text.prvAddCurrentTaskToDelayedList
                0x0000000008003270       0x7c CMakeFiles/rc_remote.dir/Middlewares/Third_Party/FreeRTOS/Source/tasks.c.obj
 .text.xTaskCreateStatic
                0x00000000080032ec       0x74 CMakeFiles/rc_remote.dir/Middlewares/Third_Party/FreeRTOS/Source/tasks.c.obj
                0x00000000080032ec                xTaskCreateStatic
 .text.xTaskCreate
                0x0000000008003360       0x68 CMakeFiles/rc_remote.dir/Middlewares/Third_Party/FreeRTOS/Source/tasks.c.obj
                0x0000000008003360                xTaskCreate
 .text.vTaskStartScheduler
                0x00000000080033c8       0xac CMakeFiles/rc_remote.dir/Middlewares/Third_Party/FreeRTOS/Source/tasks.c.obj
                0x00000000080033c8                vTaskStartScheduler
 .text.vTaskSuspendAll
                0x0000000008003474       0x10 CMakeFiles/rc_remote.dir/Middlewares/Third_Party/FreeRTOS/Source/tasks.c.obj
                0x0000000008003474                vTaskSuspendAll
 .text.xTaskGetTickCount
                0x0000000008003484        0xc CMakeFiles/rc_remote.dir/Middlewares/Third_Party/FreeRTOS/Source/tasks.c.obj
                0x0000000008003484                xTaskGetTickCount
 .text.xTaskIncrementTick
                0x0000000008003490       0xe0 CMakeFiles/rc_remote.dir/Middlewares/Third_Party/FreeRTOS/Source/tasks.c.obj
                0x0000000008003490                xTaskIncrementTick
 .text.xTaskResumeAll
                0x0000000008003570       0xd8 CMakeFiles/rc_remote.dir/Middlewares/Third_Party/FreeRTOS/Source/tasks.c.obj
                0x0000000008003570                xTaskResumeAll
 .text.vTaskDelay
                0x0000000008003648       0x4c CMakeFiles/rc_remote.dir/Middlewares/Third_Party/FreeRTOS/Source/tasks.c.obj
                0x0000000008003648                vTaskDelay
 .text.vTaskSwitchContext
                0x0000000008003694       0xa0 CMakeFiles/rc_remote.dir/Middlewares/Third_Party/FreeRTOS/Source/tasks.c.obj
                0x0000000008003694                vTaskSwitchContext
 .text.vTaskPlaceOnEventList
                0x0000000008003734       0x30 CMakeFiles/rc_remote.dir/Middlewares/Third_Party/FreeRTOS/Source/tasks.c.obj
                0x0000000008003734                vTaskPlaceOnEventList
 .text.vTaskPlaceOnEventListRestricted
                0x0000000008003764       0x38 CMakeFiles/rc_remote.dir/Middlewares/Third_Party/FreeRTOS/Source/tasks.c.obj
                0x0000000008003764                vTaskPlaceOnEventListRestricted
 .text.xTaskRemoveFromEventList
                0x000000000800379c       0x8c CMakeFiles/rc_remote.dir/Middlewares/Third_Party/FreeRTOS/Source/tasks.c.obj
                0x000000000800379c                xTaskRemoveFromEventList
 .text.vTaskInternalSetTimeOutState
                0x0000000008003828       0x18 CMakeFiles/rc_remote.dir/Middlewares/Third_Party/FreeRTOS/Source/tasks.c.obj
                0x0000000008003828                vTaskInternalSetTimeOutState
 .text.xTaskCheckForTimeOut
                0x0000000008003840       0x84 CMakeFiles/rc_remote.dir/Middlewares/Third_Party/FreeRTOS/Source/tasks.c.obj
                0x0000000008003840                xTaskCheckForTimeOut
 .text.vTaskMissedYield
                0x00000000080038c4        0xc CMakeFiles/rc_remote.dir/Middlewares/Third_Party/FreeRTOS/Source/tasks.c.obj
                0x00000000080038c4                vTaskMissedYield
 .text.xTaskGetSchedulerState
                0x00000000080038d0       0x20 CMakeFiles/rc_remote.dir/Middlewares/Third_Party/FreeRTOS/Source/tasks.c.obj
                0x00000000080038d0                xTaskGetSchedulerState
 .text.xTaskPriorityDisinherit
                0x00000000080038f0       0x90 CMakeFiles/rc_remote.dir/Middlewares/Third_Party/FreeRTOS/Source/tasks.c.obj
                0x00000000080038f0                xTaskPriorityDisinherit
 .text.prvGetNextExpireTime
                0x0000000008003980       0x20 CMakeFiles/rc_remote.dir/Middlewares/Third_Party/FreeRTOS/Source/timers.c.obj
 .text.prvInsertTimerInActiveList
                0x00000000080039a0       0x48 CMakeFiles/rc_remote.dir/Middlewares/Third_Party/FreeRTOS/Source/timers.c.obj
 .text.prvCheckForValidListAndQueue
                0x00000000080039e8       0x70 CMakeFiles/rc_remote.dir/Middlewares/Third_Party/FreeRTOS/Source/timers.c.obj
 .text.prvInitialiseNewTimer
                0x0000000008003a58       0x40 CMakeFiles/rc_remote.dir/Middlewares/Third_Party/FreeRTOS/Source/timers.c.obj
 .text.xTimerCreateTimerTask
                0x0000000008003a98       0x64 CMakeFiles/rc_remote.dir/Middlewares/Third_Party/FreeRTOS/Source/timers.c.obj
                0x0000000008003a98                xTimerCreateTimerTask
 .text.xTimerCreate
                0x0000000008003afc       0x38 CMakeFiles/rc_remote.dir/Middlewares/Third_Party/FreeRTOS/Source/timers.c.obj
                0x0000000008003afc                xTimerCreate
 .text.xTimerCreateStatic
                0x0000000008003b34       0x50 CMakeFiles/rc_remote.dir/Middlewares/Third_Party/FreeRTOS/Source/timers.c.obj
                0x0000000008003b34                xTimerCreateStatic
 .text.xTimerGenericCommand
                0x0000000008003b84       0x6c CMakeFiles/rc_remote.dir/Middlewares/Third_Party/FreeRTOS/Source/timers.c.obj
                0x0000000008003b84                xTimerGenericCommand
 .text.prvSwitchTimerLists
                0x0000000008003bf0       0x78 CMakeFiles/rc_remote.dir/Middlewares/Third_Party/FreeRTOS/Source/timers.c.obj
 .text.prvSampleTimeNow
                0x0000000008003c68       0x2c CMakeFiles/rc_remote.dir/Middlewares/Third_Party/FreeRTOS/Source/timers.c.obj
 .text.prvProcessExpiredTimer
                0x0000000008003c94       0x60 CMakeFiles/rc_remote.dir/Middlewares/Third_Party/FreeRTOS/Source/timers.c.obj
 .text.prvProcessTimerOrBlockTask
                0x0000000008003cf4       0x74 CMakeFiles/rc_remote.dir/Middlewares/Third_Party/FreeRTOS/Source/timers.c.obj
 .text.prvProcessReceivedCommands
                0x0000000008003d68       0xf8 CMakeFiles/rc_remote.dir/Middlewares/Third_Party/FreeRTOS/Source/timers.c.obj
 .text.prvTimerTask
                0x0000000008003e60       0x16 CMakeFiles/rc_remote.dir/Middlewares/Third_Party/FreeRTOS/Source/timers.c.obj
 .text.pvTimerGetTimerID
                0x0000000008003e76       0x26 CMakeFiles/rc_remote.dir/Middlewares/Third_Party/FreeRTOS/Source/timers.c.obj
                0x0000000008003e76                pvTimerGetTimerID
 .text.ledTimeoutCallback
                0x0000000008003e9c        0x2 CMakeFiles/rc_remote.dir/App/ws2812/ws2812App.cpp.obj
                0x0000000008003e9c                ledTimeoutCallback
 *fill*         0x0000000008003e9e        0x2 
 .text.__libc_init_array
                0x0000000008003ea0       0x48 /Applications/ARM/bin/../lib/gcc/arm-none-eabi/10.2.1/../../../../arm-none-eabi/lib/thumb/v7-m/nofp/libc_nano.a(lib_a-init.o)
                0x0000000008003ea0                __libc_init_array
 .text.__retarget_lock_acquire_recursive
                0x0000000008003ee8        0x2 /Applications/ARM/bin/../lib/gcc/arm-none-eabi/10.2.1/../../../../arm-none-eabi/lib/thumb/v7-m/nofp/libc_nano.a(lib_a-lock.o)
                0x0000000008003ee8                __retarget_lock_acquire_recursive
 .text.__retarget_lock_release_recursive
                0x0000000008003eea        0x2 /Applications/ARM/bin/../lib/gcc/arm-none-eabi/10.2.1/../../../../arm-none-eabi/lib/thumb/v7-m/nofp/libc_nano.a(lib_a-lock.o)
                0x0000000008003eea                __retarget_lock_release_recursive
 .text.memcpy   0x0000000008003eec       0x1c /Applications/ARM/bin/../lib/gcc/arm-none-eabi/10.2.1/../../../../arm-none-eabi/lib/thumb/v7-m/nofp/libc_nano.a(lib_a-memcpy-stub.o)
                0x0000000008003eec                memcpy
 .text.memset   0x0000000008003f08       0x10 /Applications/ARM/bin/../lib/gcc/arm-none-eabi/10.2.1/../../../../arm-none-eabi/lib/thumb/v7-m/nofp/libc_nano.a(lib_a-memset.o)
                0x0000000008003f08                memset
 .text._free_r  0x0000000008003f18       0x90 /Applications/ARM/bin/../lib/gcc/arm-none-eabi/10.2.1/../../../../arm-none-eabi/lib/thumb/v7-m/nofp/libc_nano.a(lib_a-nano-freer.o)
                0x0000000008003f18                _free_r
 .text.cleanup_glue
                0x0000000008003fa8       0x1a /Applications/ARM/bin/../lib/gcc/arm-none-eabi/10.2.1/../../../../arm-none-eabi/lib/thumb/v7-m/nofp/libc_nano.a(lib_a-reent.o)
                0x0000000008003fa8                cleanup_glue
 *fill*         0x0000000008003fc2        0x2 
 .text._reclaim_reent
                0x0000000008003fc4       0xb8 /Applications/ARM/bin/../lib/gcc/arm-none-eabi/10.2.1/../../../../arm-none-eabi/lib/thumb/v7-m/nofp/libc_nano.a(lib_a-reent.o)
                0x0000000008003fc4                _reclaim_reent
 .text.__malloc_lock
                0x000000000800407c        0xc /Applications/ARM/bin/../lib/gcc/arm-none-eabi/10.2.1/../../../../arm-none-eabi/lib/thumb/v7-m/nofp/libc_nano.a(lib_a-mlock.o)
                0x000000000800407c                __malloc_lock
 .text.__malloc_unlock
                0x0000000008004088        0xc /Applications/ARM/bin/../lib/gcc/arm-none-eabi/10.2.1/../../../../arm-none-eabi/lib/thumb/v7-m/nofp/libc_nano.a(lib_a-mlock.o)
                0x0000000008004088                __malloc_unlock
 *(.glue_7)
 .glue_7        0x0000000008004094        0x0 linker stubs
 *(.glue_7t)
 .glue_7t       0x0000000008004094        0x0 linker stubs
 *(.eh_frame)
 .eh_frame      0x0000000008004094        0x0 /Applications/ARM/bin/../lib/gcc/arm-none-eabi/10.2.1/thumb/v7-m/nofp/crtbegin.o
 *(.init)
 .init          0x0000000008004094        0x4 /Applications/ARM/bin/../lib/gcc/arm-none-eabi/10.2.1/thumb/v7-m/nofp/crti.o
                0x0000000008004094                _init
 .init          0x0000000008004098        0x8 /Applications/ARM/bin/../lib/gcc/arm-none-eabi/10.2.1/thumb/v7-m/nofp/crtn.o
 *(.fini)
 .fini          0x00000000080040a0        0x4 /Applications/ARM/bin/../lib/gcc/arm-none-eabi/10.2.1/thumb/v7-m/nofp/crti.o
                0x00000000080040a0                _fini
 .fini          0x00000000080040a4        0x8 /Applications/ARM/bin/../lib/gcc/arm-none-eabi/10.2.1/thumb/v7-m/nofp/crtn.o
                0x00000000080040ac                . = ALIGN (0x4)
                0x00000000080040ac                _etext = .

.vfp11_veneer   0x00000000080040ac        0x0
 .vfp11_veneer  0x00000000080040ac        0x0 linker stubs

.v4_bx          0x00000000080040ac        0x0
 .v4_bx         0x00000000080040ac        0x0 linker stubs

.iplt           0x00000000080040ac        0x0
 .iplt          0x00000000080040ac        0x0 /Applications/ARM/bin/../lib/gcc/arm-none-eabi/10.2.1/thumb/v7-m/nofp/crtbegin.o

.rodata         0x00000000080040ac      0x134
                0x00000000080040ac                . = ALIGN (0x4)
 *(.rodata)
 *(.rodata*)
 .rodata.str1.4
                0x00000000080040ac       0x30 CMakeFiles/rc_remote.dir/Core/Src/freertos.c.obj
 .rodata.defaultTask_attributes
                0x00000000080040dc       0x24 CMakeFiles/rc_remote.dir/Core/Src/freertos.c.obj
                0x00000000080040dc                defaultTask_attributes
 .rodata.ledTimeout_attributes
                0x0000000008004100       0x10 CMakeFiles/rc_remote.dir/Core/Src/freertos.c.obj
                0x0000000008004100                ledTimeout_attributes
 .rodata.radioHeartbeat_attributes
                0x0000000008004110       0x10 CMakeFiles/rc_remote.dir/Core/Src/freertos.c.obj
                0x0000000008004110                radioHeartbeat_attributes
 .rodata.radio_attributes
                0x0000000008004120       0x24 CMakeFiles/rc_remote.dir/Core/Src/freertos.c.obj
                0x0000000008004120                radio_attributes
 .rodata.AHBPrescTable
                0x0000000008004144       0x10 CMakeFiles/rc_remote.dir/Core/Src/system_stm32l1xx.c.obj
                0x0000000008004144                AHBPrescTable
 .rodata.APBPrescTable
                0x0000000008004154        0x8 CMakeFiles/rc_remote.dir/Core/Src/system_stm32l1xx.c.obj
                0x0000000008004154                APBPrescTable
 .rodata.PLLMulTable
                0x000000000800415c        0x9 CMakeFiles/rc_remote.dir/Core/Src/system_stm32l1xx.c.obj
                0x000000000800415c                PLLMulTable
 *fill*         0x0000000008004165        0x3 
 .rodata.vTaskStartScheduler.str1.4
                0x0000000008004168        0x5 CMakeFiles/rc_remote.dir/Middlewares/Third_Party/FreeRTOS/Source/tasks.c.obj
 *fill*         0x000000000800416d        0x3 
 .rodata.prvCheckForValidListAndQueue.str1.4
                0x0000000008004170        0x5 CMakeFiles/rc_remote.dir/Middlewares/Third_Party/FreeRTOS/Source/timers.c.obj
 *fill*         0x0000000008004175        0x3 
 .rodata.xTimerCreateTimerTask.str1.4
                0x0000000008004178        0x8 CMakeFiles/rc_remote.dir/Middlewares/Third_Party/FreeRTOS/Source/timers.c.obj
 .rodata.__sf_fake_stderr
                0x0000000008004180       0x20 /Applications/ARM/bin/../lib/gcc/arm-none-eabi/10.2.1/../../../../arm-none-eabi/lib/thumb/v7-m/nofp/libc_nano.a(lib_a-findfp.o)
                0x0000000008004180                __sf_fake_stderr
 .rodata.__sf_fake_stdin
                0x00000000080041a0       0x20 /Applications/ARM/bin/../lib/gcc/arm-none-eabi/10.2.1/../../../../arm-none-eabi/lib/thumb/v7-m/nofp/libc_nano.a(lib_a-findfp.o)
                0x00000000080041a0                __sf_fake_stdin
 .rodata.__sf_fake_stdout
                0x00000000080041c0       0x20 /Applications/ARM/bin/../lib/gcc/arm-none-eabi/10.2.1/../../../../arm-none-eabi/lib/thumb/v7-m/nofp/libc_nano.a(lib_a-findfp.o)
                0x00000000080041c0                __sf_fake_stdout
                0x00000000080041e0                . = ALIGN (0x4)

.ARM.extab
 *(.ARM.extab* .gnu.linkonce.armextab.*)

.ARM            0x00000000080041e0        0x8
                0x00000000080041e0                __exidx_start = .
 *(.ARM.exidx*)
 .ARM.exidx     0x00000000080041e0        0x8 /Applications/ARM/bin/../lib/gcc/arm-none-eabi/10.2.1/thumb/v7-m/nofp/libgcc.a(_udivmoddi4.o)
                0x00000000080041e8                __exidx_end = .

.rel.dyn        0x00000000080041e8        0x0
 .rel.iplt      0x00000000080041e8        0x0 /Applications/ARM/bin/../lib/gcc/arm-none-eabi/10.2.1/thumb/v7-m/nofp/crtbegin.o

.preinit_array  0x00000000080041e8        0x0
                0x00000000080041e8                PROVIDE (__preinit_array_start = .)
 *(.preinit_array*)
                0x00000000080041e8                PROVIDE (__preinit_array_end = .)

.init_array     0x00000000080041e8        0x4
                0x00000000080041e8                PROVIDE (__init_array_start = .)
 *(SORT_BY_NAME(.init_array.*))
 *(.init_array*)
 .init_array    0x00000000080041e8        0x4 /Applications/ARM/bin/../lib/gcc/arm-none-eabi/10.2.1/thumb/v7-m/nofp/crtbegin.o
                0x00000000080041ec                PROVIDE (__init_array_end = .)

.fini_array     0x00000000080041ec        0x4
                [!provide]                        PROVIDE (__fini_array_start = .)
 *(SORT_BY_NAME(.fini_array.*))
 *(.fini_array*)
 .fini_array    0x00000000080041ec        0x4 /Applications/ARM/bin/../lib/gcc/arm-none-eabi/10.2.1/thumb/v7-m/nofp/crtbegin.o
                [!provide]                        PROVIDE (__fini_array_end = .)
                0x00000000080041f0                _sidata = LOADADDR (.data)

.data           0x0000000020000000       0x74 load address 0x00000000080041f0
                0x0000000020000000                . = ALIGN (0x4)
                0x0000000020000000                _sdata = .
 *(.data)
 *(.data*)
 .data.SystemCoreClock
                0x0000000020000000        0x4 CMakeFiles/rc_remote.dir/Core/Src/system_stm32l1xx.c.obj
                0x0000000020000000                SystemCoreClock
 .data.uwTickFreq
                0x0000000020000004        0x4 CMakeFiles/rc_remote.dir/Drivers/STM32L1xx_HAL_Driver/Src/stm32l1xx_hal.c.obj
                0x0000000020000004                uwTickFreq
 .data.uwTickPrio
                0x0000000020000008        0x4 CMakeFiles/rc_remote.dir/Drivers/STM32L1xx_HAL_Driver/Src/stm32l1xx_hal.c.obj
                0x0000000020000008                uwTickPrio
 .data.uxCriticalNesting
                0x000000002000000c        0x4 CMakeFiles/rc_remote.dir/Middlewares/Third_Party/FreeRTOS/Source/portable/GCC/ARM_CM3/port.c.obj
 .data._impure_ptr
                0x0000000020000010        0x4 /Applications/ARM/bin/../lib/gcc/arm-none-eabi/10.2.1/../../../../arm-none-eabi/lib/thumb/v7-m/nofp/libc_nano.a(lib_a-impure.o)
                0x0000000020000010                _impure_ptr
 .data.impure_data
                0x0000000020000014       0x60 /Applications/ARM/bin/../lib/gcc/arm-none-eabi/10.2.1/../../../../arm-none-eabi/lib/thumb/v7-m/nofp/libc_nano.a(lib_a-impure.o)
                0x0000000020000074                . = ALIGN (0x4)
                0x0000000020000074                _edata = .

.igot.plt       0x0000000020000074        0x0 load address 0x0000000008004264
 .igot.plt      0x0000000020000074        0x0 /Applications/ARM/bin/../lib/gcc/arm-none-eabi/10.2.1/thumb/v7-m/nofp/crtbegin.o
                0x0000000020000074                . = ALIGN (0x4)

.bss            0x0000000020000074     0x1c0c load address 0x0000000008004264
                0x0000000020000074                _sbss = .
                0x0000000020000074                __bss_start__ = _sbss
 *(.bss)
 .bss           0x0000000020000074       0x1c /Applications/ARM/bin/../lib/gcc/arm-none-eabi/10.2.1/thumb/v7-m/nofp/crtbegin.o
 *(.bss*)
 .bss.hadc      0x0000000020000090       0x54 CMakeFiles/rc_remote.dir/Core/Src/adc.c.obj
                0x0000000020000090                hadc
 .bss.defaultTaskHandle
                0x00000000200000e4        0x4 CMakeFiles/rc_remote.dir/Core/Src/freertos.c.obj
                0x00000000200000e4                defaultTaskHandle
 .bss.ledTimeoutHandle
                0x00000000200000e8        0x4 CMakeFiles/rc_remote.dir/Core/Src/freertos.c.obj
                0x00000000200000e8                ledTimeoutHandle
 .bss.radioHandle
                0x00000000200000ec        0x4 CMakeFiles/rc_remote.dir/Core/Src/freertos.c.obj
                0x00000000200000ec                radioHandle
 .bss.radioHeartbeatHandle
                0x00000000200000f0        0x4 CMakeFiles/rc_remote.dir/Core/Src/freertos.c.obj
                0x00000000200000f0                radioHeartbeatHandle
 .bss.hdma_spi2_tx
                0x00000000200000f4       0x44 CMakeFiles/rc_remote.dir/Core/Src/spi.c.obj
                0x00000000200000f4                hdma_spi2_tx
 .bss.hspi1     0x0000000020000138       0x58 CMakeFiles/rc_remote.dir/Core/Src/spi.c.obj
                0x0000000020000138                hspi1
 .bss.hspi2     0x0000000020000190       0x58 CMakeFiles/rc_remote.dir/Core/Src/spi.c.obj
                0x0000000020000190                hspi2
 .bss.htim6     0x00000000200001e8       0x40 CMakeFiles/rc_remote.dir/Core/Src/stm32l1xx_hal_timebase_tim.c.obj
                0x00000000200001e8                htim6
 .bss.huart1    0x0000000020000228       0x44 CMakeFiles/rc_remote.dir/Core/Src/usart.c.obj
                0x0000000020000228                huart1
 .bss.uwTick    0x000000002000026c        0x4 CMakeFiles/rc_remote.dir/Drivers/STM32L1xx_HAL_Driver/Src/stm32l1xx_hal.c.obj
                0x000000002000026c                uwTick
 .bss.Idle_Stack
                0x0000000020000270      0x200 CMakeFiles/rc_remote.dir/Middlewares/Third_Party/FreeRTOS/Source/CMSIS_RTOS_V2/cmsis_os2.c.obj
 .bss.Idle_TCB  0x0000000020000470       0xbc CMakeFiles/rc_remote.dir/Middlewares/Third_Party/FreeRTOS/Source/CMSIS_RTOS_V2/cmsis_os2.c.obj
 .bss.KernelState
                0x000000002000052c        0x4 CMakeFiles/rc_remote.dir/Middlewares/Third_Party/FreeRTOS/Source/CMSIS_RTOS_V2/cmsis_os2.c.obj
 .bss.Timer_Stack
                0x0000000020000530      0x400 CMakeFiles/rc_remote.dir/Middlewares/Third_Party/FreeRTOS/Source/CMSIS_RTOS_V2/cmsis_os2.c.obj
 .bss.Timer_TCB
                0x0000000020000930       0xbc CMakeFiles/rc_remote.dir/Middlewares/Third_Party/FreeRTOS/Source/CMSIS_RTOS_V2/cmsis_os2.c.obj
 .bss.ucMaxSysCallPriority
                0x00000000200009ec        0x1 CMakeFiles/rc_remote.dir/Middlewares/Third_Party/FreeRTOS/Source/portable/GCC/ARM_CM3/port.c.obj
 *fill*         0x00000000200009ed        0x3 
 .bss.ulMaxPRIGROUPValue
                0x00000000200009f0        0x4 CMakeFiles/rc_remote.dir/Middlewares/Third_Party/FreeRTOS/Source/portable/GCC/ARM_CM3/port.c.obj
 .bss.pxEnd     0x00000000200009f4        0x4 CMakeFiles/rc_remote.dir/Middlewares/Third_Party/FreeRTOS/Source/portable/MemMang/heap_4.c.obj
 .bss.ucHeap    0x00000000200009f8      0xc00 CMakeFiles/rc_remote.dir/Middlewares/Third_Party/FreeRTOS/Source/portable/MemMang/heap_4.c.obj
 .bss.xBlockAllocatedBit
                0x00000000200015f8        0x4 CMakeFiles/rc_remote.dir/Middlewares/Third_Party/FreeRTOS/Source/portable/MemMang/heap_4.c.obj
 .bss.xFreeBytesRemaining
                0x00000000200015fc        0x4 CMakeFiles/rc_remote.dir/Middlewares/Third_Party/FreeRTOS/Source/portable/MemMang/heap_4.c.obj
 .bss.xMinimumEverFreeBytesRemaining
                0x0000000020001600        0x4 CMakeFiles/rc_remote.dir/Middlewares/Third_Party/FreeRTOS/Source/portable/MemMang/heap_4.c.obj
 .bss.xStart    0x0000000020001604        0x8 CMakeFiles/rc_remote.dir/Middlewares/Third_Party/FreeRTOS/Source/portable/MemMang/heap_4.c.obj
 .bss.xQueueRegistry
                0x000000002000160c       0x40 CMakeFiles/rc_remote.dir/Middlewares/Third_Party/FreeRTOS/Source/queue.c.obj
                0x000000002000160c                xQueueRegistry
 .bss.pxCurrentTCB
                0x000000002000164c        0x4 CMakeFiles/rc_remote.dir/Middlewares/Third_Party/FreeRTOS/Source/tasks.c.obj
                0x000000002000164c                pxCurrentTCB
 .bss.pxDelayedTaskList
                0x0000000020001650        0x4 CMakeFiles/rc_remote.dir/Middlewares/Third_Party/FreeRTOS/Source/tasks.c.obj
 .bss.pxOverflowDelayedTaskList
                0x0000000020001654        0x4 CMakeFiles/rc_remote.dir/Middlewares/Third_Party/FreeRTOS/Source/tasks.c.obj
 .bss.pxReadyTasksLists
                0x0000000020001658      0x460 CMakeFiles/rc_remote.dir/Middlewares/Third_Party/FreeRTOS/Source/tasks.c.obj
 .bss.uxCurrentNumberOfTasks
                0x0000000020001ab8        0x4 CMakeFiles/rc_remote.dir/Middlewares/Third_Party/FreeRTOS/Source/tasks.c.obj
 .bss.uxDeletedTasksWaitingCleanUp
                0x0000000020001abc        0x4 CMakeFiles/rc_remote.dir/Middlewares/Third_Party/FreeRTOS/Source/tasks.c.obj
 .bss.uxPendedTicks
                0x0000000020001ac0        0x4 CMakeFiles/rc_remote.dir/Middlewares/Third_Party/FreeRTOS/Source/tasks.c.obj
 .bss.uxSchedulerSuspended
                0x0000000020001ac4        0x4 CMakeFiles/rc_remote.dir/Middlewares/Third_Party/FreeRTOS/Source/tasks.c.obj
 .bss.uxTaskNumber
                0x0000000020001ac8        0x4 CMakeFiles/rc_remote.dir/Middlewares/Third_Party/FreeRTOS/Source/tasks.c.obj
 .bss.uxTopReadyPriority
                0x0000000020001acc        0x4 CMakeFiles/rc_remote.dir/Middlewares/Third_Party/FreeRTOS/Source/tasks.c.obj
 .bss.xDelayedTaskList1
                0x0000000020001ad0       0x14 CMakeFiles/rc_remote.dir/Middlewares/Third_Party/FreeRTOS/Source/tasks.c.obj
 .bss.xDelayedTaskList2
                0x0000000020001ae4       0x14 CMakeFiles/rc_remote.dir/Middlewares/Third_Party/FreeRTOS/Source/tasks.c.obj
 .bss.xIdleTaskHandle
                0x0000000020001af8        0x4 CMakeFiles/rc_remote.dir/Middlewares/Third_Party/FreeRTOS/Source/tasks.c.obj
 .bss.xNextTaskUnblockTime
                0x0000000020001afc        0x4 CMakeFiles/rc_remote.dir/Middlewares/Third_Party/FreeRTOS/Source/tasks.c.obj
 .bss.xNumOfOverflows
                0x0000000020001b00        0x4 CMakeFiles/rc_remote.dir/Middlewares/Third_Party/FreeRTOS/Source/tasks.c.obj
 .bss.xPendingReadyList
                0x0000000020001b04       0x14 CMakeFiles/rc_remote.dir/Middlewares/Third_Party/FreeRTOS/Source/tasks.c.obj
 .bss.xSchedulerRunning
                0x0000000020001b18        0x4 CMakeFiles/rc_remote.dir/Middlewares/Third_Party/FreeRTOS/Source/tasks.c.obj
 .bss.xSuspendedTaskList
                0x0000000020001b1c       0x14 CMakeFiles/rc_remote.dir/Middlewares/Third_Party/FreeRTOS/Source/tasks.c.obj
 .bss.xTasksWaitingTermination
                0x0000000020001b30       0x14 CMakeFiles/rc_remote.dir/Middlewares/Third_Party/FreeRTOS/Source/tasks.c.obj
 .bss.xTickCount
                0x0000000020001b44        0x4 CMakeFiles/rc_remote.dir/Middlewares/Third_Party/FreeRTOS/Source/tasks.c.obj
 .bss.xYieldPending
                0x0000000020001b48        0x4 CMakeFiles/rc_remote.dir/Middlewares/Third_Party/FreeRTOS/Source/tasks.c.obj
 .bss.pxCurrentTimerList
                0x0000000020001b4c        0x4 CMakeFiles/rc_remote.dir/Middlewares/Third_Party/FreeRTOS/Source/timers.c.obj
 .bss.pxOverflowTimerList
                0x0000000020001b50        0x4 CMakeFiles/rc_remote.dir/Middlewares/Third_Party/FreeRTOS/Source/timers.c.obj
 .bss.ucStaticTimerQueueStorage.1
                0x0000000020001b54       0xa0 CMakeFiles/rc_remote.dir/Middlewares/Third_Party/FreeRTOS/Source/timers.c.obj
 .bss.xActiveTimerList1
                0x0000000020001bf4       0x14 CMakeFiles/rc_remote.dir/Middlewares/Third_Party/FreeRTOS/Source/timers.c.obj
 .bss.xActiveTimerList2
                0x0000000020001c08       0x14 CMakeFiles/rc_remote.dir/Middlewares/Third_Party/FreeRTOS/Source/timers.c.obj
 .bss.xLastTime.2
                0x0000000020001c1c        0x4 CMakeFiles/rc_remote.dir/Middlewares/Third_Party/FreeRTOS/Source/timers.c.obj
 .bss.xStaticTimerQueue.0
                0x0000000020001c20       0x50 CMakeFiles/rc_remote.dir/Middlewares/Third_Party/FreeRTOS/Source/timers.c.obj
 .bss.xTimerQueue
                0x0000000020001c70        0x4 CMakeFiles/rc_remote.dir/Middlewares/Third_Party/FreeRTOS/Source/timers.c.obj
 .bss.xTimerTaskHandle
                0x0000000020001c74        0x4 CMakeFiles/rc_remote.dir/Middlewares/Third_Party/FreeRTOS/Source/timers.c.obj
 .bss.__lock___malloc_recursive_mutex
                0x0000000020001c78        0x1 /Applications/ARM/bin/../lib/gcc/arm-none-eabi/10.2.1/../../../../arm-none-eabi/lib/thumb/v7-m/nofp/libc_nano.a(lib_a-lock.o)
                0x0000000020001c78                __lock___malloc_recursive_mutex
 *fill*         0x0000000020001c79        0x3 
 .bss.__malloc_free_list
                0x0000000020001c7c        0x4 /Applications/ARM/bin/../lib/gcc/arm-none-eabi/10.2.1/../../../../arm-none-eabi/lib/thumb/v7-m/nofp/libc_nano.a(lib_a-nano-mallocr.o)
                0x0000000020001c7c                __malloc_free_list
 *(COMMON)
                0x0000000020001c80                . = ALIGN (0x4)
                0x0000000020001c80                _ebss = .
                0x0000000020001c80                __bss_end__ = _ebss

._user_heap_stack
                0x0000000020001c80      0x600 load address 0x0000000008004264
                0x0000000020001c80                . = ALIGN (0x8)
                0x0000000020001c80                PROVIDE (end = .)
                [!provide]                        PROVIDE (_end = .)
                0x0000000020001e80                . = (. + _Min_Heap_Size)
 *fill*         0x0000000020001c80      0x200 
                0x0000000020002280                . = (. + _Min_Stack_Size)
 *fill*         0x0000000020001e80      0x400 
                0x0000000020002280                . = ALIGN (0x8)

/DISCARD/
 libc.a(*)
 libm.a(*)
 libgcc.a(*)

.ARM.attributes
                0x0000000000000000       0x29
 *(.ARM.attributes)
 .ARM.attributes
                0x0000000000000000       0x1d /Applications/ARM/bin/../lib/gcc/arm-none-eabi/10.2.1/thumb/v7-m/nofp/crti.o
 .ARM.attributes
                0x000000000000001d       0x2d /Applications/ARM/bin/../lib/gcc/arm-none-eabi/10.2.1/thumb/v7-m/nofp/crtbegin.o
 .ARM.attributes
                0x000000000000004a       0x2d CMakeFiles/rc_remote.dir/Core/Src/adc.c.obj
 .ARM.attributes
                0x0000000000000077       0x2d CMakeFiles/rc_remote.dir/Core/Src/dma.c.obj
 .ARM.attributes
                0x00000000000000a4       0x2d CMakeFiles/rc_remote.dir/Core/Src/freertos.c.obj
 .ARM.attributes
                0x00000000000000d1       0x2d CMakeFiles/rc_remote.dir/Core/Src/gpio.c.obj
 .ARM.attributes
                0x00000000000000fe       0x2d CMakeFiles/rc_remote.dir/Core/Src/main.cpp.obj
 .ARM.attributes
                0x000000000000012b       0x2d CMakeFiles/rc_remote.dir/Core/Src/spi.c.obj
 .ARM.attributes
                0x0000000000000158       0x2d CMakeFiles/rc_remote.dir/Core/Src/stm32l1xx_hal_msp.c.obj
 .ARM.attributes
                0x0000000000000185       0x2d CMakeFiles/rc_remote.dir/Core/Src/stm32l1xx_hal_timebase_tim.c.obj
 .ARM.attributes
                0x00000000000001b2       0x2d CMakeFiles/rc_remote.dir/Core/Src/stm32l1xx_it.c.obj
 .ARM.attributes
                0x00000000000001df       0x2d CMakeFiles/rc_remote.dir/Core/Src/system_stm32l1xx.c.obj
 .ARM.attributes
                0x000000000000020c       0x2d CMakeFiles/rc_remote.dir/Core/Src/usart.c.obj
 .ARM.attributes
                0x0000000000000239       0x2d CMakeFiles/rc_remote.dir/Drivers/STM32L1xx_HAL_Driver/Src/stm32l1xx_hal.c.obj
 .ARM.attributes
                0x0000000000000266       0x2d CMakeFiles/rc_remote.dir/Drivers/STM32L1xx_HAL_Driver/Src/stm32l1xx_hal_adc.c.obj
 .ARM.attributes
                0x0000000000000293       0x2d CMakeFiles/rc_remote.dir/Drivers/STM32L1xx_HAL_Driver/Src/stm32l1xx_hal_cortex.c.obj
 .ARM.attributes
                0x00000000000002c0       0x2d CMakeFiles/rc_remote.dir/Drivers/STM32L1xx_HAL_Driver/Src/stm32l1xx_hal_dma.c.obj
 .ARM.attributes
                0x00000000000002ed       0x2d CMakeFiles/rc_remote.dir/Drivers/STM32L1xx_HAL_Driver/Src/stm32l1xx_hal_gpio.c.obj
 .ARM.attributes
                0x000000000000031a       0x2d CMakeFiles/rc_remote.dir/Drivers/STM32L1xx_HAL_Driver/Src/stm32l1xx_hal_rcc.c.obj
 .ARM.attributes
                0x0000000000000347       0x2d CMakeFiles/rc_remote.dir/Drivers/STM32L1xx_HAL_Driver/Src/stm32l1xx_hal_spi.c.obj
 .ARM.attributes
                0x0000000000000374       0x2d CMakeFiles/rc_remote.dir/Drivers/STM32L1xx_HAL_Driver/Src/stm32l1xx_hal_tim.c.obj
 .ARM.attributes
                0x00000000000003a1       0x2d CMakeFiles/rc_remote.dir/Drivers/STM32L1xx_HAL_Driver/Src/stm32l1xx_hal_uart.c.obj
 .ARM.attributes
                0x00000000000003ce       0x21 CMakeFiles/rc_remote.dir/Drivers/startup_stm32l151xba.s.obj
 .ARM.attributes
                0x00000000000003ef       0x2d CMakeFiles/rc_remote.dir/Middlewares/Third_Party/FreeRTOS/Source/CMSIS_RTOS_V2/cmsis_os2.c.obj
 .ARM.attributes
                0x000000000000041c       0x2d CMakeFiles/rc_remote.dir/Middlewares/Third_Party/FreeRTOS/Source/list.c.obj
 .ARM.attributes
                0x0000000000000449       0x2d CMakeFiles/rc_remote.dir/Middlewares/Third_Party/FreeRTOS/Source/portable/GCC/ARM_CM3/port.c.obj
 .ARM.attributes
                0x0000000000000476       0x2d CMakeFiles/rc_remote.dir/Middlewares/Third_Party/FreeRTOS/Source/portable/MemMang/heap_4.c.obj
 .ARM.attributes
                0x00000000000004a3       0x2d CMakeFiles/rc_remote.dir/Middlewares/Third_Party/FreeRTOS/Source/queue.c.obj
 .ARM.attributes
                0x00000000000004d0       0x2d CMakeFiles/rc_remote.dir/Middlewares/Third_Party/FreeRTOS/Source/tasks.c.obj
 .ARM.attributes
                0x00000000000004fd       0x2d CMakeFiles/rc_remote.dir/Middlewares/Third_Party/FreeRTOS/Source/timers.c.obj
 .ARM.attributes
                0x000000000000052a       0x2d CMakeFiles/rc_remote.dir/App/ws2812/ws2812App.cpp.obj
 .ARM.attributes
                0x0000000000000557       0x2d /Applications/ARM/bin/../lib/gcc/arm-none-eabi/10.2.1/../../../../arm-none-eabi/lib/thumb/v7-m/nofp/libc_nano.a(lib_a-findfp.o)
 .ARM.attributes
                0x0000000000000584       0x2d /Applications/ARM/bin/../lib/gcc/arm-none-eabi/10.2.1/../../../../arm-none-eabi/lib/thumb/v7-m/nofp/libc_nano.a(lib_a-impure.o)
 .ARM.attributes
                0x00000000000005b1       0x2d /Applications/ARM/bin/../lib/gcc/arm-none-eabi/10.2.1/../../../../arm-none-eabi/lib/thumb/v7-m/nofp/libc_nano.a(lib_a-init.o)
 .ARM.attributes
                0x00000000000005de       0x2d /Applications/ARM/bin/../lib/gcc/arm-none-eabi/10.2.1/../../../../arm-none-eabi/lib/thumb/v7-m/nofp/libc_nano.a(lib_a-lock.o)
 .ARM.attributes
                0x000000000000060b       0x2d /Applications/ARM/bin/../lib/gcc/arm-none-eabi/10.2.1/../../../../arm-none-eabi/lib/thumb/v7-m/nofp/libc_nano.a(lib_a-memcpy-stub.o)
 .ARM.attributes
                0x0000000000000638       0x2d /Applications/ARM/bin/../lib/gcc/arm-none-eabi/10.2.1/../../../../arm-none-eabi/lib/thumb/v7-m/nofp/libc_nano.a(lib_a-memset.o)
 .ARM.attributes
                0x0000000000000665       0x2d /Applications/ARM/bin/../lib/gcc/arm-none-eabi/10.2.1/../../../../arm-none-eabi/lib/thumb/v7-m/nofp/libc_nano.a(lib_a-nano-freer.o)
 .ARM.attributes
                0x0000000000000692       0x2d /Applications/ARM/bin/../lib/gcc/arm-none-eabi/10.2.1/../../../../arm-none-eabi/lib/thumb/v7-m/nofp/libc_nano.a(lib_a-nano-mallocr.o)
 .ARM.attributes
                0x00000000000006bf       0x2d /Applications/ARM/bin/../lib/gcc/arm-none-eabi/10.2.1/../../../../arm-none-eabi/lib/thumb/v7-m/nofp/libc_nano.a(lib_a-reent.o)
 .ARM.attributes
                0x00000000000006ec       0x2d /Applications/ARM/bin/../lib/gcc/arm-none-eabi/10.2.1/../../../../arm-none-eabi/lib/thumb/v7-m/nofp/libc_nano.a(lib_a-mlock.o)
 .ARM.attributes
                0x0000000000000719       0x1d /Applications/ARM/bin/../lib/gcc/arm-none-eabi/10.2.1/thumb/v7-m/nofp/libgcc.a(_aeabi_uldivmod.o)
 .ARM.attributes
                0x0000000000000736       0x2d /Applications/ARM/bin/../lib/gcc/arm-none-eabi/10.2.1/thumb/v7-m/nofp/libgcc.a(_udivmoddi4.o)
 .ARM.attributes
                0x0000000000000763       0x1d /Applications/ARM/bin/../lib/gcc/arm-none-eabi/10.2.1/thumb/v7-m/nofp/libgcc.a(_dvmd_tls.o)
 .ARM.attributes
                0x0000000000000780       0x1d /Applications/ARM/bin/../lib/gcc/arm-none-eabi/10.2.1/thumb/v7-m/nofp/crtn.o
OUTPUT(rc_remote.elf elf32-littlearm)
LOAD linker stubs
LOAD /Applications/ARM/bin/../lib/gcc/arm-none-eabi/10.2.1/../../../../arm-none-eabi/lib/thumb/v7-m/nofp/libc.a
LOAD /Applications/ARM/bin/../lib/gcc/arm-none-eabi/10.2.1/../../../../arm-none-eabi/lib/thumb/v7-m/nofp/libm.a
LOAD /Applications/ARM/bin/../lib/gcc/arm-none-eabi/10.2.1/thumb/v7-m/nofp/libgcc.a

.debug_info     0x0000000000000000    0x25be6
 .debug_info    0x0000000000000000      0x9a2 CMakeFiles/rc_remote.dir/Core/Src/adc.c.obj
 .debug_info    0x00000000000009a2      0x336 CMakeFiles/rc_remote.dir/Core/Src/dma.c.obj
 .debug_info    0x0000000000000cd8      0x4a4 CMakeFiles/rc_remote.dir/Core/Src/freertos.c.obj
 .debug_info    0x000000000000117c      0x3e4 CMakeFiles/rc_remote.dir/Core/Src/gpio.c.obj
 .debug_info    0x0000000000001560      0xb61 CMakeFiles/rc_remote.dir/Core/Src/main.cpp.obj
 .debug_info    0x00000000000020c1      0xbe1 CMakeFiles/rc_remote.dir/Core/Src/spi.c.obj
 .debug_info    0x0000000000002ca2      0x351 CMakeFiles/rc_remote.dir/Core/Src/stm32l1xx_hal_msp.c.obj
 .debug_info    0x0000000000002ff3      0xa34 CMakeFiles/rc_remote.dir/Core/Src/stm32l1xx_hal_timebase_tim.c.obj
 .debug_info    0x0000000000003a27      0x9c9 CMakeFiles/rc_remote.dir/Core/Src/stm32l1xx_it.c.obj
 .debug_info    0x00000000000043f0      0x2c0 CMakeFiles/rc_remote.dir/Core/Src/system_stm32l1xx.c.obj
 .debug_info    0x00000000000046b0      0x888 CMakeFiles/rc_remote.dir/Core/Src/usart.c.obj
 .debug_info    0x0000000000004f38      0x765 CMakeFiles/rc_remote.dir/Drivers/STM32L1xx_HAL_Driver/Src/stm32l1xx_hal.c.obj
 .debug_info    0x000000000000569d     0x1173 CMakeFiles/rc_remote.dir/Drivers/STM32L1xx_HAL_Driver/Src/stm32l1xx_hal_adc.c.obj
 .debug_info    0x0000000000006810      0xfc5 CMakeFiles/rc_remote.dir/Drivers/STM32L1xx_HAL_Driver/Src/stm32l1xx_hal_cortex.c.obj
 .debug_info    0x00000000000077d5      0x837 CMakeFiles/rc_remote.dir/Drivers/STM32L1xx_HAL_Driver/Src/stm32l1xx_hal_dma.c.obj
 .debug_info    0x000000000000800c      0x667 CMakeFiles/rc_remote.dir/Drivers/STM32L1xx_HAL_Driver/Src/stm32l1xx_hal_gpio.c.obj
 .debug_info    0x0000000000008673      0xbd3 CMakeFiles/rc_remote.dir/Drivers/STM32L1xx_HAL_Driver/Src/stm32l1xx_hal_rcc.c.obj
 .debug_info    0x0000000000009246     0x1d98 CMakeFiles/rc_remote.dir/Drivers/STM32L1xx_HAL_Driver/Src/stm32l1xx_hal_spi.c.obj
 .debug_info    0x000000000000afde     0x3907 CMakeFiles/rc_remote.dir/Drivers/STM32L1xx_HAL_Driver/Src/stm32l1xx_hal_tim.c.obj
 .debug_info    0x000000000000e8e5     0x1c8b CMakeFiles/rc_remote.dir/Drivers/STM32L1xx_HAL_Driver/Src/stm32l1xx_hal_uart.c.obj
 .debug_info    0x0000000000010570       0x22 CMakeFiles/rc_remote.dir/Drivers/startup_stm32l151xba.s.obj
 .debug_info    0x0000000000010592     0x5234 CMakeFiles/rc_remote.dir/Middlewares/Third_Party/FreeRTOS/Source/CMSIS_RTOS_V2/cmsis_os2.c.obj
 .debug_info    0x00000000000157c6      0x2de CMakeFiles/rc_remote.dir/Middlewares/Third_Party/FreeRTOS/Source/list.c.obj
 .debug_info    0x0000000000015aa4      0x52f CMakeFiles/rc_remote.dir/Middlewares/Third_Party/FreeRTOS/Source/portable/GCC/ARM_CM3/port.c.obj
 .debug_info    0x0000000000015fd3      0x475 CMakeFiles/rc_remote.dir/Middlewares/Third_Party/FreeRTOS/Source/portable/MemMang/heap_4.c.obj
 .debug_info    0x0000000000016448     0x272f CMakeFiles/rc_remote.dir/Middlewares/Third_Party/FreeRTOS/Source/queue.c.obj
 .debug_info    0x0000000000018b77     0x383f CMakeFiles/rc_remote.dir/Middlewares/Third_Party/FreeRTOS/Source/tasks.c.obj
 .debug_info    0x000000000001c3b6     0x2084 CMakeFiles/rc_remote.dir/Middlewares/Third_Party/FreeRTOS/Source/timers.c.obj
 .debug_info    0x000000000001e43a     0x77ac CMakeFiles/rc_remote.dir/App/ws2812/ws2812App.cpp.obj

.debug_abbrev   0x0000000000000000     0x45a3
 .debug_abbrev  0x0000000000000000      0x1d6 CMakeFiles/rc_remote.dir/Core/Src/adc.c.obj
 .debug_abbrev  0x00000000000001d6      0x117 CMakeFiles/rc_remote.dir/Core/Src/dma.c.obj
 .debug_abbrev  0x00000000000002ed      0x11b CMakeFiles/rc_remote.dir/Core/Src/freertos.c.obj
 .debug_abbrev  0x0000000000000408      0x151 CMakeFiles/rc_remote.dir/Core/Src/gpio.c.obj
 .debug_abbrev  0x0000000000000559      0x238 CMakeFiles/rc_remote.dir/Core/Src/main.cpp.obj
 .debug_abbrev  0x0000000000000791      0x1f2 CMakeFiles/rc_remote.dir/Core/Src/spi.c.obj
 .debug_abbrev  0x0000000000000983      0x10a CMakeFiles/rc_remote.dir/Core/Src/stm32l1xx_hal_msp.c.obj
 .debug_abbrev  0x0000000000000a8d      0x200 CMakeFiles/rc_remote.dir/Core/Src/stm32l1xx_hal_timebase_tim.c.obj
 .debug_abbrev  0x0000000000000c8d      0x18d CMakeFiles/rc_remote.dir/Core/Src/stm32l1xx_it.c.obj
 .debug_abbrev  0x0000000000000e1a      0x11c CMakeFiles/rc_remote.dir/Core/Src/system_stm32l1xx.c.obj
 .debug_abbrev  0x0000000000000f36      0x1d6 CMakeFiles/rc_remote.dir/Core/Src/usart.c.obj
 .debug_abbrev  0x000000000000110c      0x24f CMakeFiles/rc_remote.dir/Drivers/STM32L1xx_HAL_Driver/Src/stm32l1xx_hal.c.obj
 .debug_abbrev  0x000000000000135b      0x296 CMakeFiles/rc_remote.dir/Drivers/STM32L1xx_HAL_Driver/Src/stm32l1xx_hal_adc.c.obj
 .debug_abbrev  0x00000000000015f1      0x36d CMakeFiles/rc_remote.dir/Drivers/STM32L1xx_HAL_Driver/Src/stm32l1xx_hal_cortex.c.obj
 .debug_abbrev  0x000000000000195e      0x1fd CMakeFiles/rc_remote.dir/Drivers/STM32L1xx_HAL_Driver/Src/stm32l1xx_hal_dma.c.obj
 .debug_abbrev  0x0000000000001b5b      0x1f2 CMakeFiles/rc_remote.dir/Drivers/STM32L1xx_HAL_Driver/Src/stm32l1xx_hal_gpio.c.obj
 .debug_abbrev  0x0000000000001d4d      0x2ab CMakeFiles/rc_remote.dir/Drivers/STM32L1xx_HAL_Driver/Src/stm32l1xx_hal_rcc.c.obj
 .debug_abbrev  0x0000000000001ff8      0x23e CMakeFiles/rc_remote.dir/Drivers/STM32L1xx_HAL_Driver/Src/stm32l1xx_hal_spi.c.obj
 .debug_abbrev  0x0000000000002236      0x23f CMakeFiles/rc_remote.dir/Drivers/STM32L1xx_HAL_Driver/Src/stm32l1xx_hal_tim.c.obj
 .debug_abbrev  0x0000000000002475      0x268 CMakeFiles/rc_remote.dir/Drivers/STM32L1xx_HAL_Driver/Src/stm32l1xx_hal_uart.c.obj
 .debug_abbrev  0x00000000000026dd       0x12 CMakeFiles/rc_remote.dir/Drivers/startup_stm32l151xba.s.obj
 .debug_abbrev  0x00000000000026ef      0x44d CMakeFiles/rc_remote.dir/Middlewares/Third_Party/FreeRTOS/Source/CMSIS_RTOS_V2/cmsis_os2.c.obj
 .debug_abbrev  0x0000000000002b3c      0x109 CMakeFiles/rc_remote.dir/Middlewares/Third_Party/FreeRTOS/Source/list.c.obj
 .debug_abbrev  0x0000000000002c45      0x281 CMakeFiles/rc_remote.dir/Middlewares/Third_Party/FreeRTOS/Source/portable/GCC/ARM_CM3/port.c.obj
 .debug_abbrev  0x0000000000002ec6      0x23b CMakeFiles/rc_remote.dir/Middlewares/Third_Party/FreeRTOS/Source/portable/MemMang/heap_4.c.obj
 .debug_abbrev  0x0000000000003101      0x39e CMakeFiles/rc_remote.dir/Middlewares/Third_Party/FreeRTOS/Source/queue.c.obj
 .debug_abbrev  0x000000000000349f      0x39d CMakeFiles/rc_remote.dir/Middlewares/Third_Party/FreeRTOS/Source/tasks.c.obj
 .debug_abbrev  0x000000000000383c      0x329 CMakeFiles/rc_remote.dir/Middlewares/Third_Party/FreeRTOS/Source/timers.c.obj
 .debug_abbrev  0x0000000000003b65      0xa3e CMakeFiles/rc_remote.dir/App/ws2812/ws2812App.cpp.obj

.debug_loc      0x0000000000000000    0x15fca
 .debug_loc     0x0000000000000000       0x84 CMakeFiles/rc_remote.dir/Core/Src/adc.c.obj
 .debug_loc     0x0000000000000084       0x25 CMakeFiles/rc_remote.dir/Core/Src/freertos.c.obj
 .debug_loc     0x00000000000000a9       0x65 CMakeFiles/rc_remote.dir/Core/Src/main.cpp.obj
 .debug_loc     0x000000000000010e       0xb8 CMakeFiles/rc_remote.dir/Core/Src/spi.c.obj
 .debug_loc     0x00000000000001c6       0x89 CMakeFiles/rc_remote.dir/Core/Src/stm32l1xx_hal_timebase_tim.c.obj
 .debug_loc     0x000000000000024f      0x1d6 CMakeFiles/rc_remote.dir/Core/Src/system_stm32l1xx.c.obj
 .debug_loc     0x0000000000000425       0x84 CMakeFiles/rc_remote.dir/Core/Src/usart.c.obj
 .debug_loc     0x00000000000004a9      0x1cd CMakeFiles/rc_remote.dir/Drivers/STM32L1xx_HAL_Driver/Src/stm32l1xx_hal.c.obj
 .debug_loc     0x0000000000000676      0xa2b CMakeFiles/rc_remote.dir/Drivers/STM32L1xx_HAL_Driver/Src/stm32l1xx_hal_adc.c.obj
 .debug_loc     0x00000000000010a1      0x744 CMakeFiles/rc_remote.dir/Drivers/STM32L1xx_HAL_Driver/Src/stm32l1xx_hal_cortex.c.obj
 .debug_loc     0x00000000000017e5      0x7b5 CMakeFiles/rc_remote.dir/Drivers/STM32L1xx_HAL_Driver/Src/stm32l1xx_hal_dma.c.obj
 .debug_loc     0x0000000000001f9a      0x41a CMakeFiles/rc_remote.dir/Drivers/STM32L1xx_HAL_Driver/Src/stm32l1xx_hal_gpio.c.obj
 .debug_loc     0x00000000000023b4      0x6f8 CMakeFiles/rc_remote.dir/Drivers/STM32L1xx_HAL_Driver/Src/stm32l1xx_hal_rcc.c.obj
 .debug_loc     0x0000000000002aac     0x1de0 CMakeFiles/rc_remote.dir/Drivers/STM32L1xx_HAL_Driver/Src/stm32l1xx_hal_spi.c.obj
 .debug_loc     0x000000000000488c     0x4235 CMakeFiles/rc_remote.dir/Drivers/STM32L1xx_HAL_Driver/Src/stm32l1xx_hal_tim.c.obj
 .debug_loc     0x0000000000008ac1     0x2037 CMakeFiles/rc_remote.dir/Drivers/STM32L1xx_HAL_Driver/Src/stm32l1xx_hal_uart.c.obj
 .debug_loc     0x000000000000aaf8     0x579d CMakeFiles/rc_remote.dir/Middlewares/Third_Party/FreeRTOS/Source/CMSIS_RTOS_V2/cmsis_os2.c.obj
 .debug_loc     0x0000000000010295       0xad CMakeFiles/rc_remote.dir/Middlewares/Third_Party/FreeRTOS/Source/list.c.obj
 .debug_loc     0x0000000000010342       0xe8 CMakeFiles/rc_remote.dir/Middlewares/Third_Party/FreeRTOS/Source/portable/GCC/ARM_CM3/port.c.obj
 .debug_loc     0x000000000001042a      0x331 CMakeFiles/rc_remote.dir/Middlewares/Third_Party/FreeRTOS/Source/portable/MemMang/heap_4.c.obj
 .debug_loc     0x000000000001075b     0x19bc CMakeFiles/rc_remote.dir/Middlewares/Third_Party/FreeRTOS/Source/queue.c.obj
 .debug_loc     0x0000000000012117     0x247c CMakeFiles/rc_remote.dir/Middlewares/Third_Party/FreeRTOS/Source/tasks.c.obj
 .debug_loc     0x0000000000014593      0xf8e CMakeFiles/rc_remote.dir/Middlewares/Third_Party/FreeRTOS/Source/timers.c.obj
 .debug_loc     0x0000000000015521      0xaa9 CMakeFiles/rc_remote.dir/App/ws2812/ws2812App.cpp.obj

.debug_aranges  0x0000000000000000     0x15b8
 .debug_aranges
                0x0000000000000000       0x30 CMakeFiles/rc_remote.dir/Core/Src/adc.c.obj
 .debug_aranges
                0x0000000000000030       0x20 CMakeFiles/rc_remote.dir/Core/Src/dma.c.obj
 .debug_aranges
                0x0000000000000050       0x28 CMakeFiles/rc_remote.dir/Core/Src/freertos.c.obj
 .debug_aranges
                0x0000000000000078       0x20 CMakeFiles/rc_remote.dir/Core/Src/gpio.c.obj
 .debug_aranges
                0x0000000000000098       0x48 CMakeFiles/rc_remote.dir/Core/Src/main.cpp.obj
 .debug_aranges
                0x00000000000000e0       0x38 CMakeFiles/rc_remote.dir/Core/Src/spi.c.obj
 .debug_aranges
                0x0000000000000118       0x20 CMakeFiles/rc_remote.dir/Core/Src/stm32l1xx_hal_msp.c.obj
 .debug_aranges
                0x0000000000000138       0x30 CMakeFiles/rc_remote.dir/Core/Src/stm32l1xx_hal_timebase_tim.c.obj
 .debug_aranges
                0x0000000000000168       0x68 CMakeFiles/rc_remote.dir/Core/Src/stm32l1xx_it.c.obj
 .debug_aranges
                0x00000000000001d0       0x28 CMakeFiles/rc_remote.dir/Core/Src/system_stm32l1xx.c.obj
 .debug_aranges
                0x00000000000001f8       0x30 CMakeFiles/rc_remote.dir/Core/Src/usart.c.obj
 .debug_aranges
                0x0000000000000228       0xe0 CMakeFiles/rc_remote.dir/Drivers/STM32L1xx_HAL_Driver/Src/stm32l1xx_hal.c.obj
 .debug_aranges
                0x0000000000000308       0xf0 CMakeFiles/rc_remote.dir/Drivers/STM32L1xx_HAL_Driver/Src/stm32l1xx_hal_adc.c.obj
 .debug_aranges
                0x00000000000003f8       0xa8 CMakeFiles/rc_remote.dir/Drivers/STM32L1xx_HAL_Driver/Src/stm32l1xx_hal_cortex.c.obj
 .debug_aranges
                0x00000000000004a0       0x80 CMakeFiles/rc_remote.dir/Drivers/STM32L1xx_HAL_Driver/Src/stm32l1xx_hal_dma.c.obj
 .debug_aranges
                0x0000000000000520       0x58 CMakeFiles/rc_remote.dir/Drivers/STM32L1xx_HAL_Driver/Src/stm32l1xx_hal_gpio.c.obj
 .debug_aranges
                0x0000000000000578       0x90 CMakeFiles/rc_remote.dir/Drivers/STM32L1xx_HAL_Driver/Src/stm32l1xx_hal_rcc.c.obj
 .debug_aranges
                0x0000000000000608      0x1d0 CMakeFiles/rc_remote.dir/Drivers/STM32L1xx_HAL_Driver/Src/stm32l1xx_hal_spi.c.obj
 .debug_aranges
                0x00000000000007d8      0x3d0 CMakeFiles/rc_remote.dir/Drivers/STM32L1xx_HAL_Driver/Src/stm32l1xx_hal_tim.c.obj
 .debug_aranges
                0x0000000000000ba8      0x200 CMakeFiles/rc_remote.dir/Drivers/STM32L1xx_HAL_Driver/Src/stm32l1xx_hal_uart.c.obj
 .debug_aranges
                0x0000000000000da8       0x28 CMakeFiles/rc_remote.dir/Drivers/startup_stm32l151xba.s.obj
 .debug_aranges
                0x0000000000000dd0      0x228 CMakeFiles/rc_remote.dir/Middlewares/Third_Party/FreeRTOS/Source/CMSIS_RTOS_V2/cmsis_os2.c.obj
 .debug_aranges
                0x0000000000000ff8       0x40 CMakeFiles/rc_remote.dir/Middlewares/Third_Party/FreeRTOS/Source/list.c.obj
 .debug_aranges
                0x0000000000001038       0x78 CMakeFiles/rc_remote.dir/Middlewares/Third_Party/FreeRTOS/Source/portable/GCC/ARM_CM3/port.c.obj
 .debug_aranges
                0x00000000000010b0       0x50 CMakeFiles/rc_remote.dir/Middlewares/Third_Party/FreeRTOS/Source/portable/MemMang/heap_4.c.obj
 .debug_aranges
                0x0000000000001100      0x158 CMakeFiles/rc_remote.dir/Middlewares/Third_Party/FreeRTOS/Source/queue.c.obj
 .debug_aranges
                0x0000000000001258      0x1f8 CMakeFiles/rc_remote.dir/Middlewares/Third_Party/FreeRTOS/Source/tasks.c.obj
 .debug_aranges
                0x0000000000001450       0xe0 CMakeFiles/rc_remote.dir/Middlewares/Third_Party/FreeRTOS/Source/timers.c.obj
 .debug_aranges
                0x0000000000001530       0x88 CMakeFiles/rc_remote.dir/App/ws2812/ws2812App.cpp.obj

.debug_ranges   0x0000000000000000     0x16e0
 .debug_ranges  0x0000000000000000       0x20 CMakeFiles/rc_remote.dir/Core/Src/adc.c.obj
 .debug_ranges  0x0000000000000020       0x10 CMakeFiles/rc_remote.dir/Core/Src/dma.c.obj
 .debug_ranges  0x0000000000000030       0x18 CMakeFiles/rc_remote.dir/Core/Src/freertos.c.obj
 .debug_ranges  0x0000000000000048       0x10 CMakeFiles/rc_remote.dir/Core/Src/gpio.c.obj
 .debug_ranges  0x0000000000000058       0x38 CMakeFiles/rc_remote.dir/Core/Src/main.cpp.obj
 .debug_ranges  0x0000000000000090       0x28 CMakeFiles/rc_remote.dir/Core/Src/spi.c.obj
 .debug_ranges  0x00000000000000b8       0x10 CMakeFiles/rc_remote.dir/Core/Src/stm32l1xx_hal_msp.c.obj
 .debug_ranges  0x00000000000000c8       0x20 CMakeFiles/rc_remote.dir/Core/Src/stm32l1xx_hal_timebase_tim.c.obj
 .debug_ranges  0x00000000000000e8       0x58 CMakeFiles/rc_remote.dir/Core/Src/stm32l1xx_it.c.obj
 .debug_ranges  0x0000000000000140       0x18 CMakeFiles/rc_remote.dir/Core/Src/system_stm32l1xx.c.obj
 .debug_ranges  0x0000000000000158       0x20 CMakeFiles/rc_remote.dir/Core/Src/usart.c.obj
 .debug_ranges  0x0000000000000178       0xd0 CMakeFiles/rc_remote.dir/Drivers/STM32L1xx_HAL_Driver/Src/stm32l1xx_hal.c.obj
 .debug_ranges  0x0000000000000248       0xe0 CMakeFiles/rc_remote.dir/Drivers/STM32L1xx_HAL_Driver/Src/stm32l1xx_hal_adc.c.obj
 .debug_ranges  0x0000000000000328       0xf8 CMakeFiles/rc_remote.dir/Drivers/STM32L1xx_HAL_Driver/Src/stm32l1xx_hal_cortex.c.obj
 .debug_ranges  0x0000000000000420       0x70 CMakeFiles/rc_remote.dir/Drivers/STM32L1xx_HAL_Driver/Src/stm32l1xx_hal_dma.c.obj
 .debug_ranges  0x0000000000000490       0x48 CMakeFiles/rc_remote.dir/Drivers/STM32L1xx_HAL_Driver/Src/stm32l1xx_hal_gpio.c.obj
 .debug_ranges  0x00000000000004d8       0x98 CMakeFiles/rc_remote.dir/Drivers/STM32L1xx_HAL_Driver/Src/stm32l1xx_hal_rcc.c.obj
 .debug_ranges  0x0000000000000570      0x1c0 CMakeFiles/rc_remote.dir/Drivers/STM32L1xx_HAL_Driver/Src/stm32l1xx_hal_spi.c.obj
 .debug_ranges  0x0000000000000730      0x3c0 CMakeFiles/rc_remote.dir/Drivers/STM32L1xx_HAL_Driver/Src/stm32l1xx_hal_tim.c.obj
 .debug_ranges  0x0000000000000af0      0x1f0 CMakeFiles/rc_remote.dir/Drivers/STM32L1xx_HAL_Driver/Src/stm32l1xx_hal_uart.c.obj
 .debug_ranges  0x0000000000000ce0       0x20 CMakeFiles/rc_remote.dir/Drivers/startup_stm32l151xba.s.obj
 .debug_ranges  0x0000000000000d00      0x218 CMakeFiles/rc_remote.dir/Middlewares/Third_Party/FreeRTOS/Source/CMSIS_RTOS_V2/cmsis_os2.c.obj
 .debug_ranges  0x0000000000000f18       0x30 CMakeFiles/rc_remote.dir/Middlewares/Third_Party/FreeRTOS/Source/list.c.obj
 .debug_ranges  0x0000000000000f48       0x68 CMakeFiles/rc_remote.dir/Middlewares/Third_Party/FreeRTOS/Source/portable/GCC/ARM_CM3/port.c.obj
 .debug_ranges  0x0000000000000fb0       0x40 CMakeFiles/rc_remote.dir/Middlewares/Third_Party/FreeRTOS/Source/portable/MemMang/heap_4.c.obj
 .debug_ranges  0x0000000000000ff0      0x218 CMakeFiles/rc_remote.dir/Middlewares/Third_Party/FreeRTOS/Source/queue.c.obj
 .debug_ranges  0x0000000000001208      0x318 CMakeFiles/rc_remote.dir/Middlewares/Third_Party/FreeRTOS/Source/tasks.c.obj
 .debug_ranges  0x0000000000001520       0xd0 CMakeFiles/rc_remote.dir/Middlewares/Third_Party/FreeRTOS/Source/timers.c.obj
 .debug_ranges  0x00000000000015f0       0xf0 CMakeFiles/rc_remote.dir/App/ws2812/ws2812App.cpp.obj

.debug_macro    0x0000000000000000    0x194e4
 .debug_macro   0x0000000000000000      0x1e6 CMakeFiles/rc_remote.dir/Core/Src/adc.c.obj
 .debug_macro   0x00000000000001e6      0xa66 CMakeFiles/rc_remote.dir/Core/Src/adc.c.obj
 .debug_macro   0x0000000000000c4c      0x11e CMakeFiles/rc_remote.dir/Core/Src/adc.c.obj
 .debug_macro   0x0000000000000d6a       0x2e CMakeFiles/rc_remote.dir/Core/Src/adc.c.obj
 .debug_macro   0x0000000000000d98       0x22 CMakeFiles/rc_remote.dir/Core/Src/adc.c.obj
 .debug_macro   0x0000000000000dba       0x22 CMakeFiles/rc_remote.dir/Core/Src/adc.c.obj
 .debug_macro   0x0000000000000ddc       0x8e CMakeFiles/rc_remote.dir/Core/Src/adc.c.obj
 .debug_macro   0x0000000000000e6a       0x51 CMakeFiles/rc_remote.dir/Core/Src/adc.c.obj
 .debug_macro   0x0000000000000ebb      0x103 CMakeFiles/rc_remote.dir/Core/Src/adc.c.obj
 .debug_macro   0x0000000000000fbe       0x6a CMakeFiles/rc_remote.dir/Core/Src/adc.c.obj
 .debug_macro   0x0000000000001028      0x1df CMakeFiles/rc_remote.dir/Core/Src/adc.c.obj
 .debug_macro   0x0000000000001207       0x1c CMakeFiles/rc_remote.dir/Core/Src/adc.c.obj
 .debug_macro   0x0000000000001223       0x22 CMakeFiles/rc_remote.dir/Core/Src/adc.c.obj
 .debug_macro   0x0000000000001245       0xbd CMakeFiles/rc_remote.dir/Core/Src/adc.c.obj
 .debug_macro   0x0000000000001302      0xe49 CMakeFiles/rc_remote.dir/Core/Src/adc.c.obj
 .debug_macro   0x000000000000214b      0x11f CMakeFiles/rc_remote.dir/Core/Src/adc.c.obj
 .debug_macro   0x000000000000226a     0x9b54 CMakeFiles/rc_remote.dir/Core/Src/adc.c.obj
 .debug_macro   0x000000000000bdbe       0x6d CMakeFiles/rc_remote.dir/Core/Src/adc.c.obj
 .debug_macro   0x000000000000be2b     0x34ca CMakeFiles/rc_remote.dir/Core/Src/adc.c.obj
 .debug_macro   0x000000000000f2f5      0x174 CMakeFiles/rc_remote.dir/Core/Src/adc.c.obj
 .debug_macro   0x000000000000f469       0x5b CMakeFiles/rc_remote.dir/Core/Src/adc.c.obj
 .debug_macro   0x000000000000f4c4      0xe38 CMakeFiles/rc_remote.dir/Core/Src/adc.c.obj
 .debug_macro   0x00000000000102fc       0xca CMakeFiles/rc_remote.dir/Core/Src/adc.c.obj
 .debug_macro   0x00000000000103c6      0x1b9 CMakeFiles/rc_remote.dir/Core/Src/adc.c.obj
 .debug_macro   0x000000000001057f       0xa7 CMakeFiles/rc_remote.dir/Core/Src/adc.c.obj
 .debug_macro   0x0000000000010626      0x21e CMakeFiles/rc_remote.dir/Core/Src/adc.c.obj
 .debug_macro   0x0000000000010844      0x236 CMakeFiles/rc_remote.dir/Core/Src/adc.c.obj
 .debug_macro   0x0000000000010a7a      0x631 CMakeFiles/rc_remote.dir/Core/Src/adc.c.obj
 .debug_macro   0x00000000000110ab      0x15e CMakeFiles/rc_remote.dir/Core/Src/adc.c.obj
 .debug_macro   0x0000000000011209      0x10f CMakeFiles/rc_remote.dir/Core/Src/adc.c.obj
 .debug_macro   0x0000000000011318      0x3a0 CMakeFiles/rc_remote.dir/Core/Src/adc.c.obj
 .debug_macro   0x00000000000116b8      0x1e9 CMakeFiles/rc_remote.dir/Core/Src/adc.c.obj
 .debug_macro   0x00000000000118a1       0x22 CMakeFiles/rc_remote.dir/Core/Src/adc.c.obj
 .debug_macro   0x00000000000118c3      0x217 CMakeFiles/rc_remote.dir/Core/Src/adc.c.obj
 .debug_macro   0x0000000000011ada      0x76c CMakeFiles/rc_remote.dir/Core/Src/adc.c.obj
 .debug_macro   0x0000000000012246       0x59 CMakeFiles/rc_remote.dir/Core/Src/adc.c.obj
 .debug_macro   0x000000000001229f      0x295 CMakeFiles/rc_remote.dir/Core/Src/adc.c.obj
 .debug_macro   0x0000000000012534      0x15c CMakeFiles/rc_remote.dir/Core/Src/adc.c.obj
 .debug_macro   0x0000000000012690      0x3dc CMakeFiles/rc_remote.dir/Core/Src/adc.c.obj
 .debug_macro   0x0000000000012a6c       0x88 CMakeFiles/rc_remote.dir/Core/Src/adc.c.obj
 .debug_macro   0x0000000000012af4      0x1e6 CMakeFiles/rc_remote.dir/Core/Src/dma.c.obj
 .debug_macro   0x0000000000012cda      0x303 CMakeFiles/rc_remote.dir/Core/Src/freertos.c.obj
 .debug_macro   0x0000000000012fdd      0x129 CMakeFiles/rc_remote.dir/Core/Src/freertos.c.obj
 .debug_macro   0x0000000000013106      0x15a CMakeFiles/rc_remote.dir/Core/Src/freertos.c.obj
 .debug_macro   0x0000000000013260       0xc2 CMakeFiles/rc_remote.dir/Core/Src/freertos.c.obj
 .debug_macro   0x0000000000013322       0x10 CMakeFiles/rc_remote.dir/Core/Src/freertos.c.obj
 .debug_macro   0x0000000000013332       0x1f CMakeFiles/rc_remote.dir/Core/Src/freertos.c.obj
 .debug_macro   0x0000000000013351       0x52 CMakeFiles/rc_remote.dir/Core/Src/freertos.c.obj
 .debug_macro   0x00000000000133a3       0x18 CMakeFiles/rc_remote.dir/Core/Src/freertos.c.obj
 .debug_macro   0x00000000000133bb       0x3c CMakeFiles/rc_remote.dir/Core/Src/freertos.c.obj
 .debug_macro   0x00000000000133f7       0x34 CMakeFiles/rc_remote.dir/Core/Src/freertos.c.obj
 .debug_macro   0x000000000001342b       0x16 CMakeFiles/rc_remote.dir/Core/Src/freertos.c.obj
 .debug_macro   0x0000000000013441       0x43 CMakeFiles/rc_remote.dir/Core/Src/freertos.c.obj
 .debug_macro   0x0000000000013484       0x34 CMakeFiles/rc_remote.dir/Core/Src/freertos.c.obj
 .debug_macro   0x00000000000134b8       0x10 CMakeFiles/rc_remote.dir/Core/Src/freertos.c.obj
 .debug_macro   0x00000000000134c8       0x58 CMakeFiles/rc_remote.dir/Core/Src/freertos.c.obj
 .debug_macro   0x0000000000013520       0x71 CMakeFiles/rc_remote.dir/Core/Src/freertos.c.obj
 .debug_macro   0x0000000000013591       0x1c CMakeFiles/rc_remote.dir/Core/Src/freertos.c.obj
 .debug_macro   0x00000000000135ad      0x12a CMakeFiles/rc_remote.dir/Core/Src/freertos.c.obj
 .debug_macro   0x00000000000136d7       0x10 CMakeFiles/rc_remote.dir/Core/Src/freertos.c.obj
 .debug_macro   0x00000000000136e7       0x35 CMakeFiles/rc_remote.dir/Core/Src/freertos.c.obj
 .debug_macro   0x000000000001371c      0x479 CMakeFiles/rc_remote.dir/Core/Src/freertos.c.obj
 .debug_macro   0x0000000000013b95       0xb5 CMakeFiles/rc_remote.dir/Core/Src/freertos.c.obj
 .debug_macro   0x0000000000013c4a       0x8c CMakeFiles/rc_remote.dir/Core/Src/freertos.c.obj
 .debug_macro   0x0000000000013cd6       0x5b CMakeFiles/rc_remote.dir/Core/Src/freertos.c.obj
 .debug_macro   0x0000000000013d31       0x74 CMakeFiles/rc_remote.dir/Core/Src/freertos.c.obj
 .debug_macro   0x0000000000013da5       0xdd CMakeFiles/rc_remote.dir/Core/Src/freertos.c.obj
 .debug_macro   0x0000000000013e82      0x1e6 CMakeFiles/rc_remote.dir/Core/Src/gpio.c.obj
 .debug_macro   0x0000000000014068      0x33e CMakeFiles/rc_remote.dir/Core/Src/main.cpp.obj
 .debug_macro   0x00000000000143a6      0xbaa CMakeFiles/rc_remote.dir/Core/Src/main.cpp.obj
 .debug_macro   0x0000000000014f50      0x17b CMakeFiles/rc_remote.dir/Core/Src/main.cpp.obj
 .debug_macro   0x00000000000150cb       0x1c CMakeFiles/rc_remote.dir/Core/Src/main.cpp.obj
 .debug_macro   0x00000000000150e7       0x34 CMakeFiles/rc_remote.dir/Core/Src/main.cpp.obj
 .debug_macro   0x000000000001511b       0x43 CMakeFiles/rc_remote.dir/Core/Src/main.cpp.obj
 .debug_macro   0x000000000001515e       0x16 CMakeFiles/rc_remote.dir/Core/Src/main.cpp.obj
 .debug_macro   0x0000000000015174       0x35 CMakeFiles/rc_remote.dir/Core/Src/main.cpp.obj
 .debug_macro   0x00000000000151a9      0xe49 CMakeFiles/rc_remote.dir/Core/Src/main.cpp.obj
 .debug_macro   0x0000000000015ff2      0x1e6 CMakeFiles/rc_remote.dir/Core/Src/spi.c.obj
 .debug_macro   0x00000000000161d8      0x1dc CMakeFiles/rc_remote.dir/Core/Src/stm32l1xx_hal_msp.c.obj
 .debug_macro   0x00000000000163b4      0x1cd CMakeFiles/rc_remote.dir/Core/Src/stm32l1xx_hal_timebase_tim.c.obj
 .debug_macro   0x0000000000016581      0x1e6 CMakeFiles/rc_remote.dir/Core/Src/stm32l1xx_it.c.obj
 .debug_macro   0x0000000000016767      0x1cd CMakeFiles/rc_remote.dir/Core/Src/system_stm32l1xx.c.obj
 .debug_macro   0x0000000000016934      0x1e6 CMakeFiles/rc_remote.dir/Core/Src/usart.c.obj
 .debug_macro   0x0000000000016b1a      0x1f1 CMakeFiles/rc_remote.dir/Drivers/STM32L1xx_HAL_Driver/Src/stm32l1xx_hal.c.obj
 .debug_macro   0x0000000000016d0b      0x1ea CMakeFiles/rc_remote.dir/Drivers/STM32L1xx_HAL_Driver/Src/stm32l1xx_hal_adc.c.obj
 .debug_macro   0x0000000000016ef5      0x1cd CMakeFiles/rc_remote.dir/Drivers/STM32L1xx_HAL_Driver/Src/stm32l1xx_hal_cortex.c.obj
 .debug_macro   0x00000000000170c2      0x1cd CMakeFiles/rc_remote.dir/Drivers/STM32L1xx_HAL_Driver/Src/stm32l1xx_hal_dma.c.obj
 .debug_macro   0x000000000001728f      0x1d4 CMakeFiles/rc_remote.dir/Drivers/STM32L1xx_HAL_Driver/Src/stm32l1xx_hal_gpio.c.obj
 .debug_macro   0x0000000000017463      0x1df CMakeFiles/rc_remote.dir/Drivers/STM32L1xx_HAL_Driver/Src/stm32l1xx_hal_rcc.c.obj