Archive member included to satisfy reference by file (symbol)

/Applications/ARM/bin/../lib/gcc/arm-none-eabi/10.2.1/../../../../arm-none-eabi/lib/thumb/v7-m/nofp/libc_nano.a(lib_a-errno.o)
                              CMakeFiles/rc_remote.dir/Core/Src/syscalls.c.obj (__errno)
/Applications/ARM/bin/../lib/gcc/arm-none-eabi/10.2.1/../../../../arm-none-eabi/lib/thumb/v7-m/nofp/libc_nano.a(lib_a-exit.o)
                              /Applications/ARM/bin/../lib/gcc/arm-none-eabi/10.2.1/../../../../arm-none-eabi/lib/thumb/v7-m/nofp/crt0.o (exit)
/Applications/ARM/bin/../lib/gcc/arm-none-eabi/10.2.1/../../../../arm-none-eabi/lib/thumb/v7-m/nofp/libc_nano.a(lib_a-findfp.o)
                              CMakeFiles/rc_remote.dir/Middlewares/Third_Party/FreeRTOS/Source/tasks.c.obj (__sf_fake_stderr)
/Applications/ARM/bin/../lib/gcc/arm-none-eabi/10.2.1/../../../../arm-none-eabi/lib/thumb/v7-m/nofp/libc_nano.a(lib_a-fwalk.o)
                              /Applications/ARM/bin/../lib/gcc/arm-none-eabi/10.2.1/../../../../arm-none-eabi/lib/thumb/v7-m/nofp/libc_nano.a(lib_a-findfp.o) (_fwalk)
/Applications/ARM/bin/../lib/gcc/arm-none-eabi/10.2.1/../../../../arm-none-eabi/lib/thumb/v7-m/nofp/libc_nano.a(lib_a-impure.o)
                              /Applications/ARM/bin/../lib/gcc/arm-none-eabi/10.2.1/../../../../arm-none-eabi/lib/thumb/v7-m/nofp/libc_nano.a(lib_a-exit.o) (_global_impure_ptr)
/Applications/ARM/bin/../lib/gcc/arm-none-eabi/10.2.1/../../../../arm-none-eabi/lib/thumb/v7-m/nofp/libc_nano.a(lib_a-init.o)
                              /Applications/ARM/bin/../lib/gcc/arm-none-eabi/10.2.1/../../../../arm-none-eabi/lib/thumb/v7-m/nofp/crt0.o (__libc_init_array)
/Applications/ARM/bin/../lib/gcc/arm-none-eabi/10.2.1/../../../../arm-none-eabi/lib/thumb/v7-m/nofp/libc_nano.a(lib_a-lock.o)
                              /Applications/ARM/bin/../lib/gcc/arm-none-eabi/10.2.1/../../../../arm-none-eabi/lib/thumb/v7-m/nofp/libc_nano.a(lib_a-findfp.o) (__retarget_lock_init_recursive)
/Applications/ARM/bin/../lib/gcc/arm-none-eabi/10.2.1/../../../../arm-none-eabi/lib/thumb/v7-m/nofp/libc_nano.a(lib_a-memcpy-stub.o)
                              CMakeFiles/rc_remote.dir/Middlewares/Third_Party/FreeRTOS/Source/CMSIS_RTOS_V2/cmsis_os2.c.obj (memcpy)
/Applications/ARM/bin/../lib/gcc/arm-none-eabi/10.2.1/../../../../arm-none-eabi/lib/thumb/v7-m/nofp/libc_nano.a(lib_a-memset.o)
                              /Applications/ARM/bin/../lib/gcc/arm-none-eabi/10.2.1/../../../../arm-none-eabi/lib/thumb/v7-m/nofp/crt0.o (memset)
/Applications/ARM/bin/../lib/gcc/arm-none-eabi/10.2.1/../../../../arm-none-eabi/lib/thumb/v7-m/nofp/libc_nano.a(lib_a-nano-mallocr.o)
                              /Applications/ARM/bin/../lib/gcc/arm-none-eabi/10.2.1/../../../../arm-none-eabi/lib/thumb/v7-m/nofp/libc_nano.a(lib_a-findfp.o) (_malloc_r)
/Applications/ARM/bin/../lib/gcc/arm-none-eabi/10.2.1/../../../../arm-none-eabi/lib/thumb/v7-m/nofp/libc_nano.a(lib_a-reent.o)
                              CMakeFiles/rc_remote.dir/Middlewares/Third_Party/FreeRTOS/Source/tasks.c.obj (_reclaim_reent)
/Applications/ARM/bin/../lib/gcc/arm-none-eabi/10.2.1/../../../../arm-none-eabi/lib/thumb/v7-m/nofp/libc_nano.a(lib_a-sbrkr.o)
                              /Applications/ARM/bin/../lib/gcc/arm-none-eabi/10.2.1/../../../../arm-none-eabi/lib/thumb/v7-m/nofp/libc_nano.a(lib_a-nano-mallocr.o) (_sbrk_r)
/Applications/ARM/bin/../lib/gcc/arm-none-eabi/10.2.1/../../../../arm-none-eabi/lib/thumb/v7-m/nofp/libc_nano.a(lib_a-stdio.o)
                              /Applications/ARM/bin/../lib/gcc/arm-none-eabi/10.2.1/../../../../arm-none-eabi/lib/thumb/v7-m/nofp/libc_nano.a(lib_a-findfp.o) (__sread)
/Applications/ARM/bin/../lib/gcc/arm-none-eabi/10.2.1/../../../../arm-none-eabi/lib/thumb/v7-m/nofp/libc_nano.a(lib_a-writer.o)
                              /Applications/ARM/bin/../lib/gcc/arm-none-eabi/10.2.1/../../../../arm-none-eabi/lib/thumb/v7-m/nofp/libc_nano.a(lib_a-stdio.o) (_write_r)
/Applications/ARM/bin/../lib/gcc/arm-none-eabi/10.2.1/../../../../arm-none-eabi/lib/thumb/v7-m/nofp/libc_nano.a(lib_a-closer.o)
                              /Applications/ARM/bin/../lib/gcc/arm-none-eabi/10.2.1/../../../../arm-none-eabi/lib/thumb/v7-m/nofp/libc_nano.a(lib_a-stdio.o) (_close_r)
/Applications/ARM/bin/../lib/gcc/arm-none-eabi/10.2.1/../../../../arm-none-eabi/lib/thumb/v7-m/nofp/libc_nano.a(lib_a-fflush.o)
                              /Applications/ARM/bin/../lib/gcc/arm-none-eabi/10.2.1/../../../../arm-none-eabi/lib/thumb/v7-m/nofp/libc_nano.a(lib_a-findfp.o) (_fflush_r)
/Applications/ARM/bin/../lib/gcc/arm-none-eabi/10.2.1/../../../../arm-none-eabi/lib/thumb/v7-m/nofp/libc_nano.a(lib_a-lseekr.o)
                              /Applications/ARM/bin/../lib/gcc/arm-none-eabi/10.2.1/../../../../arm-none-eabi/lib/thumb/v7-m/nofp/libc_nano.a(lib_a-stdio.o) (_lseek_r)
[...]
Memory Configuration

Name             Origin             Length             Attributes
RAM              0x0000000020000000 0x0000000000008000 xrw
FLASH            0x0000000008000000 0x0000000000020000 xr
*default*        0x0000000000000000 0xffffffffffffffff

Linker script and memory map

LOAD /Applications/ARM/bin/../lib/gcc/arm-none-eabi/10.2.1/thumb/v7-m/nofp/crti.o
LOAD /Applications/ARM/bin/../lib/gcc/arm-none-eabi/10.2.1/thumb/v7-m/nofp/crtbegin.o
LOAD /Applications/ARM/bin/../lib/gcc/arm-none-eabi/10.2.1/../../../../arm-none-eabi/lib/thumb/v7-m/nofp/crt0.o
START GROUP
LOAD /Applications/ARM/bin/../lib/gcc/arm-none-eabi/10.2.1/../../../../arm-none-eabi/lib/thumb/v7-m/nofp/libstdc++_nano.a
LOAD /Applications/ARM/bin/../lib/gcc/arm-none-eabi/10.2.1/../../../../arm-none-eabi/lib/thumb/v7-m/nofp/libsupc++_nano.a
END GROUP
LOAD CMakeFiles/rc_remote.dir/Core/Src/adc.c.obj
LOAD CMakeFiles/rc_remote.dir/Core/Src/dma.c.obj
LOAD CMakeFiles/rc_remote.dir/Core/Src/freertos.c.obj
LOAD CMakeFiles/rc_remote.dir/Core/Src/gpio.c.obj
LOAD CMakeFiles/rc_remote.dir/Core/Src/main.cpp.obj
LOAD CMakeFiles/rc_remote.dir/Core/Src/spi.c.obj
LOAD CMakeFiles/rc_remote.dir/Core/Src/stm32l1xx_hal_msp.c.obj
LOAD CMakeFiles/rc_remote.dir/Core/Src/stm32l1xx_hal_timebase_tim.c.obj
LOAD CMakeFiles/rc_remote.dir/Core/Src/stm32l1xx_it.c.obj
LOAD CMakeFiles/rc_remote.dir/Core/Src/syscalls.c.obj
LOAD CMakeFiles/rc_remote.dir/Core/Src/system_stm32l1xx.c.obj
LOAD CMakeFiles/rc_remote.dir/Core/Src/usart.c.obj
LOAD CMakeFiles/rc_remote.dir/Drivers/STM32L1xx_HAL_Driver/Src/stm32l1xx_hal.c.obj
LOAD CMakeFiles/rc_remote.dir/Drivers/STM32L1xx_HAL_Driver/Src/stm32l1xx_hal_adc.c.obj
LOAD CMakeFiles/rc_remote.dir/Drivers/STM32L1xx_HAL_Driver/Src/stm32l1xx_hal_adc_ex.c.obj
LOAD CMakeFiles/rc_remote.dir/Drivers/STM32L1xx_HAL_Driver/Src/stm32l1xx_hal_cortex.c.obj
LOAD CMakeFiles/rc_remote.dir/Drivers/STM32L1xx_HAL_Driver/Src/stm32l1xx_hal_dma.c.obj
LOAD CMakeFiles/rc_remote.dir/Drivers/STM32L1xx_HAL_Driver/Src/stm32l1xx_hal_exti.c.obj
LOAD CMakeFiles/rc_remote.dir/Drivers/STM32L1xx_HAL_Driver/Src/stm32l1xx_hal_flash.c.obj
LOAD CMakeFiles/rc_remote.dir/Drivers/STM32L1xx_HAL_Driver/Src/stm32l1xx_hal_flash_ex.c.obj
LOAD CMakeFiles/rc_remote.dir/Drivers/STM32L1xx_HAL_Driver/Src/stm32l1xx_hal_flash_ramfunc.c.obj
LOAD CMakeFiles/rc_remote.dir/Drivers/STM32L1xx_HAL_Driver/Src/stm32l1xx_hal_gpio.c.obj
LOAD CMakeFiles/rc_remote.dir/Drivers/STM32L1xx_HAL_Driver/Src/stm32l1xx_hal_pwr.c.obj
LOAD CMakeFiles/rc_remote.dir/Drivers/STM32L1xx_HAL_Driver/Src/stm32l1xx_hal_pwr_ex.c.obj
LOAD CMakeFiles/rc_remote.dir/Drivers/STM32L1xx_HAL_Driver/Src/stm32l1xx_hal_rcc.c.obj
LOAD CMakeFiles/rc_remote.dir/Drivers/STM32L1xx_HAL_Driver/Src/stm32l1xx_hal_rcc_ex.c.obj
LOAD CMakeFiles/rc_remote.dir/Drivers/STM32L1xx_HAL_Driver/Src/stm32l1xx_hal_spi.c.obj
LOAD CMakeFiles/rc_remote.dir/Drivers/STM32L1xx_HAL_Driver/Src/stm32l1xx_hal_tim.c.obj
LOAD CMakeFiles/rc_remote.dir/Drivers/STM32L1xx_HAL_Driver/Src/stm32l1xx_hal_tim_ex.c.obj
LOAD CMakeFiles/rc_remote.dir/Drivers/STM32L1xx_HAL_Driver/Src/stm32l1xx_hal_uart.c.obj
LOAD CMakeFiles/rc_remote.dir/Drivers/startup_stm32l151xba.s.obj
LOAD CMakeFiles/rc_remote.dir/Middlewares/Third_Party/FreeRTOS/Source/CMSIS_RTOS_V2/cmsis_os2.c.obj
LOAD CMakeFiles/rc_remote.dir/Middlewares/Third_Party/FreeRTOS/Source/croutine.c.obj
LOAD CMakeFiles/rc_remote.dir/Middlewares/Third_Party/FreeRTOS/Source/event_groups.c.obj
LOAD CMakeFiles/rc_remote.dir/Middlewares/Third_Party/FreeRTOS/Source/list.c.obj
LOAD CMakeFiles/rc_remote.dir/Middlewares/Third_Party/FreeRTOS/Source/portable/GCC/ARM_CM3/port.c.obj
LOAD CMakeFiles/rc_remote.dir/Middlewares/Third_Party/FreeRTOS/Source/portable/MemMang/heap_4.c.obj
LOAD CMakeFiles/rc_remote.dir/Middlewares/Third_Party/FreeRTOS/Source/queue.c.obj
LOAD CMakeFiles/rc_remote.dir/Middlewares/Third_Party/FreeRTOS/Source/stream_buffer.c.obj
LOAD CMakeFiles/rc_remote.dir/Middlewares/Third_Party/FreeRTOS/Source/tasks.c.obj
LOAD CMakeFiles/rc_remote.dir/Middlewares/Third_Party/FreeRTOS/Source/timers.c.obj
LOAD /Applications/ARM/bin/../lib/gcc/arm-none-eabi/10.2.1/../../../../arm-none-eabi/lib/thumb/v7-m/nofp/libstdc++_nano.a
LOAD /Applications/ARM/bin/../lib/gcc/arm-none-eabi/10.2.1/../../../../arm-none-eabi/lib/thumb/v7-m/nofp/libm.a
LOAD /Applications/ARM/bin/../lib/gcc/arm-none-eabi/10.2.1/../../../../arm-none-eabi/lib/thumb/v7-m/nofp/libc_nano.a
START GROUP
LOAD /Applications/ARM/bin/../lib/gcc/arm-none-eabi/10.2.1/thumb/v7-m/nofp/libgcc.a
LOAD /Applications/ARM/bin/../lib/gcc/arm-none-eabi/10.2.1/../../../../arm-none-eabi/lib/thumb/v7-m/nofp/libg_nano.a
LOAD /Applications/ARM/bin/../lib/gcc/arm-none-eabi/10.2.1/../../../../arm-none-eabi/lib/thumb/v7-m/nofp/libc_nano.a
END GROUP
START GROUP
LOAD /Applications/ARM/bin/../lib/gcc/arm-none-eabi/10.2.1/thumb/v7-m/nofp/libgcc.a
LOAD /Applications/ARM/bin/../lib/gcc/arm-none-eabi/10.2.1/../../../../arm-none-eabi/lib/thumb/v7-m/nofp/libc_nano.a
LOAD /Applications/ARM/bin/../lib/gcc/arm-none-eabi/10.2.1/../../../../arm-none-eabi/lib/thumb/v7-m/nofp/libnosys.a
END GROUP
START GROUP
LOAD /Applications/ARM/bin/../lib/gcc/arm-none-eabi/10.2.1/thumb/v7-m/nofp/libgcc.a
LOAD /Applications/ARM/bin/../lib/gcc/arm-none-eabi/10.2.1/../../../../arm-none-eabi/lib/thumb/v7-m/nofp/libc_nano.a
LOAD /Applications/ARM/bin/../lib/gcc/arm-none-eabi/10.2.1/../../../../arm-none-eabi/lib/thumb/v7-m/nofp/libnosys.a
END GROUP
LOAD /Applications/ARM/bin/../lib/gcc/arm-none-eabi/10.2.1/thumb/v7-m/nofp/crtend.o
LOAD /Applications/ARM/bin/../lib/gcc/arm-none-eabi/10.2.1/thumb/v7-m/nofp/crtn.o
                0x0000000020008000                _estack = 0x20008000
                0x0000000000000200                _Min_Heap_Size = 0x200
                0x0000000000000400                _Min_Stack_Size = 0x400

.isr_vector     0x0000000008000000      0x13c
                0x0000000008000000                . = ALIGN (0x4)
 *(.isr_vector)
 .isr_vector    0x0000000008000000      0x13c CMakeFiles/rc_remote.dir/Drivers/startup_stm32l151xba.s.obj
                0x0000000008000000                g_pfnVectors
                0x000000000800013c                . = ALIGN (0x4)

.text           0x0000000008000140     0x3f78
                0x0000000008000140                . = ALIGN (0x4)
 *(.text)
 .text          0x0000000008000140       0x40 /Applications/ARM/bin/../lib/gcc/arm-none-eabi/10.2.1/thumb/v7-m/nofp/crtbegin.o
 .text          0x0000000008000180       0x30 /Applications/ARM/bin/../lib/gcc/arm-none-eabi/10.2.1/thumb/v7-m/nofp/libgcc.a(_aeabi_uldivmod.o)
                0x0000000008000180                __aeabi_uldivmod
 .text          0x00000000080001b0      0x2d4 /Applications/ARM/bin/../lib/gcc/arm-none-eabi/10.2.1/thumb/v7-m/nofp/libgcc.a(_udivmoddi4.o)
                0x00000000080001b0                __udivmoddi4
 .text          0x0000000008000484        0x4 /Applications/ARM/bin/../lib/gcc/arm-none-eabi/10.2.1/thumb/v7-m/nofp/libgcc.a(_dvmd_tls.o)
                0x0000000008000484                __aeabi_ldiv0
                0x0000000008000484                __aeabi_idiv0
 *(.text*)
 .text.MX_ADC_Init
                0x0000000008000488       0x8c CMakeFiles/rc_remote.dir/Core/Src/adc.c.obj
                0x0000000008000488                MX_ADC_Init
 .text.HAL_ADC_MspInit
                0x0000000008000514       0x60 CMakeFiles/rc_remote.dir/Core/Src/adc.c.obj
                0x0000000008000514                HAL_ADC_MspInit
 .text.MX_DMA_Init
                0x0000000008000574       0x34 CMakeFiles/rc_remote.dir/Core/Src/dma.c.obj
                0x0000000008000574                MX_DMA_Init
 .text.StartDefaultTask
                0x00000000080005a8        0xa CMakeFiles/rc_remote.dir/Core/Src/freertos.c.obj
                0x00000000080005a8                StartDefaultTask
 *fill*         0x00000000080005b2        0x2 
 .text.MX_FREERTOS_Init
                0x00000000080005b4       0x70 CMakeFiles/rc_remote.dir/Core/Src/freertos.c.obj
                0x00000000080005b4                MX_FREERTOS_Init
 .text.MX_GPIO_Init
                0x0000000008000624       0xc8 CMakeFiles/rc_remote.dir/Core/Src/gpio.c.obj
                0x0000000008000624                MX_GPIO_Init
 .text.RadioTask
                0x00000000080006ec        0x2 CMakeFiles/rc_remote.dir/Core/Src/main.cpp.obj
                0x00000000080006ec                RadioTask
 .text.ledTimeoutCallback
                0x00000000080006ee        0x2 CMakeFiles/rc_remote.dir/Core/Src/main.cpp.obj
                0x00000000080006ee                ledTimeoutCallback
 .text.radioHeartbeatCallback
                0x00000000080006f0        0x2 CMakeFiles/rc_remote.dir/Core/Src/main.cpp.obj
                0x00000000080006f0                radioHeartbeatCallback
 *fill*         0x00000000080006f2        0x2 
 .text.HAL_TIM_PeriodElapsedCallback
                0x00000000080006f4       0x18 CMakeFiles/rc_remote.dir/Core/Src/main.cpp.obj
                0x00000000080006f4                HAL_TIM_PeriodElapsedCallback
 .text.Error_Handler
                0x000000000800070c        0x4 CMakeFiles/rc_remote.dir/Core/Src/main.cpp.obj
                0x000000000800070c                Error_Handler
 .text.SystemClock_Config
                0x0000000008000710       0x78 CMakeFiles/rc_remote.dir/Core/Src/main.cpp.obj
                0x0000000008000710                SystemClock_Config
 .text.main     0x0000000008000788       0x50 CMakeFiles/rc_remote.dir/Core/Src/main.cpp.obj
                0x0000000008000788                main
 .text.MX_SPI1_Init
                0x00000000080007d8       0x44 CMakeFiles/rc_remote.dir/Core/Src/spi.c.obj
                0x00000000080007d8                MX_SPI1_Init
 .text.MX_SPI2_Init
                0x000000000800081c       0x44 CMakeFiles/rc_remote.dir/Core/Src/spi.c.obj
                0x000000000800081c                MX_SPI2_Init
 .text.HAL_SPI_MspInit
                0x0000000008000860      0x10c CMakeFiles/rc_remote.dir/Core/Src/spi.c.obj
                0x0000000008000860                HAL_SPI_MspInit
 .text.HAL_MspInit
                0x000000000800096c       0x54 CMakeFiles/rc_remote.dir/Core/Src/stm32l1xx_hal_msp.c.obj
                0x000000000800096c                HAL_MspInit
 .text.HAL_InitTick
                0x00000000080009c0       0x78 CMakeFiles/rc_remote.dir/Core/Src/stm32l1xx_hal_timebase_tim.c.obj
                0x00000000080009c0                HAL_InitTick
 .text.NMI_Handler
                0x0000000008000a38        0x2 CMakeFiles/rc_remote.dir/Core/Src/stm32l1xx_it.c.obj
                0x0000000008000a38                NMI_Handler
 .text.HardFault_Handler
                0x0000000008000a3a        0x2 CMakeFiles/rc_remote.dir/Core/Src/stm32l1xx_it.c.obj
                0x0000000008000a3a                HardFault_Handler
 .text.MemManage_Handler
                0x0000000008000a3c        0x2 CMakeFiles/rc_remote.dir/Core/Src/stm32l1xx_it.c.obj
                0x0000000008000a3c                MemManage_Handler
 .text.BusFault_Handler
                0x0000000008000a3e        0x2 CMakeFiles/rc_remote.dir/Core/Src/stm32l1xx_it.c.obj
                0x0000000008000a3e                BusFault_Handler
 .text.UsageFault_Handler
                0x0000000008000a40        0x2 CMakeFiles/rc_remote.dir/Core/Src/stm32l1xx_it.c.obj
                0x0000000008000a40                UsageFault_Handler
 .text.DebugMon_Handler
                0x0000000008000a42        0x2 CMakeFiles/rc_remote.dir/Core/Src/stm32l1xx_it.c.obj
                0x0000000008000a42                DebugMon_Handler
 .text.DMA1_Channel5_IRQHandler
                0x0000000008000a44       0x10 CMakeFiles/rc_remote.dir/Core/Src/stm32l1xx_it.c.obj
                0x0000000008000a44                DMA1_Channel5_IRQHandler
 .text.SPI1_IRQHandler
                0x0000000008000a54       0x10 CMakeFiles/rc_remote.dir/Core/Src/stm32l1xx_it.c.obj
                0x0000000008000a54                SPI1_IRQHandler
 .text.SPI2_IRQHandler
                0x0000000008000a64       0x10 CMakeFiles/rc_remote.dir/Core/Src/stm32l1xx_it.c.obj
                0x0000000008000a64                SPI2_IRQHandler
 .text.TIM6_IRQHandler
                0x0000000008000a74       0x10 CMakeFiles/rc_remote.dir/Core/Src/stm32l1xx_it.c.obj
                0x0000000008000a74                TIM6_IRQHandler
 .text.SystemInit
                0x0000000008000a84        0x2 CMakeFiles/rc_remote.dir/Core/Src/system_stm32l1xx.c.obj
                0x0000000008000a84                SystemInit
 *fill*         0x0000000008000a86        0x2 
 .text.MX_USART1_UART_Init
                0x0000000008000a88       0x34 CMakeFiles/rc_remote.dir/Core/Src/usart.c.obj
                0x0000000008000a88                MX_USART1_UART_Init
 .text.HAL_UART_MspInit
                0x0000000008000abc       0x6c CMakeFiles/rc_remote.dir/Core/Src/usart.c.obj
                0x0000000008000abc                HAL_UART_MspInit
 .text.HAL_Init
                0x0000000008000b28       0x1e CMakeFiles/rc_remote.dir/Drivers/STM32L1xx_HAL_Driver/Src/stm32l1xx_hal.c.obj
                0x0000000008000b28                HAL_Init
 *fill*         0x0000000008000b46        0x2 
 .text.HAL_IncTick
                0x0000000008000b48       0x18 CMakeFiles/rc_remote.dir/Drivers/STM32L1xx_HAL_Driver/Src/stm32l1xx_hal.c.obj
                0x0000000008000b48                HAL_IncTick
 .text.HAL_GetTick
                0x0000000008000b60        0xc CMakeFiles/rc_remote.dir/Drivers/STM32L1xx_HAL_Driver/Src/stm32l1xx_hal.c.obj
                0x0000000008000b60                HAL_GetTick
 .text.HAL_Delay
                0x0000000008000b6c       0x28 CMakeFiles/rc_remote.dir/Drivers/STM32L1xx_HAL_Driver/Src/stm32l1xx_hal.c.obj
                0x0000000008000b6c                HAL_Delay
 .text.HAL_ADC_Init
                0x0000000008000b94      0x19c CMakeFiles/rc_remote.dir/Drivers/STM32L1xx_HAL_Driver/Src/stm32l1xx_hal_adc.c.obj
                0x0000000008000b94                HAL_ADC_Init
 .text.HAL_ADC_ConfigChannel
                0x0000000008000d30      0x198 CMakeFiles/rc_remote.dir/Drivers/STM32L1xx_HAL_Driver/Src/stm32l1xx_hal_adc.c.obj
                0x0000000008000d30                HAL_ADC_ConfigChannel
 .text.HAL_NVIC_SetPriorityGrouping
                0x0000000008000ec8       0x24 CMakeFiles/rc_remote.dir/Drivers/STM32L1xx_HAL_Driver/Src/stm32l1xx_hal_cortex.c.obj
                0x0000000008000ec8                HAL_NVIC_SetPriorityGrouping
 .text.HAL_NVIC_SetPriority
                0x0000000008000eec       0x70 CMakeFiles/rc_remote.dir/Drivers/STM32L1xx_HAL_Driver/Src/stm32l1xx_hal_cortex.c.obj
                0x0000000008000eec                HAL_NVIC_SetPriority
 .text.HAL_NVIC_EnableIRQ
                0x0000000008000f5c       0x1c CMakeFiles/rc_remote.dir/Drivers/STM32L1xx_HAL_Driver/Src/stm32l1xx_hal_cortex.c.obj
                0x0000000008000f5c                HAL_NVIC_EnableIRQ
 .text.HAL_DMA_Init
                0x0000000008000f78       0x6c CMakeFiles/rc_remote.dir/Drivers/STM32L1xx_HAL_Driver/Src/stm32l1xx_hal_dma.c.obj
                0x0000000008000f78                HAL_DMA_Init
 .text.HAL_DMA_Abort_IT
                0x0000000008000fe4       0x50 CMakeFiles/rc_remote.dir/Drivers/STM32L1xx_HAL_Driver/Src/stm32l1xx_hal_dma.c.obj
                0x0000000008000fe4                HAL_DMA_Abort_IT
 .text.HAL_DMA_IRQHandler
                0x0000000008001034       0xc4 CMakeFiles/rc_remote.dir/Drivers/STM32L1xx_HAL_Driver/Src/stm32l1xx_hal_dma.c.obj
                0x0000000008001034                HAL_DMA_IRQHandler
 .text.HAL_GPIO_Init
                0x00000000080010f8      0x1d0 CMakeFiles/rc_remote.dir/Drivers/STM32L1xx_HAL_Driver/Src/stm32l1xx_hal_gpio.c.obj
                0x00000000080010f8                HAL_GPIO_Init
 .text.HAL_GPIO_WritePin
                0x00000000080012c8        0xc CMakeFiles/rc_remote.dir/Drivers/STM32L1xx_HAL_Driver/Src/stm32l1xx_hal_gpio.c.obj
                0x00000000080012c8                HAL_GPIO_WritePin
 .text.HAL_GPIO_TogglePin
                0x00000000080012d4       0x12 CMakeFiles/rc_remote.dir/Drivers/STM32L1xx_HAL_Driver/Src/stm32l1xx_hal_gpio.c.obj
                0x00000000080012d4                HAL_GPIO_TogglePin
 *fill*         0x00000000080012e6        0x2 
 .text.RCC_SetFlashLatencyFromMSIRange
                0x00000000080012e8       0x90 CMakeFiles/rc_remote.dir/Drivers/STM32L1xx_HAL_Driver/Src/stm32l1xx_hal_rcc.c.obj
 .text.HAL_RCC_OscConfig
                0x0000000008001378      0x4f8 CMakeFiles/rc_remote.dir/Drivers/STM32L1xx_HAL_Driver/Src/stm32l1xx_hal_rcc.c.obj
                0x0000000008001378                HAL_RCC_OscConfig
 .text.HAL_RCC_GetSysClockFreq
                0x0000000008001870       0xd8 CMakeFiles/rc_remote.dir/Drivers/STM32L1xx_HAL_Driver/Src/stm32l1xx_hal_rcc.c.obj
                0x0000000008001870                HAL_RCC_GetSysClockFreq
 .text.HAL_RCC_ClockConfig
                0x0000000008001948      0x1dc CMakeFiles/rc_remote.dir/Drivers/STM32L1xx_HAL_Driver/Src/stm32l1xx_hal_rcc.c.obj
                0x0000000008001948                HAL_RCC_ClockConfig
 .text.HAL_RCC_GetHCLKFreq
                0x0000000008001b24        0xc CMakeFiles/rc_remote.dir/Drivers/STM32L1xx_HAL_Driver/Src/stm32l1xx_hal_rcc.c.obj
                0x0000000008001b24                HAL_RCC_GetHCLKFreq
 .text.HAL_RCC_GetPCLK1Freq
                0x0000000008001b30       0x20 CMakeFiles/rc_remote.dir/Drivers/STM32L1xx_HAL_Driver/Src/stm32l1xx_hal_rcc.c.obj
                0x0000000008001b30                HAL_RCC_GetPCLK1Freq
 .text.HAL_RCC_GetPCLK2Freq
                0x0000000008001b50       0x20 CMakeFiles/rc_remote.dir/Drivers/STM32L1xx_HAL_Driver/Src/stm32l1xx_hal_rcc.c.obj
                0x0000000008001b50                HAL_RCC_GetPCLK2Freq
 .text.HAL_RCC_GetClockConfig
                0x0000000008001b70       0x3c CMakeFiles/rc_remote.dir/Drivers/STM32L1xx_HAL_Driver/Src/stm32l1xx_hal_rcc.c.obj
                0x0000000008001b70                HAL_RCC_GetClockConfig
 .text.HAL_SPI_Init
                0x0000000008001bac       0xac CMakeFiles/rc_remote.dir/Drivers/STM32L1xx_HAL_Driver/Src/stm32l1xx_hal_spi.c.obj
                0x0000000008001bac                HAL_SPI_Init
 .text.HAL_SPI_ErrorCallback
                0x0000000008001c58        0x2 CMakeFiles/rc_remote.dir/Drivers/STM32L1xx_HAL_Driver/Src/stm32l1xx_hal_spi.c.obj
                0x0000000008001c58                HAL_SPI_ErrorCallback
 *fill*         0x0000000008001c5a        0x2 
 .text.HAL_SPI_IRQHandler
                0x0000000008001c5c      0x108 CMakeFiles/rc_remote.dir/Drivers/STM32L1xx_HAL_Driver/Src/stm32l1xx_hal_spi.c.obj
                0x0000000008001c5c                HAL_SPI_IRQHandler
 .text.SPI_DMAAbortOnError
                0x0000000008001d64       0x10 CMakeFiles/rc_remote.dir/Drivers/STM32L1xx_HAL_Driver/Src/stm32l1xx_hal_spi.c.obj
 .text.TIM_Base_SetConfig
                0x0000000008001d74       0x70 CMakeFiles/rc_remote.dir/Drivers/STM32L1xx_HAL_Driver/Src/stm32l1xx_hal_tim.c.obj
 .text.HAL_TIM_Base_MspInit
                0x0000000008001de4        0x2 CMakeFiles/rc_remote.dir/Drivers/STM32L1xx_HAL_Driver/Src/stm32l1xx_hal_tim.c.obj
                0x0000000008001de4                HAL_TIM_Base_MspInit
 .text.HAL_TIM_Base_Init
                0x0000000008001de6       0x48 CMakeFiles/rc_remote.dir/Drivers/STM32L1xx_HAL_Driver/Src/stm32l1xx_hal_tim.c.obj
                0x0000000008001de6                HAL_TIM_Base_Init
 *fill*         0x0000000008001e2e        0x2 
 .text.HAL_TIM_Base_Start_IT
                0x0000000008001e30       0x68 CMakeFiles/rc_remote.dir/Drivers/STM32L1xx_HAL_Driver/Src/stm32l1xx_hal_tim.c.obj
                0x0000000008001e30                HAL_TIM_Base_Start_IT
 .text.HAL_TIM_OC_DelayElapsedCallback
                0x0000000008001e98        0x2 CMakeFiles/rc_remote.dir/Drivers/STM32L1xx_HAL_Driver/Src/stm32l1xx_hal_tim.c.obj
                0x0000000008001e98                HAL_TIM_OC_DelayElapsedCallback
 .text.HAL_TIM_IC_CaptureCallback
                0x0000000008001e9a        0x2 CMakeFiles/rc_remote.dir/Drivers/STM32L1xx_HAL_Driver/Src/stm32l1xx_hal_tim.c.obj
                0x0000000008001e9a                HAL_TIM_IC_CaptureCallback
 .text.HAL_TIM_PWM_PulseFinishedCallback
                0x0000000008001e9c        0x2 CMakeFiles/rc_remote.dir/Drivers/STM32L1xx_HAL_Driver/Src/stm32l1xx_hal_tim.c.obj
                0x0000000008001e9c                HAL_TIM_PWM_PulseFinishedCallback
 .text.HAL_TIM_TriggerCallback
                0x0000000008001e9e        0x2 CMakeFiles/rc_remote.dir/Drivers/STM32L1xx_HAL_Driver/Src/stm32l1xx_hal_tim.c.obj
                0x0000000008001e9e                HAL_TIM_TriggerCallback
 .text.HAL_TIM_IRQHandler
                0x0000000008001ea0      0x13a CMakeFiles/rc_remote.dir/Drivers/STM32L1xx_HAL_Driver/Src/stm32l1xx_hal_tim.c.obj
                0x0000000008001ea0                HAL_TIM_IRQHandler
 *fill*         0x0000000008001fda        0x2 
 .text.UART_SetConfig
                0x0000000008001fdc       0xdc CMakeFiles/rc_remote.dir/Drivers/STM32L1xx_HAL_Driver/Src/stm32l1xx_hal_uart.c.obj
 .text.HAL_UART_Init
                0x00000000080020b8       0x5e CMakeFiles/rc_remote.dir/Drivers/STM32L1xx_HAL_Driver/Src/stm32l1xx_hal_uart.c.obj
                0x00000000080020b8                HAL_UART_Init
 *fill*         0x0000000008002116        0x2 
 .text.Reset_Handler
                0x0000000008002118       0x48 CMakeFiles/rc_remote.dir/Drivers/startup_stm32l151xba.s.obj
                0x0000000008002118                Reset_Handler
 .text.Default_Handler
                0x0000000008002160        0x2 CMakeFiles/rc_remote.dir/Drivers/startup_stm32l151xba.s.obj
                0x0000000008002160                I2C1_ER_IRQHandler
                0x0000000008002160                EXTI2_IRQHandler
                0x0000000008002160                TIM10_IRQHandler
                0x0000000008002160                USB_HP_IRQHandler
                0x0000000008002160                PVD_IRQHandler
                0x0000000008002160                EXTI3_IRQHandler
                0x0000000008002160                EXTI0_IRQHandler
                0x0000000008002160                I2C2_EV_IRQHandler
                0x0000000008002160                USB_FS_WKUP_IRQHandler
                0x0000000008002160                DMA1_Channel4_IRQHandler
                0x0000000008002160                ADC1_IRQHandler
                0x0000000008002160                USART3_IRQHandler
                0x0000000008002160                DMA1_Channel7_IRQHandler
                0x0000000008002160                TIM4_IRQHandler
                0x0000000008002160                I2C1_EV_IRQHandler
                0x0000000008002160                DMA1_Channel6_IRQHandler
                0x0000000008002160                TIM3_IRQHandler
                0x0000000008002160                RCC_IRQHandler
                0x0000000008002160                DMA1_Channel1_IRQHandler
                0x0000000008002160                Default_Handler
                0x0000000008002160                EXTI15_10_IRQHandler
                0x0000000008002160                TIM7_IRQHandler
                0x0000000008002160                EXTI9_5_IRQHandler
                0x0000000008002160                TIM9_IRQHandler
                0x0000000008002160                TAMPER_STAMP_IRQHandler
                0x0000000008002160                RTC_WKUP_IRQHandler
                0x0000000008002160                USB_LP_IRQHandler
                0x0000000008002160                EXTI4_IRQHandler
                0x0000000008002160                DMA1_Channel3_IRQHandler
                0x0000000008002160                COMP_IRQHandler
                0x0000000008002160                WWDG_IRQHandler
                0x0000000008002160                TIM2_IRQHandler
                0x0000000008002160                DAC_IRQHandler
                0x0000000008002160                EXTI1_IRQHandler
                0x0000000008002160                TIM11_IRQHandler
                0x0000000008002160                USART2_IRQHandler
                0x0000000008002160                I2C2_ER_IRQHandler
                0x0000000008002160                DMA1_Channel2_IRQHandler
                0x0000000008002160                FLASH_IRQHandler
                0x0000000008002160                USART1_IRQHandler
                0x0000000008002160                RTC_Alarm_IRQHandler
 .text.TimerCallback
                0x0000000008002162       0x10 CMakeFiles/rc_remote.dir/Middlewares/Third_Party/FreeRTOS/Source/CMSIS_RTOS_V2/cmsis_os2.c.obj
 *fill*         0x0000000008002172        0x2 
 .text.osKernelInitialize
                0x0000000008002174       0x44 CMakeFiles/rc_remote.dir/Middlewares/Third_Party/FreeRTOS/Source/CMSIS_RTOS_V2/cmsis_os2.c.obj
                0x0000000008002174                osKernelInitialize
 .text.osKernelStart
                0x00000000080021b8       0x4c CMakeFiles/rc_remote.dir/Middlewares/Third_Party/FreeRTOS/Source/CMSIS_RTOS_V2/cmsis_os2.c.obj
                0x00000000080021b8                osKernelStart
 .text.osThreadNew
                0x0000000008002204       0xec CMakeFiles/rc_remote.dir/Middlewares/Third_Party/FreeRTOS/Source/CMSIS_RTOS_V2/cmsis_os2.c.obj
                0x0000000008002204                osThreadNew
 .text.osDelay  0x00000000080022f0       0x44 CMakeFiles/rc_remote.dir/Middlewares/Third_Party/FreeRTOS/Source/CMSIS_RTOS_V2/cmsis_os2.c.obj
                0x00000000080022f0                osDelay
 .text.osTimerNew
                0x0000000008002334       0xbc CMakeFiles/rc_remote.dir/Middlewares/Third_Party/FreeRTOS/Source/CMSIS_RTOS_V2/cmsis_os2.c.obj
                0x0000000008002334                osTimerNew
 .text.vApplicationGetIdleTaskMemory
                0x00000000080023f0       0x18 CMakeFiles/rc_remote.dir/Middlewares/Third_Party/FreeRTOS/Source/CMSIS_RTOS_V2/cmsis_os2.c.obj
                0x00000000080023f0                vApplicationGetIdleTaskMemory
 .text.vApplicationGetTimerTaskMemory
                0x0000000008002408       0x18 CMakeFiles/rc_remote.dir/Middlewares/Third_Party/FreeRTOS/Source/CMSIS_RTOS_V2/cmsis_os2.c.obj
                0x0000000008002408                vApplicationGetTimerTaskMemory
 .text.vListInitialise
                0x0000000008002420       0x16 CMakeFiles/rc_remote.dir/Middlewares/Third_Party/FreeRTOS/Source/list.c.obj
                0x0000000008002420                vListInitialise
 .text.vListInitialiseItem
                0x0000000008002436        0x6 CMakeFiles/rc_remote.dir/Middlewares/Third_Party/FreeRTOS/Source/list.c.obj
                0x0000000008002436                vListInitialiseItem
 .text.vListInsertEnd
                0x000000000800243c       0x16 CMakeFiles/rc_remote.dir/Middlewares/Third_Party/FreeRTOS/Source/list.c.obj
                0x000000000800243c                vListInsertEnd
 .text.vListInsert
                0x0000000008002452       0x32 CMakeFiles/rc_remote.dir/Middlewares/Third_Party/FreeRTOS/Source/list.c.obj
                0x0000000008002452                vListInsert
 .text.uxListRemove
                0x0000000008002484       0x26 CMakeFiles/rc_remote.dir/Middlewares/Third_Party/FreeRTOS/Source/list.c.obj
                0x0000000008002484                uxListRemove
 *fill*         0x00000000080024aa        0x2 
 .text.prvTaskExitError
                0x00000000080024ac       0x40 CMakeFiles/rc_remote.dir/Middlewares/Third_Party/FreeRTOS/Source/portable/GCC/ARM_CM3/port.c.obj
 .text.prvPortStartFirstTask
                0x00000000080024ec       0x20 CMakeFiles/rc_remote.dir/Middlewares/Third_Party/FreeRTOS/Source/portable/GCC/ARM_CM3/port.c.obj
 .text.pxPortInitialiseStack
                0x000000000800250c       0x24 CMakeFiles/rc_remote.dir/Middlewares/Third_Party/FreeRTOS/Source/portable/GCC/ARM_CM3/port.c.obj
                0x000000000800250c                pxPortInitialiseStack
 .text.SVC_Handler
                0x0000000008002530       0x24 CMakeFiles/rc_remote.dir/Middlewares/Third_Party/FreeRTOS/Source/portable/GCC/ARM_CM3/port.c.obj
                0x0000000008002530                SVC_Handler
 .text.vPortEnterCritical
                0x0000000008002554       0x44 CMakeFiles/rc_remote.dir/Middlewares/Third_Party/FreeRTOS/Source/portable/GCC/ARM_CM3/port.c.obj
                0x0000000008002554                vPortEnterCritical
 .text.vPortExitCritical
                0x0000000008002598       0x2c CMakeFiles/rc_remote.dir/Middlewares/Third_Party/FreeRTOS/Source/portable/GCC/ARM_CM3/port.c.obj
                0x0000000008002598                vPortExitCritical
 *fill*         0x00000000080025c4        0xc 
 .text.PendSV_Handler
                0x00000000080025d0       0x44 CMakeFiles/rc_remote.dir/Middlewares/Third_Party/FreeRTOS/Source/portable/GCC/ARM_CM3/port.c.obj
                0x00000000080025d0                PendSV_Handler
 .text.SysTick_Handler
                0x0000000008002614       0x2c CMakeFiles/rc_remote.dir/Middlewares/Third_Party/FreeRTOS/Source/portable/GCC/ARM_CM3/port.c.obj
                0x0000000008002614                SysTick_Handler
 .text.vPortSetupTimerInterrupt
                0x0000000008002640       0x28 CMakeFiles/rc_remote.dir/Middlewares/Third_Party/FreeRTOS/Source/portable/GCC/ARM_CM3/port.c.obj
                0x0000000008002640                vPortSetupTimerInterrupt
 .text.xPortStartScheduler
                0x0000000008002668       0xc0 CMakeFiles/rc_remote.dir/Middlewares/Third_Party/FreeRTOS/Source/portable/GCC/ARM_CM3/port.c.obj
                0x0000000008002668                xPortStartScheduler
 .text.vPortValidateInterruptPriority
                0x0000000008002728       0x5c CMakeFiles/rc_remote.dir/Middlewares/Third_Party/FreeRTOS/Source/portable/GCC/ARM_CM3/port.c.obj
                0x0000000008002728                vPortValidateInterruptPriority
 .text.prvHeapInit
                0x0000000008002784       0x64 CMakeFiles/rc_remote.dir/Middlewares/Third_Party/FreeRTOS/Source/portable/MemMang/heap_4.c.obj
 .text.prvInsertBlockIntoFreeList
                0x00000000080027e8       0x60 CMakeFiles/rc_remote.dir/Middlewares/Third_Party/FreeRTOS/Source/portable/MemMang/heap_4.c.obj
 .text.pvPortMalloc
                0x0000000008002848       0xf0 CMakeFiles/rc_remote.dir/Middlewares/Third_Party/FreeRTOS/Source/portable/MemMang/heap_4.c.obj
                0x0000000008002848                pvPortMalloc
 .text.vPortFree
                0x0000000008002938       0x70 CMakeFiles/rc_remote.dir/Middlewares/Third_Party/FreeRTOS/Source/portable/MemMang/heap_4.c.obj
                0x0000000008002938                vPortFree
 .text.prvIsQueueFull
                0x00000000080029a8       0x1e CMakeFiles/rc_remote.dir/Middlewares/Third_Party/FreeRTOS/Source/queue.c.obj
 .text.prvIsQueueEmpty
                0x00000000080029c6       0x1a CMakeFiles/rc_remote.dir/Middlewares/Third_Party/FreeRTOS/Source/queue.c.obj
 .text.prvCopyDataToQueue
                0x00000000080029e0       0x76 CMakeFiles/rc_remote.dir/Middlewares/Third_Party/FreeRTOS/Source/queue.c.obj
 .text.prvCopyDataFromQueue
                0x0000000008002a56       0x24 CMakeFiles/rc_remote.dir/Middlewares/Third_Party/FreeRTOS/Source/queue.c.obj
 .text.prvUnlockQueue
                0x0000000008002a7a       0x6e CMakeFiles/rc_remote.dir/Middlewares/Third_Party/FreeRTOS/Source/queue.c.obj
 .text.xQueueGenericReset
                0x0000000008002ae8       0x6c CMakeFiles/rc_remote.dir/Middlewares/Third_Party/FreeRTOS/Source/queue.c.obj
                0x0000000008002ae8                xQueueGenericReset
 .text.prvInitialiseNewQueue
                0x0000000008002b54       0x22 CMakeFiles/rc_remote.dir/Middlewares/Third_Party/FreeRTOS/Source/queue.c.obj
 .text.xQueueGenericCreateStatic
                0x0000000008002b76       0x92 CMakeFiles/rc_remote.dir/Middlewares/Third_Party/FreeRTOS/Source/queue.c.obj
                0x0000000008002b76                xQueueGenericCreateStatic
 .text.xQueueGenericSend
                0x0000000008002c08      0x158 CMakeFiles/rc_remote.dir/Middlewares/Third_Party/FreeRTOS/Source/queue.c.obj
                0x0000000008002c08                xQueueGenericSend
 .text.xQueueGenericSendFromISR
                0x0000000008002d60       0xcc CMakeFiles/rc_remote.dir/Middlewares/Third_Party/FreeRTOS/Source/queue.c.obj
                0x0000000008002d60                xQueueGenericSendFromISR
 .text.xQueueReceive
                0x0000000008002e2c      0x146 CMakeFiles/rc_remote.dir/Middlewares/Third_Party/FreeRTOS/Source/queue.c.obj
                0x0000000008002e2c                xQueueReceive
 *fill*         0x0000000008002f72        0x2 
 .text.vQueueAddToRegistry
                0x0000000008002f74       0x28 CMakeFiles/rc_remote.dir/Middlewares/Third_Party/FreeRTOS/Source/queue.c.obj
                0x0000000008002f74                vQueueAddToRegistry
 .text.vQueueWaitForMessageRestricted
                0x0000000008002f9c       0x52 CMakeFiles/rc_remote.dir/Middlewares/Third_Party/FreeRTOS/Source/queue.c.obj
                0x0000000008002f9c                vQueueWaitForMessageRestricted
 *fill*         0x0000000008002fee        0x2 
 .text.prvResetNextTaskUnblockTime
                0x0000000008002ff0       0x2c CMakeFiles/rc_remote.dir/Middlewares/Third_Party/FreeRTOS/Source/tasks.c.obj
 .text.prvInitialiseNewTask
                0x000000000800301c       0xc4 CMakeFiles/rc_remote.dir/Middlewares/Third_Party/FreeRTOS/Source/tasks.c.obj
 .text.prvInitialiseTaskLists
                0x00000000080030e0       0x68 CMakeFiles/rc_remote.dir/Middlewares/Third_Party/FreeRTOS/Source/tasks.c.obj
 .text.prvAddNewTaskToReadyList
                0x0000000008003148       0x90 CMakeFiles/rc_remote.dir/Middlewares/Third_Party/FreeRTOS/Source/tasks.c.obj
 .text.prvDeleteTCB
                0x00000000080031d8       0x40 CMakeFiles/rc_remote.dir/Middlewares/Third_Party/FreeRTOS/Source/tasks.c.obj
 .text.prvCheckTasksWaitingTermination
                0x0000000008003218       0x4c CMakeFiles/rc_remote.dir/Middlewares/Third_Party/FreeRTOS/Source/tasks.c.obj
 .text.prvIdleTask
                0x0000000008003264       0x1c CMakeFiles/rc_remote.dir/Middlewares/Third_Party/FreeRTOS/Source/tasks.c.obj
 .text.prvAddCurrentTaskToDelayedList
                0x0000000008003280       0x7c CMakeFiles/rc_remote.dir/Middlewares/Third_Party/FreeRTOS/Source/tasks.c.obj
 .text.xTaskCreateStatic
                0x00000000080032fc       0x74 CMakeFiles/rc_remote.dir/Middlewares/Third_Party/FreeRTOS/Source/tasks.c.obj
                0x00000000080032fc                xTaskCreateStatic
 .text.xTaskCreate
                0x0000000008003370       0x68 CMakeFiles/rc_remote.dir/Middlewares/Third_Party/FreeRTOS/Source/tasks.c.obj
                0x0000000008003370                xTaskCreate
 .text.vTaskStartScheduler
                0x00000000080033d8       0xac CMakeFiles/rc_remote.dir/Middlewares/Third_Party/FreeRTOS/Source/tasks.c.obj
                0x00000000080033d8                vTaskStartScheduler
 .text.vTaskSuspendAll
                0x0000000008003484       0x10 CMakeFiles/rc_remote.dir/Middlewares/Third_Party/FreeRTOS/Source/tasks.c.obj
                0x0000000008003484                vTaskSuspendAll
 .text.xTaskGetTickCount
                0x0000000008003494        0xc CMakeFiles/rc_remote.dir/Middlewares/Third_Party/FreeRTOS/Source/tasks.c.obj
                0x0000000008003494                xTaskGetTickCount
 .text.xTaskIncrementTick
                0x00000000080034a0       0xe0 CMakeFiles/rc_remote.dir/Middlewares/Third_Party/FreeRTOS/Source/tasks.c.obj
                0x00000000080034a0                xTaskIncrementTick
 .text.xTaskResumeAll
                0x0000000008003580       0xd8 CMakeFiles/rc_remote.dir/Middlewares/Third_Party/FreeRTOS/Source/tasks.c.obj
                0x0000000008003580                xTaskResumeAll
 .text.vTaskDelay
                0x0000000008003658       0x4c CMakeFiles/rc_remote.dir/Middlewares/Third_Party/FreeRTOS/Source/tasks.c.obj
                0x0000000008003658                vTaskDelay
 .text.vTaskSwitchContext
                0x00000000080036a4       0xa0 CMakeFiles/rc_remote.dir/Middlewares/Third_Party/FreeRTOS/Source/tasks.c.obj
                0x00000000080036a4                vTaskSwitchContext
 .text.vTaskPlaceOnEventList
                0x0000000008003744       0x30 CMakeFiles/rc_remote.dir/Middlewares/Third_Party/FreeRTOS/Source/tasks.c.obj
                0x0000000008003744                vTaskPlaceOnEventList
 .text.vTaskPlaceOnEventListRestricted
                0x0000000008003774       0x38 CMakeFiles/rc_remote.dir/Middlewares/Third_Party/FreeRTOS/Source/tasks.c.obj
                0x0000000008003774                vTaskPlaceOnEventListRestricted
 .text.xTaskRemoveFromEventList
                0x00000000080037ac       0x8c CMakeFiles/rc_remote.dir/Middlewares/Third_Party/FreeRTOS/Source/tasks.c.obj
                0x00000000080037ac                xTaskRemoveFromEventList
 .text.vTaskInternalSetTimeOutState
                0x0000000008003838       0x18 CMakeFiles/rc_remote.dir/Middlewares/Third_Party/FreeRTOS/Source/tasks.c.obj
                0x0000000008003838                vTaskInternalSetTimeOutState
 .text.xTaskCheckForTimeOut
                0x0000000008003850       0x84 CMakeFiles/rc_remote.dir/Middlewares/Third_Party/FreeRTOS/Source/tasks.c.obj
                0x0000000008003850                xTaskCheckForTimeOut
 .text.vTaskMissedYield
                0x00000000080038d4        0xc CMakeFiles/rc_remote.dir/Middlewares/Third_Party/FreeRTOS/Source/tasks.c.obj
                0x00000000080038d4                vTaskMissedYield
 .text.xTaskGetSchedulerState
                0x00000000080038e0       0x20 CMakeFiles/rc_remote.dir/Middlewares/Third_Party/FreeRTOS/Source/tasks.c.obj
                0x00000000080038e0                xTaskGetSchedulerState
 .text.xTaskPriorityDisinherit
                0x0000000008003900       0x90 CMakeFiles/rc_remote.dir/Middlewares/Third_Party/FreeRTOS/Source/tasks.c.obj
                0x0000000008003900                xTaskPriorityDisinherit
 .text.prvGetNextExpireTime
                0x0000000008003990       0x20 CMakeFiles/rc_remote.dir/Middlewares/Third_Party/FreeRTOS/Source/timers.c.obj
 .text.prvInsertTimerInActiveList
                0x00000000080039b0       0x48 CMakeFiles/rc_remote.dir/Middlewares/Third_Party/FreeRTOS/Source/timers.c.obj
 .text.prvCheckForValidListAndQueue
                0x00000000080039f8       0x70 CMakeFiles/rc_remote.dir/Middlewares/Third_Party/FreeRTOS/Source/timers.c.obj
 .text.prvInitialiseNewTimer
                0x0000000008003a68       0x40 CMakeFiles/rc_remote.dir/Middlewares/Third_Party/FreeRTOS/Source/timers.c.obj
 .text.xTimerCreateTimerTask
                0x0000000008003aa8       0x64 CMakeFiles/rc_remote.dir/Middlewares/Third_Party/FreeRTOS/Source/timers.c.obj
                0x0000000008003aa8                xTimerCreateTimerTask
 .text.xTimerCreate
                0x0000000008003b0c       0x38 CMakeFiles/rc_remote.dir/Middlewares/Third_Party/FreeRTOS/Source/timers.c.obj
                0x0000000008003b0c                xTimerCreate
 .text.xTimerCreateStatic
                0x0000000008003b44       0x50 CMakeFiles/rc_remote.dir/Middlewares/Third_Party/FreeRTOS/Source/timers.c.obj
                0x0000000008003b44                xTimerCreateStatic
 .text.xTimerGenericCommand
                0x0000000008003b94       0x6c CMakeFiles/rc_remote.dir/Middlewares/Third_Party/FreeRTOS/Source/timers.c.obj
                0x0000000008003b94                xTimerGenericCommand
 .text.prvSwitchTimerLists
                0x0000000008003c00       0x78 CMakeFiles/rc_remote.dir/Middlewares/Third_Party/FreeRTOS/Source/timers.c.obj
 .text.prvSampleTimeNow
                0x0000000008003c78       0x2c CMakeFiles/rc_remote.dir/Middlewares/Third_Party/FreeRTOS/Source/timers.c.obj
 .text.prvProcessExpiredTimer
                0x0000000008003ca4       0x60 CMakeFiles/rc_remote.dir/Middlewares/Third_Party/FreeRTOS/Source/timers.c.obj
 .text.prvProcessTimerOrBlockTask
                0x0000000008003d04       0x74 CMakeFiles/rc_remote.dir/Middlewares/Third_Party/FreeRTOS/Source/timers.c.obj
 .text.prvProcessReceivedCommands
                0x0000000008003d78       0xf8 CMakeFiles/rc_remote.dir/Middlewares/Third_Party/FreeRTOS/Source/timers.c.obj
 .text.prvTimerTask
                0x0000000008003e70       0x16 CMakeFiles/rc_remote.dir/Middlewares/Third_Party/FreeRTOS/Source/timers.c.obj
 .text.pvTimerGetTimerID
                0x0000000008003e86       0x26 CMakeFiles/rc_remote.dir/Middlewares/Third_Party/FreeRTOS/Source/timers.c.obj
                0x0000000008003e86                pvTimerGetTimerID
 .text.__libc_init_array
                0x0000000008003eac       0x48 /Applications/ARM/bin/../lib/gcc/arm-none-eabi/10.2.1/../../../../arm-none-eabi/lib/thumb/v7-m/nofp/libc_nano.a(lib_a-init.o)
                0x0000000008003eac                __libc_init_array
 .text.__retarget_lock_acquire_recursive
                0x0000000008003ef4        0x2 /Applications/ARM/bin/../lib/gcc/arm-none-eabi/10.2.1/../../../../arm-none-eabi/lib/thumb/v7-m/nofp/libc_nano.a(lib_a-lock.o)
                0x0000000008003ef4                __retarget_lock_acquire_recursive
 .text.__retarget_lock_release_recursive
                0x0000000008003ef6        0x2 /Applications/ARM/bin/../lib/gcc/arm-none-eabi/10.2.1/../../../../arm-none-eabi/lib/thumb/v7-m/nofp/libc_nano.a(lib_a-lock.o)
                0x0000000008003ef6                __retarget_lock_release_recursive
 .text.memcpy   0x0000000008003ef8       0x1c /Applications/ARM/bin/../lib/gcc/arm-none-eabi/10.2.1/../../../../arm-none-eabi/lib/thumb/v7-m/nofp/libc_nano.a(lib_a-memcpy-stub.o)
                0x0000000008003ef8                memcpy
 .text.memset   0x0000000008003f14       0x10 /Applications/ARM/bin/../lib/gcc/arm-none-eabi/10.2.1/../../../../arm-none-eabi/lib/thumb/v7-m/nofp/libc_nano.a(lib_a-memset.o)
                0x0000000008003f14                memset
 .text.cleanup_glue
                0x0000000008003f24       0x1a /Applications/ARM/bin/../lib/gcc/arm-none-eabi/10.2.1/../../../../arm-none-eabi/lib/thumb/v7-m/nofp/libc_nano.a(lib_a-reent.o)
                0x0000000008003f24                cleanup_glue
 *fill*         0x0000000008003f3e        0x2 
 .text._reclaim_reent
                0x0000000008003f40       0xb8 /Applications/ARM/bin/../lib/gcc/arm-none-eabi/10.2.1/../../../../arm-none-eabi/lib/thumb/v7-m/nofp/libc_nano.a(lib_a-reent.o)
                0x0000000008003f40                _reclaim_reent
 .text.__malloc_lock
                0x0000000008003ff8        0xc /Applications/ARM/bin/../lib/gcc/arm-none-eabi/10.2.1/../../../../arm-none-eabi/lib/thumb/v7-m/nofp/libc_nano.a(lib_a-mlock.o)
                0x0000000008003ff8                __malloc_lock
 .text.__malloc_unlock
                0x0000000008004004        0xc /Applications/ARM/bin/../lib/gcc/arm-none-eabi/10.2.1/../../../../arm-none-eabi/lib/thumb/v7-m/nofp/libc_nano.a(lib_a-mlock.o)
                0x0000000008004004                __malloc_unlock
 .text._free_r  0x0000000008004010       0x90 /Applications/ARM/bin/../lib/gcc/arm-none-eabi/10.2.1/../../../../arm-none-eabi/lib/thumb/v7-m/nofp/libc_nano.a(lib_a-nano-freer.o)
                0x0000000008004010                _free_r
 *(.glue_7)
 .glue_7        0x00000000080040a0        0x0 linker stubs
 *(.glue_7t)
 .glue_7t       0x00000000080040a0        0x0 linker stubs
 *(.eh_frame)
 .eh_frame      0x00000000080040a0        0x0 /Applications/ARM/bin/../lib/gcc/arm-none-eabi/10.2.1/thumb/v7-m/nofp/crtbegin.o
 *(.init)
 .init          0x00000000080040a0        0x4 /Applications/ARM/bin/../lib/gcc/arm-none-eabi/10.2.1/thumb/v7-m/nofp/crti.o
                0x00000000080040a0                _init
 .init          0x00000000080040a4        0x8 /Applications/ARM/bin/../lib/gcc/arm-none-eabi/10.2.1/thumb/v7-m/nofp/crtn.o
 *(.fini)
 .fini          0x00000000080040ac        0x4 /Applications/ARM/bin/../lib/gcc/arm-none-eabi/10.2.1/thumb/v7-m/nofp/crti.o
                0x00000000080040ac                _fini
 .fini          0x00000000080040b0        0x8 /Applications/ARM/bin/../lib/gcc/arm-none-eabi/10.2.1/thumb/v7-m/nofp/crtn.o
                0x00000000080040b8                . = ALIGN (0x4)
                0x00000000080040b8                _etext = .

.vfp11_veneer   0x00000000080040b8        0x0
 .vfp11_veneer  0x00000000080040b8        0x0 linker stubs

.v4_bx          0x00000000080040b8        0x0
 .v4_bx         0x00000000080040b8        0x0 linker stubs

.iplt           0x00000000080040b8        0x0
 .iplt          0x00000000080040b8        0x0 /Applications/ARM/bin/../lib/gcc/arm-none-eabi/10.2.1/thumb/v7-m/nofp/crtbegin.o

.rodata         0x00000000080040b8      0x134
                0x00000000080040b8                . = ALIGN (0x4)
 *(.rodata)
 *(.rodata*)
 .rodata.str1.4
                0x00000000080040b8       0x30 CMakeFiles/rc_remote.dir/Core/Src/freertos.c.obj
 .rodata.defaultTask_attributes
                0x00000000080040e8       0x24 CMakeFiles/rc_remote.dir/Core/Src/freertos.c.obj
                0x00000000080040e8                defaultTask_attributes
 .rodata.ledTimeout_attributes
                0x000000000800410c       0x10 CMakeFiles/rc_remote.dir/Core/Src/freertos.c.obj
                0x000000000800410c                ledTimeout_attributes
 .rodata.radioHeartbeat_attributes
                0x000000000800411c       0x10 CMakeFiles/rc_remote.dir/Core/Src/freertos.c.obj
                0x000000000800411c                radioHeartbeat_attributes
 .rodata.radio_attributes
                0x000000000800412c       0x24 CMakeFiles/rc_remote.dir/Core/Src/freertos.c.obj
                0x000000000800412c                radio_attributes
 .rodata.AHBPrescTable
                0x0000000008004150       0x10 CMakeFiles/rc_remote.dir/Core/Src/system_stm32l1xx.c.obj
                0x0000000008004150                AHBPrescTable
 .rodata.APBPrescTable
                0x0000000008004160        0x8 CMakeFiles/rc_remote.dir/Core/Src/system_stm32l1xx.c.obj
                0x0000000008004160                APBPrescTable
 .rodata.PLLMulTable
                0x0000000008004168        0x9 CMakeFiles/rc_remote.dir/Core/Src/system_stm32l1xx.c.obj
                0x0000000008004168                PLLMulTable
 *fill*         0x0000000008004171        0x3 
 .rodata.vTaskStartScheduler.str1.4
                0x0000000008004174        0x5 CMakeFiles/rc_remote.dir/Middlewares/Third_Party/FreeRTOS/Source/tasks.c.obj
 *fill*         0x0000000008004179        0x3 
 .rodata.prvCheckForValidListAndQueue.str1.4
                0x000000000800417c        0x5 CMakeFiles/rc_remote.dir/Middlewares/Third_Party/FreeRTOS/Source/timers.c.obj
 *fill*         0x0000000008004181        0x3 
 .rodata.xTimerCreateTimerTask.str1.4
                0x0000000008004184        0x8 CMakeFiles/rc_remote.dir/Middlewares/Third_Party/FreeRTOS/Source/timers.c.obj
 .rodata.__sf_fake_stderr
                0x000000000800418c       0x20 /Applications/ARM/bin/../lib/gcc/arm-none-eabi/10.2.1/../../../../arm-none-eabi/lib/thumb/v7-m/nofp/libc_nano.a(lib_a-findfp.o)
                0x000000000800418c                __sf_fake_stderr
 .rodata.__sf_fake_stdin
                0x00000000080041ac       0x20 /Applications/ARM/bin/../lib/gcc/arm-none-eabi/10.2.1/../../../../arm-none-eabi/lib/thumb/v7-m/nofp/libc_nano.a(lib_a-findfp.o)
                0x00000000080041ac                __sf_fake_stdin
 .rodata.__sf_fake_stdout
                0x00000000080041cc       0x20 /Applications/ARM/bin/../lib/gcc/arm-none-eabi/10.2.1/../../../../arm-none-eabi/lib/thumb/v7-m/nofp/libc_nano.a(lib_a-findfp.o)
                0x00000000080041cc                __sf_fake_stdout
                0x00000000080041ec                . = ALIGN (0x4)

.ARM.extab
 *(.ARM.extab* .gnu.linkonce.armextab.*)

.ARM            0x00000000080041ec        0x8
                0x00000000080041ec                __exidx_start = .
 *(.ARM.exidx*)
 .ARM.exidx     0x00000000080041ec        0x8 /Applications/ARM/bin/../lib/gcc/arm-none-eabi/10.2.1/thumb/v7-m/nofp/libgcc.a(_udivmoddi4.o)
                0x00000000080041f4                __exidx_end = .

.rel.dyn        0x00000000080041f4        0x0
 .rel.iplt      0x00000000080041f4        0x0 /Applications/ARM/bin/../lib/gcc/arm-none-eabi/10.2.1/thumb/v7-m/nofp/crtbegin.o

.preinit_array  0x00000000080041f4        0x0
                0x00000000080041f4                PROVIDE (__preinit_array_start = .)
 *(.preinit_array*)
                0x00000000080041f4                PROVIDE (__preinit_array_end = .)

.init_array     0x00000000080041f4        0x4
                0x00000000080041f4                PROVIDE (__init_array_start = .)
 *(SORT_BY_NAME(.init_array.*))
 *(.init_array*)
 .init_array    0x00000000080041f4        0x4 /Applications/ARM/bin/../lib/gcc/arm-none-eabi/10.2.1/thumb/v7-m/nofp/crtbegin.o
                0x00000000080041f8                PROVIDE (__init_array_end = .)

.fini_array     0x00000000080041f8        0x4
                [!provide]                        PROVIDE (__fini_array_start = .)
 *(SORT_BY_NAME(.fini_array.*))
 *(.fini_array*)
 .fini_array    0x00000000080041f8        0x4 /Applications/ARM/bin/../lib/gcc/arm-none-eabi/10.2.1/thumb/v7-m/nofp/crtbegin.o
                [!provide]                        PROVIDE (__fini_array_end = .)
                0x00000000080041fc                _sidata = LOADADDR (.data)

.data           0x0000000020000000       0x74 load address 0x00000000080041fc
                0x0000000020000000                . = ALIGN (0x4)
                0x0000000020000000                _sdata = .
 *(.data)
 *(.data*)
 .data.SystemCoreClock
                0x0000000020000000        0x4 CMakeFiles/rc_remote.dir/Core/Src/system_stm32l1xx.c.obj
                0x0000000020000000                SystemCoreClock
 .data.uwTickFreq
                0x0000000020000004        0x4 CMakeFiles/rc_remote.dir/Drivers/STM32L1xx_HAL_Driver/Src/stm32l1xx_hal.c.obj
                0x0000000020000004                uwTickFreq
 .data.uwTickPrio
                0x0000000020000008        0x4 CMakeFiles/rc_remote.dir/Drivers/STM32L1xx_HAL_Driver/Src/stm32l1xx_hal.c.obj
                0x0000000020000008                uwTickPrio
 .data.uxCriticalNesting
                0x000000002000000c        0x4 CMakeFiles/rc_remote.dir/Middlewares/Third_Party/FreeRTOS/Source/portable/GCC/ARM_CM3/port.c.obj
 .data._impure_ptr
                0x0000000020000010        0x4 /Applications/ARM/bin/../lib/gcc/arm-none-eabi/10.2.1/../../../../arm-none-eabi/lib/thumb/v7-m/nofp/libc_nano.a(lib_a-impure.o)
                0x0000000020000010                _impure_ptr
 .data.impure_data
                0x0000000020000014       0x60 /Applications/ARM/bin/../lib/gcc/arm-none-eabi/10.2.1/../../../../arm-none-eabi/lib/thumb/v7-m/nofp/libc_nano.a(lib_a-impure.o)
                0x0000000020000074                . = ALIGN (0x4)
                0x0000000020000074                _edata = .

.igot.plt       0x0000000020000074        0x0 load address 0x0000000008004270
 .igot.plt      0x0000000020000074        0x0 /Applications/ARM/bin/../lib/gcc/arm-none-eabi/10.2.1/thumb/v7-m/nofp/crtbegin.o
                0x0000000020000074                . = ALIGN (0x4)

.bss            0x0000000020000074     0x1c0c load address 0x0000000008004270
                0x0000000020000074                _sbss = .
                0x0000000020000074                __bss_start__ = _sbss
 *(.bss)
 .bss           0x0000000020000074       0x1c /Applications/ARM/bin/../lib/gcc/arm-none-eabi/10.2.1/thumb/v7-m/nofp/crtbegin.o
 *(.bss*)
 .bss.hadc      0x0000000020000090       0x54 CMakeFiles/rc_remote.dir/Core/Src/adc.c.obj
                0x0000000020000090                hadc
 .bss.defaultTaskHandle
                0x00000000200000e4        0x4 CMakeFiles/rc_remote.dir/Core/Src/freertos.c.obj
                0x00000000200000e4                defaultTaskHandle
 .bss.ledTimeoutHandle
                0x00000000200000e8        0x4 CMakeFiles/rc_remote.dir/Core/Src/freertos.c.obj
                0x00000000200000e8                ledTimeoutHandle
 .bss.radioHandle
                0x00000000200000ec        0x4 CMakeFiles/rc_remote.dir/Core/Src/freertos.c.obj
                0x00000000200000ec                radioHandle
 .bss.radioHeartbeatHandle
                0x00000000200000f0        0x4 CMakeFiles/rc_remote.dir/Core/Src/freertos.c.obj
                0x00000000200000f0                radioHeartbeatHandle
 .bss.hdma_spi2_tx
                0x00000000200000f4       0x44 CMakeFiles/rc_remote.dir/Core/Src/spi.c.obj
                0x00000000200000f4                hdma_spi2_tx
 .bss.hspi1     0x0000000020000138       0x58 CMakeFiles/rc_remote.dir/Core/Src/spi.c.obj
                0x0000000020000138                hspi1
 .bss.hspi2     0x0000000020000190       0x58 CMakeFiles/rc_remote.dir/Core/Src/spi.c.obj
                0x0000000020000190                hspi2
 .bss.htim6     0x00000000200001e8       0x40 CMakeFiles/rc_remote.dir/Core/Src/stm32l1xx_hal_timebase_tim.c.obj
                0x00000000200001e8                htim6
 .bss.huart1    0x0000000020000228       0x44 CMakeFiles/rc_remote.dir/Core/Src/usart.c.obj
                0x0000000020000228                huart1
 .bss.uwTick    0x000000002000026c        0x4 CMakeFiles/rc_remote.dir/Drivers/STM32L1xx_HAL_Driver/Src/stm32l1xx_hal.c.obj
                0x000000002000026c                uwTick
 .bss.Idle_Stack
                0x0000000020000270      0x200 CMakeFiles/rc_remote.dir/Middlewares/Third_Party/FreeRTOS/Source/CMSIS_RTOS_V2/cmsis_os2.c.obj
 .bss.Idle_TCB  0x0000000020000470       0xbc CMakeFiles/rc_remote.dir/Middlewares/Third_Party/FreeRTOS/Source/CMSIS_RTOS_V2/cmsis_os2.c.obj
 .bss.KernelState
                0x000000002000052c        0x4 CMakeFiles/rc_remote.dir/Middlewares/Third_Party/FreeRTOS/Source/CMSIS_RTOS_V2/cmsis_os2.c.obj
 .bss.Timer_Stack
                0x0000000020000530      0x400 CMakeFiles/rc_remote.dir/Middlewares/Third_Party/FreeRTOS/Source/CMSIS_RTOS_V2/cmsis_os2.c.obj
 .bss.Timer_TCB
                0x0000000020000930       0xbc CMakeFiles/rc_remote.dir/Middlewares/Third_Party/FreeRTOS/Source/CMSIS_RTOS_V2/cmsis_os2.c.obj
 .bss.ucMaxSysCallPriority
                0x00000000200009ec        0x1 CMakeFiles/rc_remote.dir/Middlewares/Third_Party/FreeRTOS/Source/portable/GCC/ARM_CM3/port.c.obj
 *fill*         0x00000000200009ed        0x3 
 .bss.ulMaxPRIGROUPValue
                0x00000000200009f0        0x4 CMakeFiles/rc_remote.dir/Middlewares/Third_Party/FreeRTOS/Source/portable/GCC/ARM_CM3/port.c.obj
 .bss.pxEnd     0x00000000200009f4        0x4 CMakeFiles/rc_remote.dir/Middlewares/Third_Party/FreeRTOS/Source/portable/MemMang/heap_4.c.obj
 .bss.ucHeap    0x00000000200009f8      0xc00 CMakeFiles/rc_remote.dir/Middlewares/Third_Party/FreeRTOS/Source/portable/MemMang/heap_4.c.obj
 .bss.xBlockAllocatedBit
                0x00000000200015f8        0x4 CMakeFiles/rc_remote.dir/Middlewares/Third_Party/FreeRTOS/Source/portable/MemMang/heap_4.c.obj
 .bss.xFreeBytesRemaining
                0x00000000200015fc        0x4 CMakeFiles/rc_remote.dir/Middlewares/Third_Party/FreeRTOS/Source/portable/MemMang/heap_4.c.obj
 .bss.xMinimumEverFreeBytesRemaining
                0x0000000020001600        0x4 CMakeFiles/rc_remote.dir/Middlewares/Third_Party/FreeRTOS/Source/portable/MemMang/heap_4.c.obj
 .bss.xStart    0x0000000020001604        0x8 CMakeFiles/rc_remote.dir/Middlewares/Third_Party/FreeRTOS/Source/portable/MemMang/heap_4.c.obj
 .bss.xQueueRegistry
                0x000000002000160c       0x40 CMakeFiles/rc_remote.dir/Middlewares/Third_Party/FreeRTOS/Source/queue.c.obj
                0x000000002000160c                xQueueRegistry
 .bss.pxCurrentTCB
                0x000000002000164c        0x4 CMakeFiles/rc_remote.dir/Middlewares/Third_Party/FreeRTOS/Source/tasks.c.obj
                0x000000002000164c                pxCurrentTCB
 .bss.pxDelayedTaskList
                0x0000000020001650        0x4 CMakeFiles/rc_remote.dir/Middlewares/Third_Party/FreeRTOS/Source/tasks.c.obj
 .bss.pxOverflowDelayedTaskList
                0x0000000020001654        0x4 CMakeFiles/rc_remote.dir/Middlewares/Third_Party/FreeRTOS/Source/tasks.c.obj
 .bss.pxReadyTasksLists
                0x0000000020001658      0x460 CMakeFiles/rc_remote.dir/Middlewares/Third_Party/FreeRTOS/Source/tasks.c.obj
 .bss.uxCurrentNumberOfTasks
                0x0000000020001ab8        0x4 CMakeFiles/rc_remote.dir/Middlewares/Third_Party/FreeRTOS/Source/tasks.c.obj
 .bss.uxDeletedTasksWaitingCleanUp
                0x0000000020001abc        0x4 CMakeFiles/rc_remote.dir/Middlewares/Third_Party/FreeRTOS/Source/tasks.c.obj
 .bss.uxPendedTicks
                0x0000000020001ac0        0x4 CMakeFiles/rc_remote.dir/Middlewares/Third_Party/FreeRTOS/Source/tasks.c.obj
 .bss.uxSchedulerSuspended
                0x0000000020001ac4        0x4 CMakeFiles/rc_remote.dir/Middlewares/Third_Party/FreeRTOS/Source/tasks.c.obj
 .bss.uxTaskNumber
                0x0000000020001ac8        0x4 CMakeFiles/rc_remote.dir/Middlewares/Third_Party/FreeRTOS/Source/tasks.c.obj
 .bss.uxTopReadyPriority
                0x0000000020001acc        0x4 CMakeFiles/rc_remote.dir/Middlewares/Third_Party/FreeRTOS/Source/tasks.c.obj
 .bss.xDelayedTaskList1
                0x0000000020001ad0       0x14 CMakeFiles/rc_remote.dir/Middlewares/Third_Party/FreeRTOS/Source/tasks.c.obj
 .bss.xDelayedTaskList2
                0x0000000020001ae4       0x14 CMakeFiles/rc_remote.dir/Middlewares/Third_Party/FreeRTOS/Source/tasks.c.obj
 .bss.xIdleTaskHandle
                0x0000000020001af8        0x4 CMakeFiles/rc_remote.dir/Middlewares/Third_Party/FreeRTOS/Source/tasks.c.obj
 .bss.xNextTaskUnblockTime
                0x0000000020001afc        0x4 CMakeFiles/rc_remote.dir/Middlewares/Third_Party/FreeRTOS/Source/tasks.c.obj
 .bss.xNumOfOverflows
                0x0000000020001b00        0x4 CMakeFiles/rc_remote.dir/Middlewares/Third_Party/FreeRTOS/Source/tasks.c.obj
 .bss.xPendingReadyList
                0x0000000020001b04       0x14 CMakeFiles/rc_remote.dir/Middlewares/Third_Party/FreeRTOS/Source/tasks.c.obj
 .bss.xSchedulerRunning
                0x0000000020001b18        0x4 CMakeFiles/rc_remote.dir/Middlewares/Third_Party/FreeRTOS/Source/tasks.c.obj
 .bss.xSuspendedTaskList
                0x0000000020001b1c       0x14 CMakeFiles/rc_remote.dir/Middlewares/Third_Party/FreeRTOS/Source/tasks.c.obj
 .bss.xTasksWaitingTermination
                0x0000000020001b30       0x14 CMakeFiles/rc_remote.dir/Middlewares/Third_Party/FreeRTOS/Source/tasks.c.obj
 .bss.xTickCount
                0x0000000020001b44        0x4 CMakeFiles/rc_remote.dir/Middlewares/Third_Party/FreeRTOS/Source/tasks.c.obj
 .bss.xYieldPending
                0x0000000020001b48        0x4 CMakeFiles/rc_remote.dir/Middlewares/Third_Party/FreeRTOS/Source/tasks.c.obj
 .bss.pxCurrentTimerList
                0x0000000020001b4c        0x4 CMakeFiles/rc_remote.dir/Middlewares/Third_Party/FreeRTOS/Source/timers.c.obj
 .bss.pxOverflowTimerList
                0x0000000020001b50        0x4 CMakeFiles/rc_remote.dir/Middlewares/Third_Party/FreeRTOS/Source/timers.c.obj
 .bss.ucStaticTimerQueueStorage.1
                0x0000000020001b54       0xa0 CMakeFiles/rc_remote.dir/Middlewares/Third_Party/FreeRTOS/Source/timers.c.obj
 .bss.xActiveTimerList1
                0x0000000020001bf4       0x14 CMakeFiles/rc_remote.dir/Middlewares/Third_Party/FreeRTOS/Source/timers.c.obj
 .bss.xActiveTimerList2
                0x0000000020001c08       0x14 CMakeFiles/rc_remote.dir/Middlewares/Third_Party/FreeRTOS/Source/timers.c.obj
 .bss.xLastTime.2
                0x0000000020001c1c        0x4 CMakeFiles/rc_remote.dir/Middlewares/Third_Party/FreeRTOS/Source/timers.c.obj
 .bss.xStaticTimerQueue.0
                0x0000000020001c20       0x50 CMakeFiles/rc_remote.dir/Middlewares/Third_Party/FreeRTOS/Source/timers.c.obj
 .bss.xTimerQueue
                0x0000000020001c70        0x4 CMakeFiles/rc_remote.dir/Middlewares/Third_Party/FreeRTOS/Source/timers.c.obj
 .bss.xTimerTaskHandle
                0x0000000020001c74        0x4 CMakeFiles/rc_remote.dir/Middlewares/Third_Party/FreeRTOS/Source/timers.c.obj
 .bss.__lock___malloc_recursive_mutex
                0x0000000020001c78        0x1 /Applications/ARM/bin/../lib/gcc/arm-none-eabi/10.2.1/../../../../arm-none-eabi/lib/thumb/v7-m/nofp/libc_nano.a(lib_a-lock.o)
                0x0000000020001c78                __lock___malloc_recursive_mutex
 *fill*         0x0000000020001c79        0x3 
 .bss.__malloc_free_list
                0x0000000020001c7c        0x4 /Applications/ARM/bin/../lib/gcc/arm-none-eabi/10.2.1/../../../../arm-none-eabi/lib/thumb/v7-m/nofp/libc_nano.a(lib_a-nano-mallocr.o)
                0x0000000020001c7c                __malloc_free_list
 *(COMMON)
                0x0000000020001c80                . = ALIGN (0x4)
                0x0000000020001c80                _ebss = .
                0x0000000020001c80                __bss_end__ = _ebss

._user_heap_stack
                0x0000000020001c80      0x600 load address 0x0000000008004270
                0x0000000020001c80                . = ALIGN (0x8)
                0x0000000020001c80                PROVIDE (end = .)
                [!provide]                        PROVIDE (_end = .)
                0x0000000020001e80                . = (. + _Min_Heap_Size)
 *fill*         0x0000000020001c80      0x200 
                0x0000000020002280                . = (. + _Min_Stack_Size)
 *fill*         0x0000000020001e80      0x400 
                0x0000000020002280                . = ALIGN (0x8)

/DISCARD/
 libc.a(*)
 libm.a(*)
 libgcc.a(*)

.ARM.attributes
                0x0000000000000000       0x29
 *(.ARM.attributes)
 .ARM.attributes
                0x0000000000000000       0x1d /Applications/ARM/bin/../lib/gcc/arm-none-eabi/10.2.1/thumb/v7-m/nofp/crti.o
 .ARM.attributes
                0x000000000000001d       0x2d /Applications/ARM/bin/../lib/gcc/arm-none-eabi/10.2.1/thumb/v7-m/nofp/crtbegin.o
 .ARM.attributes
                0x000000000000004a       0x2d CMakeFiles/rc_remote.dir/Core/Src/adc.c.obj
 .ARM.attributes
                0x0000000000000077       0x2d CMakeFiles/rc_remote.dir/Core/Src/dma.c.obj
 .ARM.attributes
                0x00000000000000a4       0x2d CMakeFiles/rc_remote.dir/Core/Src/freertos.c.obj
 .ARM.attributes
                0x00000000000000d1       0x2d CMakeFiles/rc_remote.dir/Core/Src/gpio.c.obj
 .ARM.attributes
                0x00000000000000fe       0x2d CMakeFiles/rc_remote.dir/Core/Src/main.cpp.obj
 .ARM.attributes
                0x000000000000012b       0x2d CMakeFiles/rc_remote.dir/Core/Src/spi.c.obj
 .ARM.attributes
                0x0000000000000158       0x2d CMakeFiles/rc_remote.dir/Core/Src/stm32l1xx_hal_msp.c.obj
 .ARM.attributes
                0x0000000000000185       0x2d CMakeFiles/rc_remote.dir/Core/Src/stm32l1xx_hal_timebase_tim.c.obj
 .ARM.attributes
                0x00000000000001b2       0x2d CMakeFiles/rc_remote.dir/Core/Src/stm32l1xx_it.c.obj
 .ARM.attributes
                0x00000000000001df       0x2d CMakeFiles/rc_remote.dir/Core/Src/system_stm32l1xx.c.obj
 .ARM.attributes
                0x000000000000020c       0x2d CMakeFiles/rc_remote.dir/Core/Src/usart.c.obj
 .ARM.attributes
                0x0000000000000239       0x2d CMakeFiles/rc_remote.dir/Drivers/STM32L1xx_HAL_Driver/Src/stm32l1xx_hal.c.obj
 .ARM.attributes
                0x0000000000000266       0x2d CMakeFiles/rc_remote.dir/Drivers/STM32L1xx_HAL_Driver/Src/stm32l1xx_hal_adc.c.obj
 .ARM.attributes
                0x0000000000000293       0x2d CMakeFiles/rc_remote.dir/Drivers/STM32L1xx_HAL_Driver/Src/stm32l1xx_hal_cortex.c.obj
 .ARM.attributes
                0x00000000000002c0       0x2d CMakeFiles/rc_remote.dir/Drivers/STM32L1xx_HAL_Driver/Src/stm32l1xx_hal_dma.c.obj
 .ARM.attributes
                0x00000000000002ed       0x2d CMakeFiles/rc_remote.dir/Drivers/STM32L1xx_HAL_Driver/Src/stm32l1xx_hal_gpio.c.obj
 .ARM.attributes
                0x000000000000031a       0x2d CMakeFiles/rc_remote.dir/Drivers/STM32L1xx_HAL_Driver/Src/stm32l1xx_hal_rcc.c.obj
 .ARM.attributes
                0x0000000000000347       0x2d CMakeFiles/rc_remote.dir/Drivers/STM32L1xx_HAL_Driver/Src/stm32l1xx_hal_spi.c.obj
 .ARM.attributes
                0x0000000000000374       0x2d CMakeFiles/rc_remote.dir/Drivers/STM32L1xx_HAL_Driver/Src/stm32l1xx_hal_tim.c.obj
 .ARM.attributes
                0x00000000000003a1       0x2d CMakeFiles/rc_remote.dir/Drivers/STM32L1xx_HAL_Driver/Src/stm32l1xx_hal_uart.c.obj
 .ARM.attributes
                0x00000000000003ce       0x21 CMakeFiles/rc_remote.dir/Drivers/startup_stm32l151xba.s.obj
 .ARM.attributes
                0x00000000000003ef       0x2d CMakeFiles/rc_remote.dir/Middlewares/Third_Party/FreeRTOS/Source/CMSIS_RTOS_V2/cmsis_os2.c.obj
 .ARM.attributes
                0x000000000000041c       0x2d CMakeFiles/rc_remote.dir/Middlewares/Third_Party/FreeRTOS/Source/list.c.obj
 .ARM.attributes
                0x0000000000000449       0x2d CMakeFiles/rc_remote.dir/Middlewares/Third_Party/FreeRTOS/Source/portable/GCC/ARM_CM3/port.c.obj
 .ARM.attributes
                0x0000000000000476       0x2d CMakeFiles/rc_remote.dir/Middlewares/Third_Party/FreeRTOS/Source/portable/MemMang/heap_4.c.obj
 .ARM.attributes
                0x00000000000004a3       0x2d CMakeFiles/rc_remote.dir/Middlewares/Third_Party/FreeRTOS/Source/queue.c.obj
 .ARM.attributes
                0x00000000000004d0       0x2d CMakeFiles/rc_remote.dir/Middlewares/Third_Party/FreeRTOS/Source/tasks.c.obj
 .ARM.attributes
                0x00000000000004fd       0x2d CMakeFiles/rc_remote.dir/Middlewares/Third_Party/FreeRTOS/Source/timers.c.obj
 .ARM.attributes
                0x000000000000052a       0x2d /Applications/ARM/bin/../lib/gcc/arm-none-eabi/10.2.1/../../../../arm-none-eabi/lib/thumb/v7-m/nofp/libc_nano.a(lib_a-findfp.o)
 .ARM.attributes
                0x0000000000000557       0x2d /Applications/ARM/bin/../lib/gcc/arm-none-eabi/10.2.1/../../../../arm-none-eabi/lib/thumb/v7-m/nofp/libc_nano.a(lib_a-impure.o)
 .ARM.attributes
                0x0000000000000584       0x2d /Applications/ARM/bin/../lib/gcc/arm-none-eabi/10.2.1/../../../../arm-none-eabi/lib/thumb/v7-m/nofp/libc_nano.a(lib_a-init.o)
 .ARM.attributes
                0x00000000000005b1       0x2d /Applications/ARM/bin/../lib/gcc/arm-none-eabi/10.2.1/../../../../arm-none-eabi/lib/thumb/v7-m/nofp/libc_nano.a(lib_a-lock.o)
 .ARM.attributes
                0x00000000000005de       0x2d /Applications/ARM/bin/../lib/gcc/arm-none-eabi/10.2.1/../../../../arm-none-eabi/lib/thumb/v7-m/nofp/libc_nano.a(lib_a-memcpy-stub.o)
 .ARM.attributes
                0x000000000000060b       0x2d /Applications/ARM/bin/../lib/gcc/arm-none-eabi/10.2.1/../../../../arm-none-eabi/lib/thumb/v7-m/nofp/libc_nano.a(lib_a-memset.o)
 .ARM.attributes
                0x0000000000000638       0x2d /Applications/ARM/bin/../lib/gcc/arm-none-eabi/10.2.1/../../../../arm-none-eabi/lib/thumb/v7-m/nofp/libc_nano.a(lib_a-nano-mallocr.o)
 .ARM.attributes
                0x0000000000000665       0x2d /Applications/ARM/bin/../lib/gcc/arm-none-eabi/10.2.1/../../../../arm-none-eabi/lib/thumb/v7-m/nofp/libc_nano.a(lib_a-reent.o)
 .ARM.attributes
                0x0000000000000692       0x2d /Applications/ARM/bin/../lib/gcc/arm-none-eabi/10.2.1/../../../../arm-none-eabi/lib/thumb/v7-m/nofp/libc_nano.a(lib_a-mlock.o)
 .ARM.attributes
                0x00000000000006bf       0x2d /Applications/ARM/bin/../lib/gcc/arm-none-eabi/10.2.1/../../../../arm-none-eabi/lib/thumb/v7-m/nofp/libc_nano.a(lib_a-nano-freer.o)
 .ARM.attributes
                0x00000000000006ec       0x1d /Applications/ARM/bin/../lib/gcc/arm-none-eabi/10.2.1/thumb/v7-m/nofp/libgcc.a(_aeabi_uldivmod.o)
 .ARM.attributes
                0x0000000000000709       0x2d /Applications/ARM/bin/../lib/gcc/arm-none-eabi/10.2.1/thumb/v7-m/nofp/libgcc.a(_udivmoddi4.o)
 .ARM.attributes
                0x0000000000000736       0x1d /Applications/ARM/bin/../lib/gcc/arm-none-eabi/10.2.1/thumb/v7-m/nofp/libgcc.a(_dvmd_tls.o)
 .ARM.attributes
                0x0000000000000753       0x1d /Applications/ARM/bin/../lib/gcc/arm-none-eabi/10.2.1/thumb/v7-m/nofp/crtn.o
OUTPUT(rc_remote.elf elf32-littlearm)
LOAD linker stubs
LOAD /Applications/ARM/bin/../lib/gcc/arm-none-eabi/10.2.1/../../../../arm-none-eabi/lib/thumb/v7-m/nofp/libc.a
LOAD /Applications/ARM/bin/../lib/gcc/arm-none-eabi/10.2.1/../../../../arm-none-eabi/lib/thumb/v7-m/nofp/libm.a
LOAD /Applications/ARM/bin/../lib/gcc/arm-none-eabi/10.2.1/thumb/v7-m/nofp/libgcc.a

.debug_info     0x0000000000000000    0x1e487
 .debug_info    0x0000000000000000      0x9a2 CMakeFiles/rc_remote.dir/Core/Src/adc.c.obj
 .debug_info    0x00000000000009a2      0x336 CMakeFiles/rc_remote.dir/Core/Src/dma.c.obj
 .debug_info    0x0000000000000cd8      0x4a4 CMakeFiles/rc_remote.dir/Core/Src/freertos.c.obj
 .debug_info    0x000000000000117c      0x3e4 CMakeFiles/rc_remote.dir/Core/Src/gpio.c.obj
 .debug_info    0x0000000000001560      0xbae CMakeFiles/rc_remote.dir/Core/Src/main.cpp.obj
 .debug_info    0x000000000000210e      0xbe1 CMakeFiles/rc_remote.dir/Core/Src/spi.c.obj
 .debug_info    0x0000000000002cef      0x351 CMakeFiles/rc_remote.dir/Core/Src/stm32l1xx_hal_msp.c.obj
 .debug_info    0x0000000000003040      0xa34 CMakeFiles/rc_remote.dir/Core/Src/stm32l1xx_hal_timebase_tim.c.obj
 .debug_info    0x0000000000003a74      0x9c9 CMakeFiles/rc_remote.dir/Core/Src/stm32l1xx_it.c.obj
 .debug_info    0x000000000000443d      0x2c0 CMakeFiles/rc_remote.dir/Core/Src/system_stm32l1xx.c.obj
 .debug_info    0x00000000000046fd      0x888 CMakeFiles/rc_remote.dir/Core/Src/usart.c.obj
 .debug_info    0x0000000000004f85      0x765 CMakeFiles/rc_remote.dir/Drivers/STM32L1xx_HAL_Driver/Src/stm32l1xx_hal.c.obj
 .debug_info    0x00000000000056ea     0x1173 CMakeFiles/rc_remote.dir/Drivers/STM32L1xx_HAL_Driver/Src/stm32l1xx_hal_adc.c.obj
 .debug_info    0x000000000000685d      0xfc5 CMakeFiles/rc_remote.dir/Drivers/STM32L1xx_HAL_Driver/Src/stm32l1xx_hal_cortex.c.obj
 .debug_info    0x0000000000007822      0x837 CMakeFiles/rc_remote.dir/Drivers/STM32L1xx_HAL_Driver/Src/stm32l1xx_hal_dma.c.obj
 .debug_info    0x0000000000008059      0x667 CMakeFiles/rc_remote.dir/Drivers/STM32L1xx_HAL_Driver/Src/stm32l1xx_hal_gpio.c.obj
 .debug_info    0x00000000000086c0      0xbd3 CMakeFiles/rc_remote.dir/Drivers/STM32L1xx_HAL_Driver/Src/stm32l1xx_hal_rcc.c.obj
 .debug_info    0x0000000000009293     0x1d98 CMakeFiles/rc_remote.dir/Drivers/STM32L1xx_HAL_Driver/Src/stm32l1xx_hal_spi.c.obj
 .debug_info    0x000000000000b02b     0x3907 CMakeFiles/rc_remote.dir/Drivers/STM32L1xx_HAL_Driver/Src/stm32l1xx_hal_tim.c.obj
 .debug_info    0x000000000000e932     0x1c8b CMakeFiles/rc_remote.dir/Drivers/STM32L1xx_HAL_Driver/Src/stm32l1xx_hal_uart.c.obj
 .debug_info    0x00000000000105bd       0x22 CMakeFiles/rc_remote.dir/Drivers/startup_stm32l151xba.s.obj
 .debug_info    0x00000000000105df     0x5234 CMakeFiles/rc_remote.dir/Middlewares/Third_Party/FreeRTOS/Source/CMSIS_RTOS_V2/cmsis_os2.c.obj
 .debug_info    0x0000000000015813      0x2de CMakeFiles/rc_remote.dir/Middlewares/Third_Party/FreeRTOS/Source/list.c.obj
 .debug_info    0x0000000000015af1      0x52f CMakeFiles/rc_remote.dir/Middlewares/Third_Party/FreeRTOS/Source/portable/GCC/ARM_CM3/port.c.obj
 .debug_info    0x0000000000016020      0x475 CMakeFiles/rc_remote.dir/Middlewares/Third_Party/FreeRTOS/Source/portable/MemMang/heap_4.c.obj
 .debug_info    0x0000000000016495     0x272f CMakeFiles/rc_remote.dir/Middlewares/Third_Party/FreeRTOS/Source/queue.c.obj
 .debug_info    0x0000000000018bc4     0x383f CMakeFiles/rc_remote.dir/Middlewares/Third_Party/FreeRTOS/Source/tasks.c.obj
 .debug_info    0x000000000001c403     0x2084 CMakeFiles/rc_remote.dir/Middlewares/Third_Party/FreeRTOS/Source/timers.c.obj

.debug_abbrev   0x0000000000000000     0x3b72
 .debug_abbrev  0x0000000000000000      0x1d6 CMakeFiles/rc_remote.dir/Core/Src/adc.c.obj
 .debug_abbrev  0x00000000000001d6      0x117 CMakeFiles/rc_remote.dir/Core/Src/dma.c.obj
 .debug_abbrev  0x00000000000002ed      0x11b CMakeFiles/rc_remote.dir/Core/Src/freertos.c.obj
 .debug_abbrev  0x0000000000000408      0x151 CMakeFiles/rc_remote.dir/Core/Src/gpio.c.obj
 .debug_abbrev  0x0000000000000559      0x245 CMakeFiles/rc_remote.dir/Core/Src/main.cpp.obj
 .debug_abbrev  0x000000000000079e      0x1f2 CMakeFiles/rc_remote.dir/Core/Src/spi.c.obj
 .debug_abbrev  0x0000000000000990      0x10a CMakeFiles/rc_remote.dir/Core/Src/stm32l1xx_hal_msp.c.obj
 .debug_abbrev  0x0000000000000a9a      0x200 CMakeFiles/rc_remote.dir/Core/Src/stm32l1xx_hal_timebase_tim.c.obj
 .debug_abbrev  0x0000000000000c9a      0x18d CMakeFiles/rc_remote.dir/Core/Src/stm32l1xx_it.c.obj
 .debug_abbrev  0x0000000000000e27      0x11c CMakeFiles/rc_remote.dir/Core/Src/system_stm32l1xx.c.obj
 .debug_abbrev  0x0000000000000f43      0x1d6 CMakeFiles/rc_remote.dir/Core/Src/usart.c.obj
 .debug_abbrev  0x0000000000001119      0x24f CMakeFiles/rc_remote.dir/Drivers/STM32L1xx_HAL_Driver/Src/stm32l1xx_hal.c.obj
 .debug_abbrev  0x0000000000001368      0x296 CMakeFiles/rc_remote.dir/Drivers/STM32L1xx_HAL_Driver/Src/stm32l1xx_hal_adc.c.obj
 .debug_abbrev  0x00000000000015fe      0x36d CMakeFiles/rc_remote.dir/Drivers/STM32L1xx_HAL_Driver/Src/stm32l1xx_hal_cortex.c.obj
 .debug_abbrev  0x000000000000196b      0x1fd CMakeFiles/rc_remote.dir/Drivers/STM32L1xx_HAL_Driver/Src/stm32l1xx_hal_dma.c.obj
 .debug_abbrev  0x0000000000001b68      0x1f2 CMakeFiles/rc_remote.dir/Drivers/STM32L1xx_HAL_Driver/Src/stm32l1xx_hal_gpio.c.obj
 .debug_abbrev  0x0000000000001d5a      0x2ab CMakeFiles/rc_remote.dir/Drivers/STM32L1xx_HAL_Driver/Src/stm32l1xx_hal_rcc.c.obj
 .debug_abbrev  0x0000000000002005      0x23e CMakeFiles/rc_remote.dir/Drivers/STM32L1xx_HAL_Driver/Src/stm32l1xx_hal_spi.c.obj
 .debug_abbrev  0x0000000000002243      0x23f CMakeFiles/rc_remote.dir/Drivers/STM32L1xx_HAL_Driver/Src/stm32l1xx_hal_tim.c.obj
 .debug_abbrev  0x0000000000002482      0x268 CMakeFiles/rc_remote.dir/Drivers/STM32L1xx_HAL_Driver/Src/stm32l1xx_hal_uart.c.obj
 .debug_abbrev  0x00000000000026ea       0x12 CMakeFiles/rc_remote.dir/Drivers/startup_stm32l151xba.s.obj
 .debug_abbrev  0x00000000000026fc      0x44d CMakeFiles/rc_remote.dir/Middlewares/Third_Party/FreeRTOS/Source/CMSIS_RTOS_V2/cmsis_os2.c.obj
 .debug_abbrev  0x0000000000002b49      0x109 CMakeFiles/rc_remote.dir/Middlewares/Third_Party/FreeRTOS/Source/list.c.obj
 .debug_abbrev  0x0000000000002c52      0x281 CMakeFiles/rc_remote.dir/Middlewares/Third_Party/FreeRTOS/Source/portable/GCC/ARM_CM3/port.c.obj
 .debug_abbrev  0x0000000000002ed3      0x23b CMakeFiles/rc_remote.dir/Middlewares/Third_Party/FreeRTOS/Source/portable/MemMang/heap_4.c.obj
 .debug_abbrev  0x000000000000310e      0x39e CMakeFiles/rc_remote.dir/Middlewares/Third_Party/FreeRTOS/Source/queue.c.obj
 .debug_abbrev  0x00000000000034ac      0x39d CMakeFiles/rc_remote.dir/Middlewares/Third_Party/FreeRTOS/Source/tasks.c.obj
 .debug_abbrev  0x0000000000003849      0x329 CMakeFiles/rc_remote.dir/Middlewares/Third_Party/FreeRTOS/Source/timers.c.obj

.debug_loc      0x0000000000000000    0x15521
 .debug_loc     0x0000000000000000       0x84 CMakeFiles/rc_remote.dir/Core/Src/adc.c.obj
 .debug_loc     0x0000000000000084       0x25 CMakeFiles/rc_remote.dir/Core/Src/freertos.c.obj
 .debug_loc     0x00000000000000a9       0x65 CMakeFiles/rc_remote.dir/Core/Src/main.cpp.obj
 .debug_loc     0x000000000000010e       0xb8 CMakeFiles/rc_remote.dir/Core/Src/spi.c.obj
 .debug_loc     0x00000000000001c6       0x89 CMakeFiles/rc_remote.dir/Core/Src/stm32l1xx_hal_timebase_tim.c.obj
 .debug_loc     0x000000000000024f      0x1d6 CMakeFiles/rc_remote.dir/Core/Src/system_stm32l1xx.c.obj
 .debug_loc     0x0000000000000425       0x84 CMakeFiles/rc_remote.dir/Core/Src/usart.c.obj
 .debug_loc     0x00000000000004a9      0x1cd CMakeFiles/rc_remote.dir/Drivers/STM32L1xx_HAL_Driver/Src/stm32l1xx_hal.c.obj
 .debug_loc     0x0000000000000676      0xa2b CMakeFiles/rc_remote.dir/Drivers/STM32L1xx_HAL_Driver/Src/stm32l1xx_hal_adc.c.obj
 .debug_loc     0x00000000000010a1      0x744 CMakeFiles/rc_remote.dir/Drivers/STM32L1xx_HAL_Driver/Src/stm32l1xx_hal_cortex.c.obj
 .debug_loc     0x00000000000017e5      0x7b5 CMakeFiles/rc_remote.dir/Drivers/STM32L1xx_HAL_Driver/Src/stm32l1xx_hal_dma.c.obj
 .debug_loc     0x0000000000001f9a      0x41a CMakeFiles/rc_remote.dir/Drivers/STM32L1xx_HAL_Driver/Src/stm32l1xx_hal_gpio.c.obj
 .debug_loc     0x00000000000023b4      0x6f8 CMakeFiles/rc_remote.dir/Drivers/STM32L1xx_HAL_Driver/Src/stm32l1xx_hal_rcc.c.obj
 .debug_loc     0x0000000000002aac     0x1de0 CMakeFiles/rc_remote.dir/Drivers/STM32L1xx_HAL_Driver/Src/stm32l1xx_hal_spi.c.obj
 .debug_loc     0x000000000000488c     0x4235 CMakeFiles/rc_remote.dir/Drivers/STM32L1xx_HAL_Driver/Src/stm32l1xx_hal_tim.c.obj
 .debug_loc     0x0000000000008ac1     0x2037 CMakeFiles/rc_remote.dir/Drivers/STM32L1xx_HAL_Driver/Src/stm32l1xx_hal_uart.c.obj
 .debug_loc     0x000000000000aaf8     0x579d CMakeFiles/rc_remote.dir/Middlewares/Third_Party/FreeRTOS/Source/CMSIS_RTOS_V2/cmsis_os2.c.obj
 .debug_loc     0x0000000000010295       0xad CMakeFiles/rc_remote.dir/Middlewares/Third_Party/FreeRTOS/Source/list.c.obj
 .debug_loc     0x0000000000010342       0xe8 CMakeFiles/rc_remote.dir/Middlewares/Third_Party/FreeRTOS/Source/portable/GCC/ARM_CM3/port.c.obj
 .debug_loc     0x000000000001042a      0x331 CMakeFiles/rc_remote.dir/Middlewares/Third_Party/FreeRTOS/Source/portable/MemMang/heap_4.c.obj
 .debug_loc     0x000000000001075b     0x19bc CMakeFiles/rc_remote.dir/Middlewares/Third_Party/FreeRTOS/Source/queue.c.obj
 .debug_loc     0x0000000000012117     0x247c CMakeFiles/rc_remote.dir/Middlewares/Third_Party/FreeRTOS/Source/tasks.c.obj
 .debug_loc     0x0000000000014593      0xf8e CMakeFiles/rc_remote.dir/Middlewares/Third_Party/FreeRTOS/Source/timers.c.obj

.debug_aranges  0x0000000000000000     0x1538
 .debug_aranges
                0x0000000000000000       0x30 CMakeFiles/rc_remote.dir/Core/Src/adc.c.obj
 .debug_aranges
                0x0000000000000030       0x20 CMakeFiles/rc_remote.dir/Core/Src/dma.c.obj
 .debug_aranges
                0x0000000000000050       0x28 CMakeFiles/rc_remote.dir/Core/Src/freertos.c.obj
 .debug_aranges
                0x0000000000000078       0x20 CMakeFiles/rc_remote.dir/Core/Src/gpio.c.obj
 .debug_aranges
                0x0000000000000098       0x50 CMakeFiles/rc_remote.dir/Core/Src/main.cpp.obj
 .debug_aranges
                0x00000000000000e8       0x38 CMakeFiles/rc_remote.dir/Core/Src/spi.c.obj
 .debug_aranges
                0x0000000000000120       0x20 CMakeFiles/rc_remote.dir/Core/Src/stm32l1xx_hal_msp.c.obj
 .debug_aranges
                0x0000000000000140       0x30 CMakeFiles/rc_remote.dir/Core/Src/stm32l1xx_hal_timebase_tim.c.obj
 .debug_aranges
                0x0000000000000170       0x68 CMakeFiles/rc_remote.dir/Core/Src/stm32l1xx_it.c.obj
 .debug_aranges
                0x00000000000001d8       0x28 CMakeFiles/rc_remote.dir/Core/Src/system_stm32l1xx.c.obj
 .debug_aranges
                0x0000000000000200       0x30 CMakeFiles/rc_remote.dir/Core/Src/usart.c.obj
 .debug_aranges
                0x0000000000000230       0xe0 CMakeFiles/rc_remote.dir/Drivers/STM32L1xx_HAL_Driver/Src/stm32l1xx_hal.c.obj
 .debug_aranges
                0x0000000000000310       0xf0 CMakeFiles/rc_remote.dir/Drivers/STM32L1xx_HAL_Driver/Src/stm32l1xx_hal_adc.c.obj
 .debug_aranges
                0x0000000000000400       0xa8 CMakeFiles/rc_remote.dir/Drivers/STM32L1xx_HAL_Driver/Src/stm32l1xx_hal_cortex.c.obj
 .debug_aranges
                0x00000000000004a8       0x80 CMakeFiles/rc_remote.dir/Drivers/STM32L1xx_HAL_Driver/Src/stm32l1xx_hal_dma.c.obj
 .debug_aranges
                0x0000000000000528       0x58 CMakeFiles/rc_remote.dir/Drivers/STM32L1xx_HAL_Driver/Src/stm32l1xx_hal_gpio.c.obj
 .debug_aranges
                0x0000000000000580       0x90 CMakeFiles/rc_remote.dir/Drivers/STM32L1xx_HAL_Driver/Src/stm32l1xx_hal_rcc.c.obj
 .debug_aranges
                0x0000000000000610      0x1d0 CMakeFiles/rc_remote.dir/Drivers/STM32L1xx_HAL_Driver/Src/stm32l1xx_hal_spi.c.obj
 .debug_aranges
                0x00000000000007e0      0x3d0 CMakeFiles/rc_remote.dir/Drivers/STM32L1xx_HAL_Driver/Src/stm32l1xx_hal_tim.c.obj
 .debug_aranges
                0x0000000000000bb0      0x200 CMakeFiles/rc_remote.dir/Drivers/STM32L1xx_HAL_Driver/Src/stm32l1xx_hal_uart.c.obj
 .debug_aranges
                0x0000000000000db0       0x28 CMakeFiles/rc_remote.dir/Drivers/startup_stm32l151xba.s.obj
 .debug_aranges
                0x0000000000000dd8      0x228 CMakeFiles/rc_remote.dir/Middlewares/Third_Party/FreeRTOS/Source/CMSIS_RTOS_V2/cmsis_os2.c.obj
 .debug_aranges
                0x0000000000001000       0x40 CMakeFiles/rc_remote.dir/Middlewares/Third_Party/FreeRTOS/Source/list.c.obj
 .debug_aranges
                0x0000000000001040       0x78 CMakeFiles/rc_remote.dir/Middlewares/Third_Party/FreeRTOS/Source/portable/GCC/ARM_CM3/port.c.obj
 .debug_aranges
                0x00000000000010b8       0x50 CMakeFiles/rc_remote.dir/Middlewares/Third_Party/FreeRTOS/Source/portable/MemMang/heap_4.c.obj
 .debug_aranges
                0x0000000000001108      0x158 CMakeFiles/rc_remote.dir/Middlewares/Third_Party/FreeRTOS/Source/queue.c.obj
 .debug_aranges
                0x0000000000001260      0x1f8 CMakeFiles/rc_remote.dir/Middlewares/Third_Party/FreeRTOS/Source/tasks.c.obj
 .debug_aranges
                0x0000000000001458       0xe0 CMakeFiles/rc_remote.dir/Middlewares/Third_Party/FreeRTOS/Source/timers.c.obj

.debug_ranges   0x0000000000000000     0x15f8
 .debug_ranges  0x0000000000000000       0x20 CMakeFiles/rc_remote.dir/Core/Src/adc.c.obj
 .debug_ranges  0x0000000000000020       0x10 CMakeFiles/rc_remote.dir/Core/Src/dma.c.obj
 .debug_ranges  0x0000000000000030       0x18 CMakeFiles/rc_remote.dir/Core/Src/freertos.c.obj
 .debug_ranges  0x0000000000000048       0x10 CMakeFiles/rc_remote.dir/Core/Src/gpio.c.obj
 .debug_ranges  0x0000000000000058       0x40 CMakeFiles/rc_remote.dir/Core/Src/main.cpp.obj
 .debug_ranges  0x0000000000000098       0x28 CMakeFiles/rc_remote.dir/Core/Src/spi.c.obj
 .debug_ranges  0x00000000000000c0       0x10 CMakeFiles/rc_remote.dir/Core/Src/stm32l1xx_hal_msp.c.obj
 .debug_ranges  0x00000000000000d0       0x20 CMakeFiles/rc_remote.dir/Core/Src/stm32l1xx_hal_timebase_tim.c.obj
 .debug_ranges  0x00000000000000f0       0x58 CMakeFiles/rc_remote.dir/Core/Src/stm32l1xx_it.c.obj
 .debug_ranges  0x0000000000000148       0x18 CMakeFiles/rc_remote.dir/Core/Src/system_stm32l1xx.c.obj
 .debug_ranges  0x0000000000000160       0x20 CMakeFiles/rc_remote.dir/Core/Src/usart.c.obj
 .debug_ranges  0x0000000000000180       0xd0 CMakeFiles/rc_remote.dir/Drivers/STM32L1xx_HAL_Driver/Src/stm32l1xx_hal.c.obj
 .debug_ranges  0x0000000000000250       0xe0 CMakeFiles/rc_remote.dir/Drivers/STM32L1xx_HAL_Driver/Src/stm32l1xx_hal_adc.c.obj
 .debug_ranges  0x0000000000000330       0xf8 CMakeFiles/rc_remote.dir/Drivers/STM32L1xx_HAL_Driver/Src/stm32l1xx_hal_cortex.c.obj
 .debug_ranges  0x0000000000000428       0x70 CMakeFiles/rc_remote.dir/Drivers/STM32L1xx_HAL_Driver/Src/stm32l1xx_hal_dma.c.obj
 .debug_ranges  0x0000000000000498       0x48 CMakeFiles/rc_remote.dir/Drivers/STM32L1xx_HAL_Driver/Src/stm32l1xx_hal_gpio.c.obj
 .debug_ranges  0x00000000000004e0       0x98 CMakeFiles/rc_remote.dir/Drivers/STM32L1xx_HAL_Driver/Src/stm32l1xx_hal_rcc.c.obj
 .debug_ranges  0x0000000000000578      0x1c0 CMakeFiles/rc_remote.dir/Drivers/STM32L1xx_HAL_Driver/Src/stm32l1xx_hal_spi.c.obj
 .debug_ranges  0x0000000000000738      0x3c0 CMakeFiles/rc_remote.dir/Drivers/STM32L1xx_HAL_Driver/Src/stm32l1xx_hal_tim.c.obj
 .debug_ranges  0x0000000000000af8      0x1f0 CMakeFiles/rc_remote.dir/Drivers/STM32L1xx_HAL_Driver/Src/stm32l1xx_hal_uart.c.obj
 .debug_ranges  0x0000000000000ce8       0x20 CMakeFiles/rc_remote.dir/Drivers/startup_stm32l151xba.s.obj
 .debug_ranges  0x0000000000000d08      0x218 CMakeFiles/rc_remote.dir/Middlewares/Third_Party/FreeRTOS/Source/CMSIS_RTOS_V2/cmsis_os2.c.obj
 .debug_ranges  0x0000000000000f20       0x30 CMakeFiles/rc_remote.dir/Middlewares/Third_Party/FreeRTOS/Source/list.c.obj
 .debug_ranges  0x0000000000000f50       0x68 CMakeFiles/rc_remote.dir/Middlewares/Third_Party/FreeRTOS/Source/portable/GCC/ARM_CM3/port.c.obj
 .debug_ranges  0x0000000000000fb8       0x40 CMakeFiles/rc_remote.dir/Middlewares/Third_Party/FreeRTOS/Source/portable/MemMang/heap_4.c.obj
 .debug_ranges  0x0000000000000ff8      0x218 CMakeFiles/rc_remote.dir/Middlewares/Third_Party/FreeRTOS/Source/queue.c.obj
 .debug_ranges  0x0000000000001210      0x318 CMakeFiles/rc_remote.dir/Middlewares/Third_Party/FreeRTOS/Source/tasks.c.obj
 .debug_ranges  0x0000000000001528       0xd0 CMakeFiles/rc_remote.dir/Middlewares/Third_Party/FreeRTOS/Source/timers.c.obj

.debug_macro    0x0000000000000000    0x18d1e
 .debug_macro   0x0000000000000000      0x1e6 CMakeFiles/rc_remote.dir/Core/Src/adc.c.obj
 .debug_macro   0x00000000000001e6      0xa66 CMakeFiles/rc_remote.dir/Core/Src/adc.c.obj
 .debug_macro   0x0000000000000c4c      0x11e CMakeFiles/rc_remote.dir/Core/Src/adc.c.obj
 .debug_macro   0x0000000000000d6a       0x2e CMakeFiles/rc_remote.dir/Core/Src/adc.c.obj
 .debug_macro   0x0000000000000d98       0x22 CMakeFiles/rc_remote.dir/Core/Src/adc.c.obj
 .debug_macro   0x0000000000000dba       0x22 CMakeFiles/rc_remote.dir/Core/Src/adc.c.obj
 .debug_macro   0x0000000000000ddc       0x8e CMakeFiles/rc_remote.dir/Core/Src/adc.c.obj
 .debug_macro   0x0000000000000e6a       0x51 CMakeFiles/rc_remote.dir/Core/Src/adc.c.obj
 .debug_macro   0x0000000000000ebb      0x103 CMakeFiles/rc_remote.dir/Core/Src/adc.c.obj
 .debug_macro   0x0000000000000fbe       0x6a CMakeFiles/rc_remote.dir/Core/Src/adc.c.obj
 .debug_macro   0x0000000000001028      0x1df CMakeFiles/rc_remote.dir/Core/Src/adc.c.obj
 .debug_macro   0x0000000000001207       0x1c CMakeFiles/rc_remote.dir/Core/Src/adc.c.obj
 .debug_macro   0x0000000000001223       0x22 CMakeFiles/rc_remote.dir/Core/Src/adc.c.obj
 .debug_macro   0x0000000000001245       0xbd CMakeFiles/rc_remote.dir/Core/Src/adc.c.obj
 .debug_macro   0x0000000000001302      0xe49 CMakeFiles/rc_remote.dir/Core/Src/adc.c.obj
 .debug_macro   0x000000000000214b      0x11f CMakeFiles/rc_remote.dir/Core/Src/adc.c.obj
 .debug_macro   0x000000000000226a     0x9b54 CMakeFiles/rc_remote.dir/Core/Src/adc.c.obj
 .debug_macro   0x000000000000bdbe       0x6d CMakeFiles/rc_remote.dir/Core/Src/adc.c.obj
 .debug_macro   0x000000000000be2b     0x34ca CMakeFiles/rc_remote.dir/Core/Src/adc.c.obj
 .debug_macro   0x000000000000f2f5      0x174 CMakeFiles/rc_remote.dir/Core/Src/adc.c.obj
 .debug_macro   0x000000000000f469       0x5b CMakeFiles/rc_remote.dir/Core/Src/adc.c.obj
 .debug_macro   0x000000000000f4c4      0xe38 CMakeFiles/rc_remote.dir/Core/Src/adc.c.obj
 .debug_macro   0x00000000000102fc       0xca CMakeFiles/rc_remote.dir/Core/Src/adc.c.obj
 .debug_macro   0x00000000000103c6      0x1b9 CMakeFiles/rc_remote.dir/Core/Src/adc.c.obj
 .debug_macro   0x000000000001057f       0xa7 CMakeFiles/rc_remote.dir/Core/Src/adc.c.obj
 .debug_macro   0x0000000000010626      0x21e CMakeFiles/rc_remote.dir/Core/Src/adc.c.obj
 .debug_macro   0x0000000000010844      0x236 CMakeFiles/rc_remote.dir/Core/Src/adc.c.obj
 .debug_macro   0x0000000000010a7a      0x631 CMakeFiles/rc_remote.dir/Core/Src/adc.c.obj
 .debug_macro   0x00000000000110ab      0x15e CMakeFiles/rc_remote.dir/Core/Src/adc.c.obj
 .debug_macro   0x0000000000011209      0x10f CMakeFiles/rc_remote.dir/Core/Src/adc.c.obj
 .debug_macro   0x0000000000011318      0x3a0 CMakeFiles/rc_remote.dir/Core/Src/adc.c.obj
 .debug_macro   0x00000000000116b8      0x1e9 CMakeFiles/rc_remote.dir/Core/Src/adc.c.obj
 .debug_macro   0x00000000000118a1       0x22 CMakeFiles/rc_remote.dir/Core/Src/adc.c.obj
 .debug_macro   0x00000000000118c3      0x217 CMakeFiles/rc_remote.dir/Core/Src/adc.c.obj
 .debug_macro   0x0000000000011ada      0x76c CMakeFiles/rc_remote.dir/Core/Src/adc.c.obj
 .debug_macro   0x0000000000012246       0x59 CMakeFiles/rc_remote.dir/Core/Src/adc.c.obj
 .debug_macro   0x000000000001229f      0x295 CMakeFiles/rc_remote.dir/Core/Src/adc.c.obj
 .debug_macro   0x0000000000012534      0x15c CMakeFiles/rc_remote.dir/Core/Src/adc.c.obj
 .debug_macro   0x0000000000012690      0x3dc CMakeFiles/rc_remote.dir/Core/Src/adc.c.obj
 .debug_macro   0x0000000000012a6c       0x88 CMakeFiles/rc_remote.dir/Core/Src/adc.c.obj
 .debug_macro   0x0000000000012af4      0x1e6 CMakeFiles/rc_remote.dir/Core/Src/dma.c.obj
 .debug_macro   0x0000000000012cda      0x303 CMakeFiles/rc_remote.dir/Core/Src/freertos.c.obj
 .debug_macro   0x0000000000012fdd      0x129 CMakeFiles/rc_remote.dir/Core/Src/freertos.c.obj
 .debug_macro   0x0000000000013106      0x15a CMakeFiles/rc_remote.dir/Core/Src/freertos.c.obj
 .debug_macro   0x0000000000013260       0xc2 CMakeFiles/rc_remote.dir/Core/Src/freertos.c.obj
 .debug_macro   0x0000000000013322       0x10 CMakeFiles/rc_remote.dir/Core/Src/freertos.c.obj
 .debug_macro   0x0000000000013332       0x1f CMakeFiles/rc_remote.dir/Core/Src/freertos.c.obj
 .debug_macro   0x0000000000013351       0x52 CMakeFiles/rc_remote.dir/Core/Src/freertos.c.obj
 .debug_macro   0x00000000000133a3       0x18 CMakeFiles/rc_remote.dir/Core/Src/freertos.c.obj
 .debug_macro   0x00000000000133bb       0x3c CMakeFiles/rc_remote.dir/Core/Src/freertos.c.obj
 .debug_macro   0x00000000000133f7       0x34 CMakeFiles/rc_remote.dir/Core/Src/freertos.c.obj
 .debug_macro   0x000000000001342b       0x16 CMakeFiles/rc_remote.dir/Core/Src/freertos.c.obj
 .debug_macro   0x0000000000013441       0x43 CMakeFiles/rc_remote.dir/Core/Src/freertos.c.obj
 .debug_macro   0x0000000000013484       0x34 CMakeFiles/rc_remote.dir/Core/Src/freertos.c.obj
 .debug_macro   0x00000000000134b8       0x10 CMakeFiles/rc_remote.dir/Core/Src/freertos.c.obj
 .debug_macro   0x00000000000134c8       0x58 CMakeFiles/rc_remote.dir/Core/Src/freertos.c.obj
 .debug_macro   0x0000000000013520       0x71 CMakeFiles/rc_remote.dir/Core/Src/freertos.c.obj
 .debug_macro   0x0000000000013591       0x1c CMakeFiles/rc_remote.dir/Core/Src/freertos.c.obj
 .debug_macro   0x00000000000135ad      0x12a CMakeFiles/rc_remote.dir/Core/Src/freertos.c.obj
 .debug_macro   0x00000000000136d7       0x10 CMakeFiles/rc_remote.dir/Core/Src/freertos.c.obj
 .debug_macro   0x00000000000136e7       0x35 CMakeFiles/rc_remote.dir/Core/Src/freertos.c.obj
 .debug_macro   0x000000000001371c      0x479 CMakeFiles/rc_remote.dir/Core/Src/freertos.c.obj
 .debug_macro   0x0000000000013b95       0xb5 CMakeFiles/rc_remote.dir/Core/Src/freertos.c.obj
 .debug_macro   0x0000000000013c4a       0x8c CMakeFiles/rc_remote.dir/Core/Src/freertos.c.obj
 .debug_macro   0x0000000000013cd6       0x5b CMakeFiles/rc_remote.dir/Core/Src/freertos.c.obj
 .debug_macro   0x0000000000013d31       0x74 CMakeFiles/rc_remote.dir/Core/Src/freertos.c.obj
 .debug_macro   0x0000000000013da5       0xdd CMakeFiles/rc_remote.dir/Core/Src/freertos.c.obj
 .debug_macro   0x0000000000013e82      0x1e6 CMakeFiles/rc_remote.dir/Core/Src/gpio.c.obj
 .debug_macro   0x0000000000014068      0x33e CMakeFiles/rc_remote.dir/Core/Src/main.cpp.obj
 .debug_macro   0x00000000000143a6      0xbf8 CMakeFiles/rc_remote.dir/Core/Src/main.cpp.obj
 .debug_macro   0x0000000000014f9e      0x17b CMakeFiles/rc_remote.dir/Core/Src/main.cpp.obj
 .debug_macro   0x0000000000015119       0x1c CMakeFiles/rc_remote.dir/Core/Src/main.cpp.obj
 .debug_macro   0x0000000000015135       0x34 CMakeFiles/rc_remote.dir/Core/Src/main.cpp.obj
 .debug_macro   0x0000000000015169       0x43 CMakeFiles/rc_remote.dir/Core/Src/main.cpp.obj
 .debug_macro   0x00000000000151ac       0x16 CMakeFiles/rc_remote.dir/Core/Src/main.cpp.obj
 .debug_macro   0x00000000000151c2       0x35 CMakeFiles/rc_remote.dir/Core/Src/main.cpp.obj
 .debug_macro   0x00000000000151f7      0xe49 CMakeFiles/rc_remote.dir/Core/Src/main.cpp.obj
 .debug_macro   0x0000000000016040      0x1e6 CMakeFiles/rc_remote.dir/Core/Src/spi.c.obj
 .debug_macro   0x0000000000016226      0x1dc CMakeFiles/rc_remote.dir/Core/Src/stm32l1xx_hal_msp.c.obj
 .debug_macro   0x0000000000016402      0x1cd CMakeFiles/rc_remote.dir/Core/Src/stm32l1xx_hal_timebase_tim.c.obj
 .debug_macro   0x00000000000165cf      0x1e6 CMakeFiles/rc_remote.dir/Core/Src/stm32l1xx_it.c.obj
 .debug_macro   0x00000000000167b5      0x1cd CMakeFiles/rc_remote.dir/Core/Src/system_stm32l1xx.c.obj
 .debug_macro   0x0000000000016982      0x1e6 CMakeFiles/rc_remote.dir/Core/Src/usart.c.obj
 .debug_macro   0x0000000000016b68      0x1f1 CMakeFiles/rc_remote.dir/Drivers/STM32L1xx_HAL_Driver/Src/stm32l1xx_hal.c.obj
 .debug_macro   0x0000000000016d59      0x1ea CMakeFiles/rc_remote.dir/Drivers/STM32L1xx_HAL_Driver/Src/stm32l1xx_hal_adc.c.obj
 .debug_macro   0x0000000000016f43      0x1cd CMakeFiles/rc_remote.dir/Drivers/STM32L1xx_HAL_Driver/Src/stm32l1xx_hal_cortex.c.obj
 .debug_macro   0x0000000000017110      0x1cd CMakeFiles/rc_remote.dir/Drivers/STM32L1xx_HAL_Driver/Src/stm32l1xx_hal_dma.c.obj
 .debug_macro   0x00000000000172dd      0x1d4 CMakeFiles/rc_remote.dir/Drivers/STM32L1xx_HAL_Driver/Src/stm32l1xx_hal_gpio.c.obj
 .debug_macro   0x00000000000174b1      0x1df CMakeFiles/rc_remote.dir/Drivers/STM32L1xx_HAL_Driver/Src/stm32l1xx_hal_rcc.c.obj
 .debug_macro   0x0000000000017690      0x1dc CMakeFiles/rc_remote.dir/Drivers/STM32L1xx_HAL_Driver/Src/stm32l1xx_hal_spi.c.obj
 .debug_macro   0x000000000001786c      0x1ce CMakeFiles/rc_remote.dir/Drivers/STM32L1xx_HAL_Driver/Src/stm32l1xx_hal_tim.c.obj
 .debug_macro   0x0000000000017a3a      0x1ce CMakeFiles/rc_remote.dir/Drivers/STM32L1xx_HAL_Driver/Src/stm32l1xx_hal_uart.c.obj
 .debug_macro   0x0000000000017c08      0x254 CMakeFiles/rc_remote.dir/Middlewares/Third_Party/FreeRTOS/Source/CMSIS_RTOS_V2/cmsis_os2.c.obj
 .debug_macro   0x0000000000017e5c       0x10 CMakeFiles/rc_remote.dir/Middlewares/Third_Party/FreeRTOS/Source/CMSIS_RTOS_V2/cmsis_os2.c.obj
 .debug_macro   0x0000000000017e6c       0x10 CMakeFiles/rc_remote.dir/Middlewares/Third_Party/FreeRTOS/Source/CMSIS_RTOS_V2/cmsis_os2.c.obj
 .debug_macro   0x0000000000017e7c       0xb7 CMakeFiles/rc_remote.dir/Middlewares/Third_Party/FreeRTOS/Source/CMSIS_RTOS_V2/cmsis_os2.c.obj